<?xml version="1.0" encoding="utf-8"?>
<TestRun id="ebf132a4-3407-45c3-a9af-126ead46f77c" name="@hwanghyeonseong-ui-MacBookAir 2026-10-02 19:22:13" xmlns="http://microsoft.com/schemas/VisualStudio/TeamTest/2010">
  <Times creation="2026-10-02T19:22:14.0401980+09:00" queuing="2026-10-02T19:22:14.0401980+09:00" start="2026-10-02T19:22:10.5313390+09:00" finish="2026-10-02T19:22:16.2171390+09:00" />
  <TestSettings name="default" id="8bdd8260-41c5-48d1-93ac-3d8ff23cf051">
    <Deployment runDeploymentRoot="_hwanghyeonseong-ui-MacBookAir_2026-10-02_19_22_13" />
  </TestSettings>
  <Results>
    <UnitTestResult executionId="cd256f00-5aff-4740-8484-0cd5994bb031" testId="12e6ef0d-4e8f-311b-ef44-f746752c5040" testName="Unfold.Tests.TimerControlTests.HomeSaveAppearsOnlyForChangesAndRejectsInvalidRawInput" computerName="hwanghyeonseong-ui-MacBookAir" duration="00:00:00.0588711" startTime="2026-10-02T19:22:15.6142000+09:00" endTime="2026-10-02T19:22:15.6731080+09:00" testType="13cdc9d9-ddb5-4fa4-a97d-d965ccfc6d4b" outcome="Passed" testListId="8c84fa94-04c1-424b-9868-57a2d4851a1d" relativeResultsDirectory="cd256f00-5aff-4740-8484-0cd5994bb031" />
    <UnitTestResult executionId="344aa9a4-3b4e-4a34-b587-f98c921f81fd" testId="cc20e5fd-76f4-d75b-816c-2a87f2bb839a" testName="Unfold.Tests.WindowControlTests.WindowButtonsMinimizeMaximizeRestoreAndCloseWithoutStoppingTheTimer" computerName="hwanghyeonseong-ui-MacBookAir" duration="00:00:00.0545312" startTime="2026-10-02T19:22:13.0366880+09:00" endTime="2026-10-02T19:22:13.0912630+09:00" testType="13cdc9d9-ddb5-4fa4-a97d-d965ccfc6d4b" outcome="Passed" testListId="8c84fa94-04c1-424b-9868-57a2d4851a1d" relativeResultsDirectory="344aa9a4-3b4e-4a34-b587-f98c921f81fd" />
    <UnitTestResult executionId="f29ca15a-a38f-4a99-acfe-83e31540d112" testId="91453cac-20f3-2c1d-e726-061532a282ad" testName="Unfold.Tests.SettingsDashboardTests.DashboardKeepsThePetAndTimerVisibleWhileOnlyDetailsScroll" computerName="hwanghyeonseong-ui-MacBookAir" duration="00:00:00.0594990" startTime="2026-10-02T19:22:14.9838720+09:00" endTime="2026-10-02T19:22:15.0434120+09:00" testType="13cdc9d9-ddb5-4fa4-a97d-d965ccfc6d4b" outcome="Passed" testListId="8c84fa94-04c1-424b-9868-57a2d4851a1d" relativeResultsDirectory="f29ca15a-a38f-4a99-acfe-83e31540d112" />
    <UnitTestResult executionId="9762d66c-ab7c-4d16-b037-8e472433ebf8" testId="951202a6-7324-ad2b-74e9-a390cc291126" testName="Unfold.Tests.TimerControlTests.HomeAndSettingsApplyPersistTheirOwnTimeValues" computerName="hwanghyeonseong-ui-MacBookAir" duration="00:00:00.1009700" startTime="2026-10-02T19:22:15.4198310+09:00" endTime="2026-10-02T19:22:15.5208370+09:00" testType="13cdc9d9-ddb5-4fa4-a97d-d965ccfc6d4b" outcome="Passed" testListId="8c84fa94-04c1-424b-9868-57a2d4851a1d" relativeResultsDirectory="9762d66c-ab7c-4d16-b037-8e472433ebf8" />
    <UnitTestResult executionId="695017a2-5f52-44b3-b00a-8acff3d1b88d" testId="027c4864-15fe-8184-0d1b-e95491349390" testName="Unfold.Tests.SettingsDashboardTests.SingleColumnTabContentIsCenteredAndStillFitsAtMinimumWidth" computerName="hwanghyeonseong-ui-MacBookAir" duration="00:00:00.2282983" startTime="2026-10-02T19:22:14.6205740+09:00" endTime="2026-10-02T19:22:14.8489270+09:00" testType="13cdc9d9-ddb5-4fa4-a97d-d965ccfc6d4b" outcome="Passed" testListId="8c84fa94-04c1-424b-9868-57a2d4851a1d" relativeResultsDirectory="695017a2-5f52-44b3-b00a-8acff3d1b88d" />
    <UnitTestResult executionId="bd372c6c-295a-4a01-b36f-837cf6f03530" testId="6f51d2e5-9584-a408-c426-c50e28ab9940" testName="Unfold.Tests.WindowControlTests.WindowButtonsAndDragRegionStayAboveTheExistingPageAtBothWindowSizes" computerName="hwanghyeonseong-ui-MacBookAir" duration="00:00:00.0715528" startTime="2026-10-02T19:22:12.9620630+09:00" endTime="2026-10-02T19:22:13.0336820+09:00" testType="13cdc9d9-ddb5-4fa4-a97d-d965ccfc6d4b" outcome="Passed" testListId="8c84fa94-04c1-424b-9868-57a2d4851a1d" relativeResultsDirectory="bd372c6c-295a-4a01-b36f-837cf6f03530" />
    <UnitTestResult executionId="f9f2c563-0287-4514-931d-9b33d4c3d375" testId="8f658fd9-df6a-ee2e-c408-6809c412c530" testName="Unfold.Tests.ThemeTests.FailedThemeSaveKeepsOldColorsAndAllowsRetry" computerName="hwanghyeonseong-ui-MacBookAir" duration="00:00:00.1760673" startTime="2026-10-02T19:22:13.1606940+09:00" endTime="2026-10-02T19:22:13.3367970+09:00" testType="13cdc9d9-ddb5-4fa4-a97d-d965ccfc6d4b" outcome="Passed" testListId="8c84fa94-04c1-424b-9868-57a2d4851a1d" relativeResultsDirectory="f9f2c563-0287-4514-931d-9b33d4c3d375" />
    <UnitTestResult executionId="7d25cf9a-8d5b-4f59-bd93-255c3aa466f7" testId="215941ed-a2c7-1757-e4d6-7fb1081900aa" testName="Unfold.Tests.WindowControlTests.RoundedOuterSurfaceReplacesTheInnerFrameAndKeepsContentBounds" computerName="hwanghyeonseong-ui-MacBookAir" duration="00:00:00.0573884" startTime="2026-10-02T19:22:13.0936810+09:00" endTime="2026-10-02T19:22:13.1511150+09:00" testType="13cdc9d9-ddb5-4fa4-a97d-d965ccfc6d4b" outcome="Passed" testListId="8c84fa94-04c1-424b-9868-57a2d4851a1d" relativeResultsDirectory="7d25cf9a-8d5b-4f59-bd93-255c3aa466f7" />
    <UnitTestResult executionId="656b8c31-8cfa-4ada-bc07-db631626f644" testId="7c8910e8-a17f-17d0-7da0-44443ff7573a" testName="Unfold.Tests.TimerControlTests.StoppedTimerStillAllowsCancellingAnActiveBreak" computerName="hwanghyeonseong-ui-MacBookAir" duration="00:00:00.0457872" startTime="2026-10-02T19:22:15.8159080+09:00" endTime="2026-10-02T19:22:15.8617270+09:00" testType="13cdc9d9-ddb5-4fa4-a97d-d965ccfc6d4b" outcome="Passed" testListId="8c84fa94-04c1-424b-9868-57a2d4851a1d" relativeResultsDirectory="656b8c31-8cfa-4ada-bc07-db631626f644" />
    <UnitTestResult executionId="475036fc-1997-445e-a2b5-3d79b281b4e2" testId="0cac221d-ed51-f3c8-84ec-679d8c89002b" testName="Unfold.Tests.SettingsDashboardTests.SpeechPreferencesApplyWhileWorkingWithoutResettingTheTimer" computerName="hwanghyeonseong-ui-MacBookAir" duration="00:00:00.1220023" startTime="2026-10-02T19:22:13.9815880+09:00" endTime="2026-10-02T19:22:14.1036300+09:00" testType="13cdc9d9-ddb5-4fa4-a97d-d965ccfc6d4b" outcome="Passed" testListId="8c84fa94-04c1-424b-9868-57a2d4851a1d" relativeResultsDirectory="475036fc-1997-445e-a2b5-3d79b281b4e2" />
    <UnitTestResult executionId="691228ab-0ed2-4c56-b6a9-55189b3aca9c" testId="9e536c7b-a81b-03d0-8767-5a45b227580b" testName="Unfold.Tests.TimerControlTests.ResetRestoresTheIntervalAndWaitsForExplicitResume" computerName="hwanghyeonseong-ui-MacBookAir" duration="00:00:00.0001488" startTime="2026-10-02T19:22:15.8137940+09:00" endTime="2026-10-02T19:22:15.8139650+09:00" testType="13cdc9d9-ddb5-4fa4-a97d-d965ccfc6d4b" outcome="Passed" testListId="8c84fa94-04c1-424b-9868-57a2d4851a1d" relativeResultsDirectory="691228ab-0ed2-4c56-b6a9-55189b3aca9c" />
    <UnitTestResult executionId="05c805de-875d-4685-a4a1-4e1c186367dc" testId="aa1574a4-855c-addd-9384-ae1ea06676d7" testName="Unfold.Tests.WindowControlTests.MacHeaderDragMovesTheWindowAndStopsOnReleaseAndCaptureLoss" computerName="hwanghyeonseong-ui-MacBookAir" duration="00:00:00.5636120" startTime="2026-10-02T19:22:12.3871480+09:00" endTime="2026-10-02T19:22:12.9546940+09:00" testType="13cdc9d9-ddb5-4fa4-a97d-d965ccfc6d4b" outcome="Passed" testListId="8c84fa94-04c1-424b-9868-57a2d4851a1d" relativeResultsDirectory="05c805de-875d-4685-a4a1-4e1c186367dc" />
    <UnitTestResult executionId="d26cfa3e-fdff-4fc2-9272-c83376aed09c" testId="359c83fb-88f8-76aa-37d9-f43b5fad5374" testName="Unfold.Tests.SettingsDashboardTests.HomeTimingApplyStaysAtTheCardTopRight" computerName="hwanghyeonseong-ui-MacBookAir" duration="00:00:00.0370925" startTime="2026-10-02T19:22:13.9420900+09:00" endTime="2026-10-02T19:22:13.9792240+09:00" testType="13cdc9d9-ddb5-4fa4-a97d-d965ccfc6d4b" outcome="Passed" testListId="8c84fa94-04c1-424b-9868-57a2d4851a1d" relativeResultsDirectory="d26cfa3e-fdff-4fc2-9272-c83376aed09c" />
    <UnitTestResult executionId="995743c1-9997-442a-8de4-b2a55cb9965b" testId="21628371-5b16-5ca7-ef84-3d60be0b1744" testName="Unfold.Tests.SettingsDashboardTests.DebugPreviewButtonsAreOptInAndDoNotChangeLiveState" computerName="hwanghyeonseong-ui-MacBookAir" duration="00:00:00.1296673" startTime="2026-10-02T19:22:14.8516320+09:00" endTime="2026-10-02T19:22:14.9813480+09:00" testType="13cdc9d9-ddb5-4fa4-a97d-d965ccfc6d4b" outcome="Passed" testListId="8c84fa94-04c1-424b-9868-57a2d4851a1d" relativeResultsDirectory="995743c1-9997-442a-8de4-b2a55cb9965b" />
    <UnitTestResult executionId="0cfdfe65-d457-4e27-8eb9-53744e4d5d77" testId="ae934a35-502d-e979-dd72-c10a489776fd" testName="Unfold.Tests.ThemeTests.AllPalettesKeepTextAndPrimaryActionsReadable" computerName="hwanghyeonseong-ui-MacBookAir" duration="00:00:00.0002935" startTime="2026-10-02T19:22:13.3419420+09:00" endTime="2026-10-02T19:22:13.3422830+09:00" testType="13cdc9d9-ddb5-4fa4-a97d-d965ccfc6d4b" outcome="Passed" testListId="8c84fa94-04c1-424b-9868-57a2d4851a1d" relativeResultsDirectory="0cfdfe65-d457-4e27-8eb9-53744e4d5d77" />
    <UnitTestResult executionId="86110bff-5741-49db-b108-c7f6d166e485" testId="23dcf263-114b-a158-d6a7-d1dea459ab37" testName="Unfold.Tests.ThemeTests.StoppedTimerColorStaysDistinctFromTheErrorColor" computerName="hwanghyeonseong-ui-MacBookAir" duration="00:00:00.0032864" startTime="2026-10-02T19:22:13.1553570+09:00" endTime="2026-10-02T19:22:13.1586730+09:00" testType="13cdc9d9-ddb5-4fa4-a97d-d965ccfc6d4b" outcome="Passed" testListId="8c84fa94-04c1-424b-9868-57a2d4851a1d" relativeResultsDirectory="86110bff-5741-49db-b108-c7f6d166e485" />
    <UnitTestResult executionId="c1c5cdd6-19a0-49c8-90b3-c0f11ee614e5" testId="084a3eb4-a73f-d6eb-d788-6a8ba36039fd" testName="Unfold.Tests.TimerControlTests.CenteredPlayerKeepsButtonSurfacesSteadyAndDimsOnlyTheInactiveCountdown" computerName="hwanghyeonseong-ui-MacBookAir" duration="00:00:00.0877086" startTime="2026-10-02T19:22:15.5231190+09:00" endTime="2026-10-02T19:22:15.6108640+09:00" testType="13cdc9d9-ddb5-4fa4-a97d-d965ccfc6d4b" outcome="Passed" testListId="8c84fa94-04c1-424b-9868-57a2d4851a1d" relativeResultsDirectory="c1c5cdd6-19a0-49c8-90b3-c0f11ee614e5" />
    <UnitTestResult executionId="2f22e4c0-72df-49bd-8eb3-fb4f733223d4" testId="5224b850-7d3d-79ce-e9ad-10e0540ef7d6" testName="Unfold.Tests.SettingsDashboardTests.PreferencesActionsStayBelowTheScrollableBodyAtBothWindowSizes" computerName="hwanghyeonseong-ui-MacBookAir" duration="00:00:00.0951943" startTime="2026-10-02T19:22:15.0482010+09:00" endTime="2026-10-02T19:22:15.1434380+09:00" testType="13cdc9d9-ddb5-4fa4-a97d-d965ccfc6d4b" outcome="Passed" testListId="8c84fa94-04c1-424b-9868-57a2d4851a1d" relativeResultsDirectory="2f22e4c0-72df-49bd-8eb3-fb4f733223d4" />
    <UnitTestResult executionId="626a4bfc-9f06-411e-b5be-c45086726208" testId="8a2fc367-1a82-8dfd-5191-99f55f762e9b" testName="Unfold.Tests.ThemeTests.ThemeChoicesUpdateExistingViewsPersistAndPreserveDraftsAndClock" computerName="hwanghyeonseong-ui-MacBookAir" duration="00:00:00.4910766" startTime="2026-10-02T19:22:13.3659910+09:00" endTime="2026-10-02T19:22:13.8571140+09:00" testType="13cdc9d9-ddb5-4fa4-a97d-d965ccfc6d4b" outcome="Passed" testListId="8c84fa94-04c1-424b-9868-57a2d4851a1d" relativeResultsDirectory="626a4bfc-9f06-411e-b5be-c45086726208" />
    <UnitTestResult executionId="1ce97260-35d8-40c5-88be-9b4230b98ef9" testId="9267060e-fa60-ec85-7b01-8974887812f9" testName="Unfold.Tests.ResponsiveLayoutTests.CompactDashboardScrollsToEveryCardAndPreservesEditedControls" computerName="hwanghyeonseong-ui-MacBookAir" duration="00:00:00.0813540" startTime="2026-10-02T19:22:15.8640960+09:00" endTime="2026-10-02T19:22:15.9454920+09:00" testType="13cdc9d9-ddb5-4fa4-a97d-d965ccfc6d4b" outcome="Passed" testListId="8c84fa94-04c1-424b-9868-57a2d4851a1d" relativeResultsDirectory="1ce97260-35d8-40c5-88be-9b4230b98ef9" />
    <UnitTestResult executionId="7b3f7242-8270-4325-a106-4bd43434a1c9" testId="e4edc4ba-f57c-2eb9-4648-4171c539c076" testName="Unfold.Tests.SettingsDashboardTests.ResizingPreservesTimerDraftsAndLegacyRoutineData" computerName="hwanghyeonseong-ui-MacBookAir" duration="00:00:00.1438396" startTime="2026-10-02T19:22:14.1793650+09:00" endTime="2026-10-02T19:22:14.3232360+09:00" testType="13cdc9d9-ddb5-4fa4-a97d-d965ccfc6d4b" outcome="Passed" testListId="8c84fa94-04c1-424b-9868-57a2d4851a1d" relativeResultsDirectory="7b3f7242-8270-4325-a106-4bd43434a1c9" />
    <UnitTestResult executionId="d4ca1413-bfed-4975-8fe1-117d8021a926" testId="a3f638f9-27a4-1712-721b-822dafb3d4d8" testName="Unfold.Tests.SettingsDashboardTests.LongPetNameAndSaveFailureKeepHomeActionsInsideTheirCards" computerName="hwanghyeonseong-ui-MacBookAir" duration="00:00:00.0466781" startTime="2026-10-02T19:22:14.3259110+09:00" endTime="2026-10-02T19:22:14.3726280+09:00" testType="13cdc9d9-ddb5-4fa4-a97d-d965ccfc6d4b" outcome="Passed" testListId="8c84fa94-04c1-424b-9868-57a2d4851a1d" relativeResultsDirectory="d4ca1413-bfed-4975-8fe1-117d8021a926" />
    <UnitTestResult executionId="0dc4a6b6-5943-4593-b72e-65d471959018" testId="7b09609b-3ad0-e9ad-f18d-4a37165d4051" testName="Unfold.Tests.TimerControlTests.IconButtonsControlTheClockHaveLabelsAndFitAtMinimumSize" computerName="hwanghyeonseong-ui-MacBookAir" duration="00:00:00.0780145" startTime="2026-10-02T19:22:15.2847090+09:00" endTime="2026-10-02T19:22:15.3627690+09:00" testType="13cdc9d9-ddb5-4fa4-a97d-d965ccfc6d4b" outcome="Passed" testListId="8c84fa94-04c1-424b-9868-57a2d4851a1d" relativeResultsDirectory="0dc4a6b6-5943-4593-b72e-65d471959018" />
    <UnitTestResult executionId="049e8e98-04b9-4514-af7b-2122c870da2a" testId="d9b46d26-d82d-8b9e-c081-db48f531051f" testName="Unfold.Tests.SettingsDashboardTests.SidebarUsesInWindowTabsAndReturnsFocusToTheTimer" computerName="hwanghyeonseong-ui-MacBookAir" duration="00:00:00.1359878" startTime="2026-10-02T19:22:15.1458240+09:00" endTime="2026-10-02T19:22:15.2818540+09:00" testType="13cdc9d9-ddb5-4fa4-a97d-d965ccfc6d4b" outcome="Passed" testListId="8c84fa94-04c1-424b-9868-57a2d4851a1d" relativeResultsDirectory="049e8e98-04b9-4514-af7b-2122c870da2a" />
    <UnitTestResult executionId="1209269f-f829-4605-a4e6-0318c331ed15" testId="88eee16b-7c1d-182a-494a-ee157da8eddc" testName="Unfold.Tests.SettingsDashboardTests.PetPagePreservesDraftAcrossTabsAndSidebarNavigation" computerName="hwanghyeonseong-ui-MacBookAir" duration="00:00:00.2426247" startTime="2026-10-02T19:22:14.3749040+09:00" endTime="2026-10-02T19:22:14.6175880+09:00" testType="13cdc9d9-ddb5-4fa4-a97d-d965ccfc6d4b" outcome="Passed" testListId="8c84fa94-04c1-424b-9868-57a2d4851a1d" relativeResultsDirectory="1209269f-f829-4605-a4e6-0318c331ed15" />
    <UnitTestResult executionId="2b35ebeb-29d2-4e55-8ec4-d38805a10323" testId="01ee9b61-b23d-9b4e-0889-7262325dd123" testName="Unfold.Tests.TimerControlTests.TypedIntervalWaitsForApplyAndKeepsTheNewValuePaused" computerName="hwanghyeonseong-ui-MacBookAir" duration="00:00:00.0670128" startTime="2026-10-02T19:22:15.7461350+09:00" endTime="2026-10-02T19:22:15.8131860+09:00" testType="13cdc9d9-ddb5-4fa4-a97d-d965ccfc6d4b" outcome="Passed" testListId="8c84fa94-04c1-424b-9868-57a2d4851a1d" relativeResultsDirectory="2b35ebeb-29d2-4e55-8ec4-d38805a10323" />
    <UnitTestResult executionId="f56b62ac-d7fc-4003-8f06-0775a2f7d534" testId="00b18a7f-fdfc-56af-71fa-d0f4e7f473d0" testName="Unfold.Tests.TimerControlTests.RunningTimerLocksIntervalAndPausedTimerAppliesOneMinuteStepsExplicitly" computerName="hwanghyeonseong-ui-MacBookAir" duration="00:00:00.0675888" startTime="2026-10-02T19:22:15.6755770+09:00" endTime="2026-10-02T19:22:15.7432040+09:00" testType="13cdc9d9-ddb5-4fa4-a97d-d965ccfc6d4b" outcome="Passed" testListId="8c84fa94-04c1-424b-9868-57a2d4851a1d" relativeResultsDirectory="f56b62ac-d7fc-4003-8f06-0775a2f7d534" />
    <UnitTestResult executionId="cc6a3de2-bad7-44c0-bd6a-c22f275c8616" testId="b44e6f25-af2f-7059-5b0f-65daca28c9fa" testName="Unfold.Tests.ThemeTests.MissingLegacyAndUnknownThemesUseLilacWithoutLosingSettings" computerName="hwanghyeonseong-ui-MacBookAir" duration="00:00:00.0210920" startTime="2026-10-02T19:22:13.3425280+09:00" endTime="2026-10-02T19:22:13.3636480+09:00" testType="13cdc9d9-ddb5-4fa4-a97d-d965ccfc6d4b" outcome="Passed" testListId="8c84fa94-04c1-424b-9868-57a2d4851a1d" relativeResultsDirectory="cc6a3de2-bad7-44c0-bd6a-c22f275c8616" />
    <UnitTestResult executionId="849ad00b-e9a5-47a5-acff-a89dfe9648c4" testId="619c159c-b18a-3e2d-05bd-7f1596a7d15d" testName="Unfold.Tests.SettingsDashboardTests.PetScaleSitsAboveThePickerAndPersistsWithoutLegendLabels" computerName="hwanghyeonseong-ui-MacBookAir" duration="00:00:00.0788394" startTime="2026-10-02T19:22:13.8604390+09:00" endTime="2026-10-02T19:22:13.9393230+09:00" testType="13cdc9d9-ddb5-4fa4-a97d-d965ccfc6d4b" outcome="Passed" testListId="8c84fa94-04c1-424b-9868-57a2d4851a1d" relativeResultsDirectory="849ad00b-e9a5-47a5-acff-a89dfe9648c4" />
    <UnitTestResult executionId="13569bcc-3316-4a52-a540-94ac301117cc" testId="0c34b5ba-c22c-3277-c877-8b3d199e187a" testName="Unfold.Tests.ResponsiveLayoutTests.AllTabsFitSmallWindowsAndResizingPreservesPreferencesAndPetDrafts" computerName="hwanghyeonseong-ui-MacBookAir" duration="00:00:00.2288885" startTime="2026-10-02T19:22:15.9476920+09:00" endTime="2026-10-02T19:22:16.1766250+09:00" testType="13cdc9d9-ddb5-4fa4-a97d-d965ccfc6d4b" outcome="Passed" testListId="8c84fa94-04c1-424b-9868-57a2d4851a1d" relativeResultsDirectory="13569bcc-3316-4a52-a540-94ac301117cc" />
    <UnitTestResult executionId="d5e438dc-a5d3-4816-ab4f-3a79cd26868d" testId="8b4e77d3-dc13-cf4f-dc52-19495c248c0e" testName="Unfold.Tests.SettingsDashboardTests.HomeSeparatesAllSixTimerStateTitlesWithoutHelperCopy" computerName="hwanghyeonseong-ui-MacBookAir" duration="00:00:00.0678489" startTime="2026-10-02T19:22:14.1087710+09:00" endTime="2026-10-02T19:22:14.1766550+09:00" testType="13cdc9d9-ddb5-4fa4-a97d-d965ccfc6d4b" outcome="Passed" testListId="8c84fa94-04c1-424b-9868-57a2d4851a1d" relativeResultsDirectory="d5e438dc-a5d3-4816-ab4f-3a79cd26868d" />
    <UnitTestResult executionId="5b320ed7-4211-4434-890f-bfe62a77b7b1" testId="3a2af169-e713-8536-c332-39844e2d8081" testName="Unfold.Tests.TimerControlTests.RuntimeRejectsIntervalChangesWhileRunningAndAllowsThemWhilePaused" computerName="hwanghyeonseong-ui-MacBookAir" duration="00:00:00.0483783" startTime="2026-10-02T19:22:15.3692690+09:00" endTime="2026-10-02T19:22:15.4176780+09:00" testType="13cdc9d9-ddb5-4fa4-a97d-d965ccfc6d4b" outcome="Passed" testListId="8c84fa94-04c1-424b-9868-57a2d4851a1d" relativeResultsDirectory="5b320ed7-4211-4434-890f-bfe62a77b7b1" />
    <UnitTestResult executionId="d2623c7f-2d27-4379-852a-01ee06a1e144" testId="94881387-6a93-1baf-6c8a-8401766206eb" testName="Unfold.Tests.TimerControlTests.StopPauseAndResetHaveDistinctResumeBehavior" computerName="hwanghyeonseong-ui-MacBookAir" duration="00:00:00.0002212" startTime="2026-10-02T19:22:15.7440090+09:00" endTime="2026-10-02T19:22:15.7442500+09:00" testType="13cdc9d9-ddb5-4fa4-a97d-d965ccfc6d4b" outcome="Passed" testListId="8c84fa94-04c1-424b-9868-57a2d4851a1d" relativeResultsDirectory="d2623c7f-2d27-4379-852a-01ee06a1e144" />
  </Results>
  <TestDefinitions>
    <UnitTest name="Unfold.Tests.ThemeTests.ThemeChoicesUpdateExistingViewsPersistAndPreserveDraftsAndClock" storage="/users/hwanghyeonseong/.codex/worktrees/6bca/unfold/tests/unfold.tests/bin/release/net10.0/unfold.tests.dll" id="8a2fc367-1a82-8dfd-5191-99f55f762e9b">
      <Execution id="626a4bfc-9f06-411e-b5be-c45086726208" />
      <TestMethod codeBase="/Users/hwanghyeonseong/.codex/worktrees/6bca/Unfold/Tests/Unfold.Tests/bin/Release/net10.0/Unfold.Tests.dll" adapterTypeName="executor://xunit/VsTestRunner3/netcore/" className="Unfold.Tests.ThemeTests" name="ThemeChoicesUpdateExistingViewsPersistAndPreserveDraftsAndClock" />
    </UnitTest>
    <UnitTest name="Unfold.Tests.SettingsDashboardTests.SidebarUsesInWindowTabsAndReturnsFocusToTheTimer" storage="/users/hwanghyeonseong/.codex/worktrees/6bca/unfold/tests/unfold.tests/bin/release/net10.0/unfold.tests.dll" id="d9b46d26-d82d-8b9e-c081-db48f531051f">
      <Execution id="049e8e98-04b9-4514-af7b-2122c870da2a" />
      <TestMethod codeBase="/Users/hwanghyeonseong/.codex/worktrees/6bca/Unfold/Tests/Unfold.Tests/bin/Release/net10.0/Unfold.Tests.dll" adapterTypeName="executor://xunit/VsTestRunner3/netcore/" className="Unfold.Tests.SettingsDashboardTests" name="SidebarUsesInWindowTabsAndReturnsFocusToTheTimer" />
    </UnitTest>
    <UnitTest name="Unfold.Tests.SettingsDashboardTests.DashboardKeepsThePetAndTimerVisibleWhileOnlyDetailsScroll" storage="/users/hwanghyeonseong/.codex/worktrees/6bca/unfold/tests/unfold.tests/bin/release/net10.0/unfold.tests.dll" id="91453cac-20f3-2c1d-e726-061532a282ad">
      <Execution id="f29ca15a-a38f-4a99-acfe-83e31540d112" />
      <TestMethod codeBase="/Users/hwanghyeonseong/.codex/worktrees/6bca/Unfold/Tests/Unfold.Tests/bin/Release/net10.0/Unfold.Tests.dll" adapterTypeName="executor://xunit/VsTestRunner3/netcore/" className="Unfold.Tests.SettingsDashboardTests" name="DashboardKeepsThePetAndTimerVisibleWhileOnlyDetailsScroll" />
    </UnitTest>
    <UnitTest name="Unfold.Tests.TimerControlTests.StopPauseAndResetHaveDistinctResumeBehavior" storage="/users/hwanghyeonseong/.codex/worktrees/6bca/unfold/tests/unfold.tests/bin/release/net10.0/unfold.tests.dll" id="94881387-6a93-1baf-6c8a-8401766206eb">
      <Execution id="d2623c7f-2d27-4379-852a-01ee06a1e144" />
      <TestMethod codeBase="/Users/hwanghyeonseong/.codex/worktrees/6bca/Unfold/Tests/Unfold.Tests/bin/Release/net10.0/Unfold.Tests.dll" adapterTypeName="executor://xunit/VsTestRunner3/netcore/" className="Unfold.Tests.TimerControlTests" name="StopPauseAndResetHaveDistinctResumeBehavior" />
    </UnitTest>
    <UnitTest name="Unfold.Tests.SettingsDashboardTests.SpeechPreferencesApplyWhileWorkingWithoutResettingTheTimer" storage="/users/hwanghyeonseong/.codex/worktrees/6bca/unfold/tests/unfold.tests/bin/release/net10.0/unfold.tests.dll" id="0cac221d-ed51-f3c8-84ec-679d8c89002b">
      <Execution id="475036fc-1997-445e-a2b5-3d79b281b4e2" />
      <TestMethod codeBase="/Users/hwanghyeonseong/.codex/worktrees/6bca/Unfold/Tests/Unfold.Tests/bin/Release/net10.0/Unfold.Tests.dll" adapterTypeName="executor://xunit/VsTestRunner3/netcore/" className="Unfold.Tests.SettingsDashboardTests" name="SpeechPreferencesApplyWhileWorkingWithoutResettingTheTimer" />
    </UnitTest>
    <UnitTest name="Unfold.Tests.TimerControlTests.HomeAndSettingsApplyPersistTheirOwnTimeValues" storage="/users/hwanghyeonseong/.codex/worktrees/6bca/unfold/tests/unfold.tests/bin/release/net10.0/unfold.tests.dll" id="951202a6-7324-ad2b-74e9-a390cc291126">
      <Execution id="9762d66c-ab7c-4d16-b037-8e472433ebf8" />
      <TestMethod codeBase="/Users/hwanghyeonseong/.codex/worktrees/6bca/Unfold/Tests/Unfold.Tests/bin/Release/net10.0/Unfold.Tests.dll" adapterTypeName="executor://xunit/VsTestRunner3/netcore/" className="Unfold.Tests.TimerControlTests" name="HomeAndSettingsApplyPersistTheirOwnTimeValues" />
    </UnitTest>
    <UnitTest name="Unfold.Tests.SettingsDashboardTests.HomeTimingApplyStaysAtTheCardTopRight" storage="/users/hwanghyeonseong/.codex/worktrees/6bca/unfold/tests/unfold.tests/bin/release/net10.0/unfold.tests.dll" id="359c83fb-88f8-76aa-37d9-f43b5fad5374">
      <Execution id="d26cfa3e-fdff-4fc2-9272-c83376aed09c" />
      <TestMethod codeBase="/Users/hwanghyeonseong/.codex/worktrees/6bca/Unfold/Tests/Unfold.Tests/bin/Release/net10.0/Unfold.Tests.dll" adapterTypeName="executor://xunit/VsTestRunner3/netcore/" className="Unfold.Tests.SettingsDashboardTests" name="HomeTimingApplyStaysAtTheCardTopRight" />
    </UnitTest>
    <UnitTest name="Unfold.Tests.SettingsDashboardTests.PetScaleSitsAboveThePickerAndPersistsWithoutLegendLabels" storage="/users/hwanghyeonseong/.codex/worktrees/6bca/unfold/tests/unfold.tests/bin/release/net10.0/unfold.tests.dll" id="619c159c-b18a-3e2d-05bd-7f1596a7d15d">
      <Execution id="849ad00b-e9a5-47a5-acff-a89dfe9648c4" />
      <TestMethod codeBase="/Users/hwanghyeonseong/.codex/worktrees/6bca/Unfold/Tests/Unfold.Tests/bin/Release/net10.0/Unfold.Tests.dll" adapterTypeName="executor://xunit/VsTestRunner3/netcore/" className="Unfold.Tests.SettingsDashboardTests" name="PetScaleSitsAboveThePickerAndPersistsWithoutLegendLabels" />
    </UnitTest>
    <UnitTest name="Unfold.Tests.TimerControlTests.RuntimeRejectsIntervalChangesWhileRunningAndAllowsThemWhilePaused" storage="/users/hwanghyeonseong/.codex/worktrees/6bca/unfold/tests/unfold.tests/bin/release/net10.0/unfold.tests.dll" id="3a2af169-e713-8536-c332-39844e2d8081">
      <Execution id="5b320ed7-4211-4434-890f-bfe62a77b7b1" />
      <TestMethod codeBase="/Users/hwanghyeonseong/.codex/worktrees/6bca/Unfold/Tests/Unfold.Tests/bin/Release/net10.0/Unfold.Tests.dll" adapterTypeName="executor://xunit/VsTestRunner3/netcore/" className="Unfold.Tests.TimerControlTests" name="RuntimeRejectsIntervalChangesWhileRunningAndAllowsThemWhilePaused" />
    </UnitTest>
    <UnitTest name="Unfold.Tests.TimerControlTests.RunningTimerLocksIntervalAndPausedTimerAppliesOneMinuteStepsExplicitly" storage="/users/hwanghyeonseong/.codex/worktrees/6bca/unfold/tests/unfold.tests/bin/release/net10.0/unfold.tests.dll" id="00b18a7f-fdfc-56af-71fa-d0f4e7f473d0">
      <Execution id="f56b62ac-d7fc-4003-8f06-0775a2f7d534" />
      <TestMethod codeBase="/Users/hwanghyeonseong/.codex/worktrees/6bca/Unfold/Tests/Unfold.Tests/bin/Release/net10.0/Unfold.Tests.dll" adapterTypeName="executor://xunit/VsTestRunner3/netcore/" className="Unfold.Tests.TimerControlTests" name="RunningTimerLocksIntervalAndPausedTimerAppliesOneMinuteStepsExplicitly" />
    </UnitTest>
    <UnitTest name="Unfold.Tests.WindowControlTests.WindowButtonsAndDragRegionStayAboveTheExistingPageAtBothWindowSizes" storage="/users/hwanghyeonseong/.codex/worktrees/6bca/unfold/tests/unfold.tests/bin/release/net10.0/unfold.tests.dll" id="6f51d2e5-9584-a408-c426-c50e28ab9940">
      <Execution id="bd372c6c-295a-4a01-b36f-837cf6f03530" />
      <TestMethod codeBase="/Users/hwanghyeonseong/.codex/worktrees/6bca/Unfold/Tests/Unfold.Tests/bin/Release/net10.0/Unfold.Tests.dll" adapterTypeName="executor://xunit/VsTestRunner3/netcore/" className="Unfold.Tests.WindowControlTests" name="WindowButtonsAndDragRegionStayAboveTheExistingPageAtBothWindowSizes" />
    </UnitTest>
    <UnitTest name="Unfold.Tests.TimerControlTests.IconButtonsControlTheClockHaveLabelsAndFitAtMinimumSize" storage="/users/hwanghyeonseong/.codex/worktrees/6bca/unfold/tests/unfold.tests/bin/release/net10.0/unfold.tests.dll" id="7b09609b-3ad0-e9ad-f18d-4a37165d4051">
      <Execution id="0dc4a6b6-5943-4593-b72e-65d471959018" />
      <TestMethod codeBase="/Users/hwanghyeonseong/.codex/worktrees/6bca/Unfold/Tests/Unfold.Tests/bin/Release/net10.0/Unfold.Tests.dll" adapterTypeName="executor://xunit/VsTestRunner3/netcore/" className="Unfold.Tests.TimerControlTests" name="IconButtonsControlTheClockHaveLabelsAndFitAtMinimumSize" />
    </UnitTest>
    <UnitTest name="Unfold.Tests.ThemeTests.AllPalettesKeepTextAndPrimaryActionsReadable" storage="/users/hwanghyeonseong/.codex/worktrees/6bca/unfold/tests/unfold.tests/bin/release/net10.0/unfold.tests.dll" id="ae934a35-502d-e979-dd72-c10a489776fd">
      <Execution id="0cfdfe65-d457-4e27-8eb9-53744e4d5d77" />
      <TestMethod codeBase="/Users/hwanghyeonseong/.codex/worktrees/6bca/Unfold/Tests/Unfold.Tests/bin/Release/net10.0/Unfold.Tests.dll" adapterTypeName="executor://xunit/VsTestRunner3/netcore/" className="Unfold.Tests.ThemeTests" name="AllPalettesKeepTextAndPrimaryActionsReadable" />
    </UnitTest>
    <UnitTest name="Unfold.Tests.WindowControlTests.RoundedOuterSurfaceReplacesTheInnerFrameAndKeepsContentBounds" storage="/users/hwanghyeonseong/.codex/worktrees/6bca/unfold/tests/unfold.tests/bin/release/net10.0/unfold.tests.dll" id="215941ed-a2c7-1757-e4d6-7fb1081900aa">
      <Execution id="7d25cf9a-8d5b-4f59-bd93-255c3aa466f7" />
      <TestMethod codeBase="/Users/hwanghyeonseong/.codex/worktrees/6bca/Unfold/Tests/Unfold.Tests/bin/Release/net10.0/Unfold.Tests.dll" adapterTypeName="executor://xunit/VsTestRunner3/netcore/" className="Unfold.Tests.WindowControlTests" name="RoundedOuterSurfaceReplacesTheInnerFrameAndKeepsContentBounds" />
    </UnitTest>
    <UnitTest name="Unfold.Tests.TimerControlTests.HomeSaveAppearsOnlyForChangesAndRejectsInvalidRawInput" storage="/users/hwanghyeonseong/.codex/worktrees/6bca/unfold/tests/unfold.tests/bin/release/net10.0/unfold.tests.dll" id="12e6ef0d-4e8f-311b-ef44-f746752c5040">
      <Execution id="cd256f00-5aff-4740-8484-0cd5994bb031" />
      <TestMethod codeBase="/Users/hwanghyeonseong/.codex/worktrees/6bca/Unfold/Tests/Unfold.Tests/bin/Release/net10.0/Unfold.Tests.dll" adapterTypeName="executor://xunit/VsTestRunner3/netcore/" className="Unfold.Tests.TimerControlTests" name="HomeSaveAppearsOnlyForChangesAndRejectsInvalidRawInput" />
    </UnitTest>
    <UnitTest name="Unfold.Tests.TimerControlTests.CenteredPlayerKeepsButtonSurfacesSteadyAndDimsOnlyTheInactiveCountdown" storage="/users/hwanghyeonseong/.codex/worktrees/6bca/unfold/tests/unfold.tests/bin/release/net10.0/unfold.tests.dll" id="084a3eb4-a73f-d6eb-d788-6a8ba36039fd">
      <Execution id="c1c5cdd6-19a0-49c8-90b3-c0f11ee614e5" />
      <TestMethod codeBase="/Users/hwanghyeonseong/.codex/worktrees/6bca/Unfold/Tests/Unfold.Tests/bin/Release/net10.0/Unfold.Tests.dll" adapterTypeName="executor://xunit/VsTestRunner3/netcore/" className="Unfold.Tests.TimerControlTests" name="CenteredPlayerKeepsButtonSurfacesSteadyAndDimsOnlyTheInactiveCountdown" />
    </UnitTest>
    <UnitTest name="Unfold.Tests.ResponsiveLayoutTests.AllTabsFitSmallWindowsAndResizingPreservesPreferencesAndPetDrafts" storage="/users/hwanghyeonseong/.codex/worktrees/6bca/unfold/tests/unfold.tests/bin/release/net10.0/unfold.tests.dll" id="0c34b5ba-c22c-3277-c877-8b3d199e187a">
      <Execution id="13569bcc-3316-4a52-a540-94ac301117cc" />
      <TestMethod codeBase="/Users/hwanghyeonseong/.codex/worktrees/6bca/Unfold/Tests/Unfold.Tests/bin/Release/net10.0/Unfold.Tests.dll" adapterTypeName="executor://xunit/VsTestRunner3/netcore/" className="Unfold.Tests.ResponsiveLayoutTests" name="AllTabsFitSmallWindowsAndResizingPreservesPreferencesAndPetDrafts" />
    </UnitTest>
    <UnitTest name="Unfold.Tests.TimerControlTests.ResetRestoresTheIntervalAndWaitsForExplicitResume" storage="/users/hwanghyeonseong/.codex/worktrees/6bca/unfold/tests/unfold.tests/bin/release/net10.0/unfold.tests.dll" id="9e536c7b-a81b-03d0-8767-5a45b227580b">
      <Execution id="691228ab-0ed2-4c56-b6a9-55189b3aca9c" />
      <TestMethod codeBase="/Users/hwanghyeonseong/.codex/worktrees/6bca/Unfold/Tests/Unfold.Tests/bin/Release/net10.0/Unfold.Tests.dll" adapterTypeName="executor://xunit/VsTestRunner3/netcore/" className="Unfold.Tests.TimerControlTests" name="ResetRestoresTheIntervalAndWaitsForExplicitResume" />
    </UnitTest>
    <UnitTest name="Unfold.Tests.TimerControlTests.StoppedTimerStillAllowsCancellingAnActiveBreak" storage="/users/hwanghyeonseong/.codex/worktrees/6bca/unfold/tests/unfold.tests/bin/release/net10.0/unfold.tests.dll" id="7c8910e8-a17f-17d0-7da0-44443ff7573a">
      <Execution id="656b8c31-8cfa-4ada-bc07-db631626f644" />
      <TestMethod codeBase="/Users/hwanghyeonseong/.codex/worktrees/6bca/Unfold/Tests/Unfold.Tests/bin/Release/net10.0/Unfold.Tests.dll" adapterTypeName="executor://xunit/VsTestRunner3/netcore/" className="Unfold.Tests.TimerControlTests" name="StoppedTimerStillAllowsCancellingAnActiveBreak" />
    </UnitTest>
    <UnitTest name="Unfold.Tests.ThemeTests.FailedThemeSaveKeepsOldColorsAndAllowsRetry" storage="/users/hwanghyeonseong/.codex/worktrees/6bca/unfold/tests/unfold.tests/bin/release/net10.0/unfold.tests.dll" id="8f658fd9-df6a-ee2e-c408-6809c412c530">
      <Execution id="f9f2c563-0287-4514-931d-9b33d4c3d375" />
      <TestMethod codeBase="/Users/hwanghyeonseong/.codex/worktrees/6bca/Unfold/Tests/Unfold.Tests/bin/Release/net10.0/Unfold.Tests.dll" adapterTypeName="executor://xunit/VsTestRunner3/netcore/" className="Unfold.Tests.ThemeTests" name="FailedThemeSaveKeepsOldColorsAndAllowsRetry" />
    </UnitTest>
    <UnitTest name="Unfold.Tests.ThemeTests.StoppedTimerColorStaysDistinctFromTheErrorColor" storage="/users/hwanghyeonseong/.codex/worktrees/6bca/unfold/tests/unfold.tests/bin/release/net10.0/unfold.tests.dll" id="23dcf263-114b-a158-d6a7-d1dea459ab37">
      <Execution id="86110bff-5741-49db-b108-c7f6d166e485" />
      <TestMethod codeBase="/Users/hwanghyeonseong/.codex/worktrees/6bca/Unfold/Tests/Unfold.Tests/bin/Release/net10.0/Unfold.Tests.dll" adapterTypeName="executor://xunit/VsTestRunner3/netcore/" className="Unfold.Tests.ThemeTests" name="StoppedTimerColorStaysDistinctFromTheErrorColor" />
    </UnitTest>
    <UnitTest name="Unfold.Tests.SettingsDashboardTests.PetPagePreservesDraftAcrossTabsAndSidebarNavigation" storage="/users/hwanghyeonseong/.codex/worktrees/6bca/unfold/tests/unfold.tests/bin/release/net10.0/unfold.tests.dll" id="88eee16b-7c1d-182a-494a-ee157da8eddc">
      <Execution id="1209269f-f829-4605-a4e6-0318c331ed15" />
      <TestMethod codeBase="/Users/hwanghyeonseong/.codex/worktrees/6bca/Unfold/Tests/Unfold.Tests/bin/Release/net10.0/Unfold.Tests.dll" adapterTypeName="executor://xunit/VsTestRunner3/netcore/" className="Unfold.Tests.SettingsDashboardTests" name="PetPagePreservesDraftAcrossTabsAndSidebarNavigation" />
    </UnitTest>
    <UnitTest name="Unfold.Tests.SettingsDashboardTests.ResizingPreservesTimerDraftsAndLegacyRoutineData" storage="/users/hwanghyeonseong/.codex/worktrees/6bca/unfold/tests/unfold.tests/bin/release/net10.0/unfold.tests.dll" id="e4edc4ba-f57c-2eb9-4648-4171c539c076">
      <Execution id="7b3f7242-8270-4325-a106-4bd43434a1c9" />
      <TestMethod codeBase="/Users/hwanghyeonseong/.codex/worktrees/6bca/Unfold/Tests/Unfold.Tests/bin/Release/net10.0/Unfold.Tests.dll" adapterTypeName="executor://xunit/VsTestRunner3/netcore/" className="Unfold.Tests.SettingsDashboardTests" name="ResizingPreservesTimerDraftsAndLegacyRoutineData" />
    </UnitTest>
    <UnitTest name="Unfold.Tests.ThemeTests.MissingLegacyAndUnknownThemesUseLilacWithoutLosingSettings" storage="/users/hwanghyeonseong/.codex/worktrees/6bca/unfold/tests/unfold.tests/bin/release/net10.0/unfold.tests.dll" id="b44e6f25-af2f-7059-5b0f-65daca28c9fa">
      <Execution id="cc6a3de2-bad7-44c0-bd6a-c22f275c8616" />
      <TestMethod codeBase="/Users/hwanghyeonseong/.codex/worktrees/6bca/Unfold/Tests/Unfold.Tests/bin/Release/net10.0/Unfold.Tests.dll" adapterTypeName="executor://xunit/VsTestRunner3/netcore/" className="Unfold.Tests.ThemeTests" name="MissingLegacyAndUnknownThemesUseLilacWithoutLosingSettings" />
    </UnitTest>
    <UnitTest name="Unfold.Tests.SettingsDashboardTests.PreferencesActionsStayBelowTheScrollableBodyAtBothWindowSizes" storage="/users/hwanghyeonseong/.codex/worktrees/6bca/unfold/tests/unfold.tests/bin/release/net10.0/unfold.tests.dll" id="5224b850-7d3d-79ce-e9ad-10e0540ef7d6">
      <Execution id="2f22e4c0-72df-49bd-8eb3-fb4f733223d4" />
      <TestMethod codeBase="/Users/hwanghyeonseong/.codex/worktrees/6bca/Unfold/Tests/Unfold.Tests/bin/Release/net10.0/Unfold.Tests.dll" adapterTypeName="executor://xunit/VsTestRunner3/netcore/" className="Unfold.Tests.SettingsDashboardTests" name="PreferencesActionsStayBelowTheScrollableBodyAtBothWindowSizes" />
    </UnitTest>
    <UnitTest name="Unfold.Tests.WindowControlTests.WindowButtonsMinimizeMaximizeRestoreAndCloseWithoutStoppingTheTimer" storage="/users/hwanghyeonseong/.codex/worktrees/6bca/unfold/tests/unfold.tests/bin/release/net10.0/unfold.tests.dll" id="cc20e5fd-76f4-d75b-816c-2a87f2bb839a">
      <Execution id="344aa9a4-3b4e-4a34-b587-f98c921f81fd" />
      <TestMethod codeBase="/Users/hwanghyeonseong/.codex/worktrees/6bca/Unfold/Tests/Unfold.Tests/bin/Release/net10.0/Unfold.Tests.dll" adapterTypeName="executor://xunit/VsTestRunner3/netcore/" className="Unfold.Tests.WindowControlTests" name="WindowButtonsMinimizeMaximizeRestoreAndCloseWithoutStoppingTheTimer" />
    </UnitTest>
    <UnitTest name="Unfold.Tests.SettingsDashboardTests.LongPetNameAndSaveFailureKeepHomeActionsInsideTheirCards" storage="/users/hwanghyeonseong/.codex/worktrees/6bca/unfold/tests/unfold.tests/bin/release/net10.0/unfold.tests.dll" id="a3f638f9-27a4-1712-721b-822dafb3d4d8">
      <Execution id="d4ca1413-bfed-4975-8fe1-117d8021a926" />
      <TestMethod codeBase="/Users/hwanghyeonseong/.codex/worktrees/6bca/Unfold/Tests/Unfold.Tests/bin/Release/net10.0/Unfold.Tests.dll" adapterTypeName="executor://xunit/VsTestRunner3/netcore/" className="Unfold.Tests.SettingsDashboardTests" name="LongPetNameAndSaveFailureKeepHomeActionsInsideTheirCards" />
    </UnitTest>
    <UnitTest name="Unfold.Tests.ResponsiveLayoutTests.CompactDashboardScrollsToEveryCardAndPreservesEditedControls" storage="/users/hwanghyeonseong/.codex/worktrees/6bca/unfold/tests/unfold.tests/bin/release/net10.0/unfold.tests.dll" id="9267060e-fa60-ec85-7b01-8974887812f9">
      <Execution id="1ce97260-35d8-40c5-88be-9b4230b98ef9" />
      <TestMethod codeBase="/Users/hwanghyeonseong/.codex/worktrees/6bca/Unfold/Tests/Unfold.Tests/bin/Release/net10.0/Unfold.Tests.dll" adapterTypeName="executor://xunit/VsTestRunner3/netcore/" className="Unfold.Tests.ResponsiveLayoutTests" name="CompactDashboardScrollsToEveryCardAndPreservesEditedControls" />
    </UnitTest>
    <UnitTest name="Unfold.Tests.SettingsDashboardTests.HomeSeparatesAllSixTimerStateTitlesWithoutHelperCopy" storage="/users/hwanghyeonseong/.codex/worktrees/6bca/unfold/tests/unfold.tests/bin/release/net10.0/unfold.tests.dll" id="8b4e77d3-dc13-cf4f-dc52-19495c248c0e">
      <Execution id="d5e438dc-a5d3-4816-ab4f-3a79cd26868d" />
      <TestMethod codeBase="/Users/hwanghyeonseong/.codex/worktrees/6bca/Unfold/Tests/Unfold.Tests/bin/Release/net10.0/Unfold.Tests.dll" adapterTypeName="executor://xunit/VsTestRunner3/netcore/" className="Unfold.Tests.SettingsDashboardTests" name="HomeSeparatesAllSixTimerStateTitlesWithoutHelperCopy" />
    </UnitTest>
    <UnitTest name="Unfold.Tests.SettingsDashboardTests.DebugPreviewButtonsAreOptInAndDoNotChangeLiveState" storage="/users/hwanghyeonseong/.codex/worktrees/6bca/unfold/tests/unfold.tests/bin/release/net10.0/unfold.tests.dll" id="21628371-5b16-5ca7-ef84-3d60be0b1744">
      <Execution id="995743c1-9997-442a-8de4-b2a55cb9965b" />
      <TestMethod codeBase="/Users/hwanghyeonseong/.codex/worktrees/6bca/Unfold/Tests/Unfold.Tests/bin/Release/net10.0/Unfold.Tests.dll" adapterTypeName="executor://xunit/VsTestRunner3/netcore/" className="Unfold.Tests.SettingsDashboardTests" name="DebugPreviewButtonsAreOptInAndDoNotChangeLiveState" />
    </UnitTest>
    <UnitTest name="Unfold.Tests.TimerControlTests.TypedIntervalWaitsForApplyAndKeepsTheNewValuePaused" storage="/users/hwanghyeonseong/.codex/worktrees/6bca/unfold/tests/unfold.tests/bin/release/net10.0/unfold.tests.dll" id="01ee9b61-b23d-9b4e-0889-7262325dd123">
      <Execution id="2b35ebeb-29d2-4e55-8ec4-d38805a10323" />
      <TestMethod codeBase="/Users/hwanghyeonseong/.codex/worktrees/6bca/Unfold/Tests/Unfold.Tests/bin/Release/net10.0/Unfold.Tests.dll" adapterTypeName="executor://xunit/VsTestRunner3/netcore/" className="Unfold.Tests.TimerControlTests" name="TypedIntervalWaitsForApplyAndKeepsTheNewValuePaused" />
    </UnitTest>
    <UnitTest name="Unfold.Tests.SettingsDashboardTests.SingleColumnTabContentIsCenteredAndStillFitsAtMinimumWidth" storage="/users/hwanghyeonseong/.codex/worktrees/6bca/unfold/tests/unfold.tests/bin/release/net10.0/unfold.tests.dll" id="027c4864-15fe-8184-0d1b-e95491349390">
      <Execution id="695017a2-5f52-44b3-b00a-8acff3d1b88d" />
      <TestMethod codeBase="/Users/hwanghyeonseong/.codex/worktrees/6bca/Unfold/Tests/Unfold.Tests/bin/Release/net10.0/Unfold.Tests.dll" adapterTypeName="executor://xunit/VsTestRunner3/netcore/" className="Unfold.Tests.SettingsDashboardTests" name="SingleColumnTabContentIsCenteredAndStillFitsAtMinimumWidth" />
    </UnitTest>
    <UnitTest name="Unfold.Tests.WindowControlTests.MacHeaderDragMovesTheWindowAndStopsOnReleaseAndCaptureLoss" storage="/users/hwanghyeonseong/.codex/worktrees/6bca/unfold/tests/unfold.tests/bin/release/net10.0/unfold.tests.dll" id="aa1574a4-855c-addd-9384-ae1ea06676d7">
      <Execution id="05c805de-875d-4685-a4a1-4e1c186367dc" />
      <TestMethod codeBase="/Users/hwanghyeonseong/.codex/worktrees/6bca/Unfold/Tests/Unfold.Tests/bin/Release/net10.0/Unfold.Tests.dll" adapterTypeName="executor://xunit/VsTestRunner3/netcore/" className="Unfold.Tests.WindowControlTests" name="MacHeaderDragMovesTheWindowAndStopsOnReleaseAndCaptureLoss" />
    </UnitTest>
  </TestDefinitions>
  <TestEntries>
    <TestEntry testId="12e6ef0d-4e8f-311b-ef44-f746752c5040" executionId="cd256f00-5aff-4740-8484-0cd5994bb031" testListId="8c84fa94-04c1-424b-9868-57a2d4851a1d" />
    <TestEntry testId="cc20e5fd-76f4-d75b-816c-2a87f2bb839a" executionId="344aa9a4-3b4e-4a34-b587-f98c921f81fd" testListId="8c84fa94-04c1-424b-9868-57a2d4851a1d" />
    <TestEntry testId="91453cac-20f3-2c1d-e726-061532a282ad" executionId="f29ca15a-a38f-4a99-acfe-83e31540d112" testListId="8c84fa94-04c1-424b-9868-57a2d4851a1d" />
    <TestEntry testId="951202a6-7324-ad2b-74e9-a390cc291126" executionId="9762d66c-ab7c-4d16-b037-8e472433ebf8" testListId="8c84fa94-04c1-424b-9868-57a2d4851a1d" />
    <TestEntry testId="027c4864-15fe-8184-0d1b-e95491349390" executionId="695017a2-5f52-44b3-b00a-8acff3d1b88d" testListId="8c84fa94-04c1-424b-9868-57a2d4851a1d" />
    <TestEntry testId="6f51d2e5-9584-a408-c426-c50e28ab9940" executionId="bd372c6c-295a-4a01-b36f-837cf6f03530" testListId="8c84fa94-04c1-424b-9868-57a2d4851a1d" />
    <TestEntry testId="8f658fd9-df6a-ee2e-c408-6809c412c530" executionId="f9f2c563-0287-4514-931d-9b33d4c3d375" testListId="8c84fa94-04c1-424b-9868-57a2d4851a1d" />
    <TestEntry testId="215941ed-a2c7-1757-e4d6-7fb1081900aa" executionId="7d25cf9a-8d5b-4f59-bd93-255c3aa466f7" testListId="8c84fa94-04c1-424b-9868-57a2d4851a1d" />
    <TestEntry testId="7c8910e8-a17f-17d0-7da0-44443ff7573a" executionId="656b8c31-8cfa-4ada-bc07-db631626f644" testListId="8c84fa94-04c1-424b-9868-57a2d4851a1d" />
    <TestEntry testId="0cac221d-ed51-f3c8-84ec-679d8c89002b" executionId="475036fc-1997-445e-a2b5-3d79b281b4e2" testListId="8c84fa94-04c1-424b-9868-57a2d4851a1d" />
    <TestEntry testId="9e536c7b-a81b-03d0-8767-5a45b227580b" executionId="691228ab-0ed2-4c56-b6a9-55189b3aca9c" testListId="8c84fa94-04c1-424b-9868-57a2d4851a1d" />
    <TestEntry testId="aa1574a4-855c-addd-9384-ae1ea06676d7" executionId="05c805de-875d-4685-a4a1-4e1c186367dc" testListId="8c84fa94-04c1-424b-9868-57a2d4851a1d" />
    <TestEntry testId="359c83fb-88f8-76aa-37d9-f43b5fad5374" executionId="d26cfa3e-fdff-4fc2-9272-c83376aed09c" testListId="8c84fa94-04c1-424b-9868-57a2d4851a1d" />
    <TestEntry testId="21628371-5b16-5ca7-ef84-3d60be0b1744" executionId="995743c1-9997-442a-8de4-b2a55cb9965b" testListId="8c84fa94-04c1-424b-9868-57a2d4851a1d" />
    <TestEntry testId="ae934a35-502d-e979-dd72-c10a489776fd" executionId="0cfdfe65-d457-4e27-8eb9-53744e4d5d77" testListId="8c84fa94-04c1-424b-9868-57a2d4851a1d" />
    <TestEntry testId="23dcf263-114b-a158-d6a7-d1dea459ab37" executionId="86110bff-5741-49db-b108-c7f6d166e485" testListId="8c84fa94-04c1-424b-9868-57a2d4851a1d" />
    <TestEntry testId="084a3eb4-a73f-d6eb-d788-6a8ba36039fd" executionId="c1c5cdd6-19a0-49c8-90b3-c0f11ee614e5" testListId="8c84fa94-04c1-424b-9868-57a2d4851a1d" />
    <TestEntry testId="5224b850-7d3d-79ce-e9ad-10e0540ef7d6" executionId="2f22e4c0-72df-49bd-8eb3-fb4f733223d4" testListId="8c84fa94-04c1-424b-9868-57a2d4851a1d" />
    <TestEntry testId="8a2fc367-1a82-8dfd-5191-99f55f762e9b" executionId="626a4bfc-9f06-411e-b5be-c45086726208" testListId="8c84fa94-04c1-424b-9868-57a2d4851a1d" />
    <TestEntry testId="9267060e-fa60-ec85-7b01-8974887812f9" executionId="1ce97260-35d8-40c5-88be-9b4230b98ef9" testListId="8c84fa94-04c1-424b-9868-57a2d4851a1d" />
    <TestEntry testId="e4edc4ba-f57c-2eb9-4648-4171c539c076" executionId="7b3f7242-8270-4325-a106-4bd43434a1c9" testListId="8c84fa94-04c1-424b-9868-57a2d4851a1d" />
    <TestEntry testId="a3f638f9-27a4-1712-721b-822dafb3d4d8" executionId="d4ca1413-bfed-4975-8fe1-117d8021a926" testListId="8c84fa94-04c1-424b-9868-57a2d4851a1d" />
    <TestEntry testId="7b09609b-3ad0-e9ad-f18d-4a37165d4051" executionId="0dc4a6b6-5943-4593-b72e-65d471959018" testListId="8c84fa94-04c1-424b-9868-57a2d4851a1d" />
    <TestEntry testId="d9b46d26-d82d-8b9e-c081-db48f531051f" executionId="049e8e98-04b9-4514-af7b-2122c870da2a" testListId="8c84fa94-04c1-424b-9868-57a2d4851a1d" />
    <TestEntry testId="88eee16b-7c1d-182a-494a-ee157da8eddc" executionId="1209269f-f829-4605-a4e6-0318c331ed15" testListId="8c84fa94-04c1-424b-9868-57a2d4851a1d" />
    <TestEntry testId="01ee9b61-b23d-9b4e-0889-7262325dd123" executionId="2b35ebeb-29d2-4e55-8ec4-d38805a10323" testListId="8c84fa94-04c1-424b-9868-57a2d4851a1d" />
    <TestEntry testId="00b18a7f-fdfc-56af-71fa-d0f4e7f473d0" executionId="f56b62ac-d7fc-4003-8f06-0775a2f7d534" testListId="8c84fa94-04c1-424b-9868-57a2d4851a1d" />
    <TestEntry testId="b44e6f25-af2f-7059-5b0f-65daca28c9fa" executionId="cc6a3de2-bad7-44c0-bd6a-c22f275c8616" testListId="8c84fa94-04c1-424b-9868-57a2d4851a1d" />
    <TestEntry testId="619c159c-b18a-3e2d-05bd-7f1596a7d15d" executionId="849ad00b-e9a5-47a5-acff-a89dfe9648c4" testListId="8c84fa94-04c1-424b-9868-57a2d4851a1d" />
    <TestEntry testId="0c34b5ba-c22c-3277-c877-8b3d199e187a" executionId="13569bcc-3316-4a52-a540-94ac301117cc" testListId="8c84fa94-04c1-424b-9868-57a2d4851a1d" />
    <TestEntry testId="8b4e77d3-dc13-cf4f-dc52-19495c248c0e" executionId="d5e438dc-a5d3-4816-ab4f-3a79cd26868d" testListId="8c84fa94-04c1-424b-9868-57a2d4851a1d" />
    <TestEntry testId="3a2af169-e713-8536-c332-39844e2d8081" executionId="5b320ed7-4211-4434-890f-bfe62a77b7b1" testListId="8c84fa94-04c1-424b-9868-57a2d4851a1d" />
    <TestEntry testId="94881387-6a93-1baf-6c8a-8401766206eb" executionId="d2623c7f-2d27-4379-852a-01ee06a1e144" testListId="8c84fa94-04c1-424b-9868-57a2d4851a1d" />
  </TestEntries>
  <TestLists>
    <TestList name="목록에 없는 결과" id="8c84fa94-04c1-424b-9868-57a2d4851a1d" />
    <TestList name="로드된 모든 결과" id="19431567-8539-422a-85d7-44ee4e166bda" />
  </TestLists>
  <ResultSummary outcome="Completed">
    <Counters total="33" executed="33" passed="33" failed="0" error="0" timeout="0" aborted="0" inconclusive="0" passedButRunAborted="0" notRunnable="0" notExecuted="0" disconnected="0" warning="0" completed="0" inProgress="0" pending="0" />
    <Output>
      <StdOut>[xUnit.net 00:00:00.00] xUnit.net VSTest Adapter v3.1.4+50e68bbb8b (64-bit .NET 10.0.12)
[xUnit.net 00:00:00.65]   Discovering: Unfold.Tests
[xUnit.net 00:00:00.89]   Discovered:  Unfold.Tests
[xUnit.net 00:00:01.37]   Starting:    Unfold.Tests
[xUnit.net 00:00:05.22]   Finished:    Unfold.Tests
</StdOut>
    </Output>
  </ResultSummary>
</TestRun>