<?xml version="1.0" encoding="utf-8"?>
<TestRun id="d930472f-c78d-4598-8891-ee906d19f7d1" name="@hwanghyeonseong-ui-MacBookAir 2026-10-06 16:24:22" xmlns="http://microsoft.com/schemas/VisualStudio/TeamTest/2010">
  <Times creation="2026-10-06T16:24:22.5342960+09:00" queuing="2026-10-06T16:24:22.5342960+09:00" start="2026-10-06T16:24:20.7854750+09:00" finish="2026-10-06T16:24:24.3694400+09:00" />
  <TestSettings name="default" id="1fe2f91d-0bfe-4260-82e5-e1eb00e4ec14">
    <Deployment runDeploymentRoot="_hwanghyeonseong-ui-MacBookAir_2026-10-06_16_24_22" />
  </TestSettings>
  <Results>
    <UnitTestResult executionId="1babe247-2ea6-4afd-9272-008d46d7ebff" testId="a3849c58-2fd0-ec0b-0fc6-55d0d0f11c29" testName="Unfold.Tests.GlbCompatibilityTests.AlphaModesPreserveTransparencyAndExistingCutoutBehavior(mode: &quot;BLEND&quot;, alpha: 0.5, expected: 2147418112)" computerName="hwanghyeonseong-ui-MacBookAir" duration="00:00:00.0003076" startTime="2026-10-06T16:24:22.2547510+09:00" endTime="2026-10-06T16:24:22.2550720+09:00" testType="13cdc9d9-ddb5-4fa4-a97d-d965ccfc6d4b" outcome="Passed" testListId="8c84fa94-04c1-424b-9868-57a2d4851a1d" relativeResultsDirectory="1babe247-2ea6-4afd-9272-008d46d7ebff" />
    <UnitTestResult executionId="42db25c9-32f0-44d2-a4ff-e4e6c5abe64b" testId="43bfddc4-42d3-8676-2906-636622f49b34" testName="Unfold.Tests.PetClickThroughTests.MacInputRequiresARealNativeWindow(descriptor: &quot;Headless&quot;, value: 1, expected: False)" computerName="hwanghyeonseong-ui-MacBookAir" duration="00:00:00.0000099" startTime="2026-10-06T16:24:24.0365280+09:00" endTime="2026-10-06T16:24:24.0365520+09:00" testType="13cdc9d9-ddb5-4fa4-a97d-d965ccfc6d4b" outcome="Passed" testListId="8c84fa94-04c1-424b-9868-57a2d4851a1d" relativeResultsDirectory="42db25c9-32f0-44d2-a4ff-e4e6c5abe64b" />
    <UnitTestResult executionId="bf7d98b7-9b5a-425d-9728-03fb2c411ed2" testId="299f31ad-009f-d225-1aa8-01753e07d4ce" testName="Unfold.Tests.PetHoverTests.HoverDoesNotInterfereWithDraggingOrPersistAnAutomaticPosition" computerName="hwanghyeonseong-ui-MacBookAir" duration="00:00:00.0286849" startTime="2026-10-06T16:24:23.9046710+09:00" endTime="2026-10-06T16:24:23.9333920+09:00" testType="13cdc9d9-ddb5-4fa4-a97d-d965ccfc6d4b" outcome="Passed" testListId="8c84fa94-04c1-424b-9868-57a2d4851a1d" relativeResultsDirectory="bf7d98b7-9b5a-425d-9728-03fb2c411ed2" />
    <UnitTestResult executionId="e1709694-d5b0-42b9-9d37-bf8d862edde5" testId="9e5807b1-dbf7-88cf-9b91-736bc37386a5" testName="Unfold.Tests.WindowsPetWindowTests.InputRoutingRequiresARealWindowsHandle(descriptor: &quot;Headless&quot;, value: 1, expected: False)" computerName="hwanghyeonseong-ui-MacBookAir" duration="00:00:00.0018948" startTime="2026-10-06T16:24:22.2124000+09:00" endTime="2026-10-06T16:24:22.2143090+09:00" testType="13cdc9d9-ddb5-4fa4-a97d-d965ccfc6d4b" outcome="Passed" testListId="8c84fa94-04c1-424b-9868-57a2d4851a1d" relativeResultsDirectory="e1709694-d5b0-42b9-9d37-bf8d862edde5" />
    <UnitTestResult executionId="00e41b87-741b-4c6b-90d7-e7f3f728cbf5" testId="d8fc2259-2c12-1c0a-413f-1752a3bc13ac" testName="Unfold.Tests.GlbCompatibilityTests.AlphaModesPreserveTransparencyAndExistingCutoutBehavior(mode: &quot;MASK&quot;, alpha: 0.899999976, expected: 4294901760)" computerName="hwanghyeonseong-ui-MacBookAir" duration="00:00:00.0002367" startTime="2026-10-06T16:24:22.2551630+09:00" endTime="2026-10-06T16:24:22.2554100+09:00" testType="13cdc9d9-ddb5-4fa4-a97d-d965ccfc6d4b" outcome="Passed" testListId="8c84fa94-04c1-424b-9868-57a2d4851a1d" relativeResultsDirectory="00e41b87-741b-4c6b-90d7-e7f3f728cbf5" />
    <UnitTestResult executionId="6d0c9c3f-655f-4e33-89ff-28e6d39efbd6" testId="a3081f45-d28a-8d9d-5225-d3ea86105e90" testName="Unfold.Tests.PetHoverTests.HeadlessPetNeverQualifiesForNativeCursorPolling" computerName="hwanghyeonseong-ui-MacBookAir" duration="00:00:00.0310036" startTime="2026-10-06T16:24:23.7144140+09:00" endTime="2026-10-06T16:24:23.7454680+09:00" testType="13cdc9d9-ddb5-4fa4-a97d-d965ccfc6d4b" outcome="Passed" testListId="8c84fa94-04c1-424b-9868-57a2d4851a1d" relativeResultsDirectory="6d0c9c3f-655f-4e33-89ff-28e6d39efbd6" />
    <UnitTestResult executionId="c717d3f1-fc21-41b2-b43d-cfda7881646c" testId="f6065d77-08ff-3949-e0e0-a1da08701d42" testName="Unfold.Tests.PetClickThroughTests.TransparentMarginsHolesAndEdgePixelsPassThrough" computerName="hwanghyeonseong-ui-MacBookAir" duration="00:00:00.0198589" startTime="2026-10-06T16:24:24.2683240+09:00" endTime="2026-10-06T16:24:24.2882130+09:00" testType="13cdc9d9-ddb5-4fa4-a97d-d965ccfc6d4b" outcome="Passed" testListId="8c84fa94-04c1-424b-9868-57a2d4851a1d" relativeResultsDirectory="c717d3f1-fc21-41b2-b43d-cfda7881646c" />
    <UnitTestResult executionId="8e9e4301-2acc-47f4-b616-4449535b20c5" testId="37bd6cd3-d4af-dfff-6158-b2627c2b5aa4" testName="Unfold.Tests.PetHoverTests.PressBeforeQueuedHoverLayoutDoesNotJumpWhenDraggingStarts" computerName="hwanghyeonseong-ui-MacBookAir" duration="00:00:00.0431988" startTime="2026-10-06T16:24:23.9358100+09:00" endTime="2026-10-06T16:24:23.9790460+09:00" testType="13cdc9d9-ddb5-4fa4-a97d-d965ccfc6d4b" outcome="Passed" testListId="8c84fa94-04c1-424b-9868-57a2d4851a1d" relativeResultsDirectory="8e9e4301-2acc-47f4-b616-4449535b20c5" />
    <UnitTestResult executionId="62f73eda-c894-4a9f-bcdf-2b48320d464f" testId="2e7295b0-fd0c-9128-13ed-07affb9cc267" testName="Unfold.Tests.WindowsPetWindowTests.ZeroHandleDoesNotReachWin32" computerName="hwanghyeonseong-ui-MacBookAir" duration="00:00:00.0001037" startTime="2026-10-06T16:24:22.5636180+09:00" endTime="2026-10-06T16:24:22.5637310+09:00" testType="13cdc9d9-ddb5-4fa4-a97d-d965ccfc6d4b" outcome="Passed" testListId="8c84fa94-04c1-424b-9868-57a2d4851a1d" relativeResultsDirectory="62f73eda-c894-4a9f-bcdf-2b48320d464f" />
    <UnitTestResult executionId="f56d23cc-848e-449f-9a97-d49c7a13d046" testId="c643887e-d181-3d7b-7070-88bd739babb4" testName="Unfold.Tests.WindowsPetWindowTests.ExistingLayersAreNotReinitializedAndOtherStylesArePreserved" computerName="hwanghyeonseong-ui-MacBookAir" duration="00:00:00.0007476" startTime="2026-10-06T16:24:22.2114440+09:00" endTime="2026-10-06T16:24:22.2122030+09:00" testType="13cdc9d9-ddb5-4fa4-a97d-d965ccfc6d4b" outcome="Passed" testListId="8c84fa94-04c1-424b-9868-57a2d4851a1d" relativeResultsDirectory="f56d23cc-848e-449f-9a97-d49c7a13d046" />
    <UnitTestResult executionId="6135e112-6d68-4d5a-9d6f-fac61c7cee58" testId="601151bf-1d57-77d5-6206-3accab84a500" testName="Unfold.Tests.GlbCompatibilityTests.DuplicateClipNamesRemainSelectableAndPersistWithoutCollidingWithAuthoredSuffixes" computerName="hwanghyeonseong-ui-MacBookAir" duration="00:00:00.2272563" startTime="2026-10-06T16:24:22.2845280+09:00" endTime="2026-10-06T16:24:22.5118110+09:00" testType="13cdc9d9-ddb5-4fa4-a97d-d965ccfc6d4b" outcome="Passed" testListId="8c84fa94-04c1-424b-9868-57a2d4851a1d" relativeResultsDirectory="6135e112-6d68-4d5a-9d6f-fac61c7cee58" />
    <UnitTestResult executionId="9cc5416e-3920-4c13-a1cc-1518c0d6cebe" testId="73b823f7-c4ce-c25e-e260-579c94bb9897" testName="Unfold.Tests.PetHoverTests.HoverWindowMovesOnlyAfterThePetVisualHasItsNewOffset(direction: Bottom)" computerName="hwanghyeonseong-ui-MacBookAir" duration="00:00:00.0366194" startTime="2026-10-06T16:24:22.9812240+09:00" endTime="2026-10-06T16:24:23.0178700+09:00" testType="13cdc9d9-ddb5-4fa4-a97d-d965ccfc6d4b" outcome="Passed" testListId="8c84fa94-04c1-424b-9868-57a2d4851a1d" relativeResultsDirectory="9cc5416e-3920-4c13-a1cc-1518c0d6cebe" />
    <UnitTestResult executionId="ed6d8fd1-48a3-4fe1-bfae-2d8bfb391dec" testId="0f290d05-686f-8601-ebd7-2a4523979f51" testName="Unfold.Tests.PetHoverTests.HoverEntryAndExitNeverResizeOrMoveTheNativePetSurface(direction: Right)" computerName="hwanghyeonseong-ui-MacBookAir" duration="00:00:00.0326199" startTime="2026-10-06T16:24:23.8309970+09:00" endTime="2026-10-06T16:24:23.8636480+09:00" testType="13cdc9d9-ddb5-4fa4-a97d-d965ccfc6d4b" outcome="Passed" testListId="8c84fa94-04c1-424b-9868-57a2d4851a1d" relativeResultsDirectory="ed6d8fd1-48a3-4fe1-bfae-2d8bfb391dec" />
    <UnitTestResult executionId="f74f6b25-180c-4ddf-9c29-8889f5ca0043" testId="dcaa4177-3f1e-d02b-8df0-14fab9f28b8b" testName="Unfold.Tests.WindowsPetWindowTests.FailedEnableIsNotReportedAsSuccessAndCanRetry(failure: &quot;verify&quot;)" computerName="hwanghyeonseong-ui-MacBookAir" duration="00:00:00.0000808" startTime="2026-10-06T16:24:22.5619900+09:00" endTime="2026-10-06T16:24:22.5620850+09:00" testType="13cdc9d9-ddb5-4fa4-a97d-d965ccfc6d4b" outcome="Passed" testListId="8c84fa94-04c1-424b-9868-57a2d4851a1d" relativeResultsDirectory="f74f6b25-180c-4ddf-9c29-8889f5ca0043" />
    <UnitTestResult executionId="0cdbbad2-8465-4c29-ae42-89961d9c9435" testId="4688401e-f526-3240-0b51-95dc2d56224c" testName="Unfold.Tests.WindowsPetWindowTests.InputRoutingRequiresARealWindowsHandle(descriptor: &quot;HWND&quot;, value: 0, expected: False)" computerName="hwanghyeonseong-ui-MacBookAir" duration="00:00:00.0000089" startTime="2026-10-06T16:24:22.2147310+09:00" endTime="2026-10-06T16:24:22.2147480+09:00" testType="13cdc9d9-ddb5-4fa4-a97d-d965ccfc6d4b" outcome="Passed" testListId="8c84fa94-04c1-424b-9868-57a2d4851a1d" relativeResultsDirectory="0cdbbad2-8465-4c29-ae42-89961d9c9435" />
    <UnitTestResult executionId="f82a6e2c-f439-4a06-9fa5-68f40bc3157c" testId="e9aebf3b-9cfb-28f0-f2aa-488713c73a59" testName="Unfold.Tests.GlbCompatibilityTests.AlphaModesPreserveTransparencyAndExistingCutoutBehavior(mode: &quot;MASK&quot;, alpha: 0.100000001, expected: 0)" computerName="hwanghyeonseong-ui-MacBookAir" duration="00:00:00.0006167" startTime="2026-10-06T16:24:22.2533250+09:00" endTime="2026-10-06T16:24:22.2539600+09:00" testType="13cdc9d9-ddb5-4fa4-a97d-d965ccfc6d4b" outcome="Passed" testListId="8c84fa94-04c1-424b-9868-57a2d4851a1d" relativeResultsDirectory="f82a6e2c-f439-4a06-9fa5-68f40bc3157c" />
    <UnitTestResult executionId="48f3fd3c-57f1-4cfb-91c3-0eea4be7cc21" testId="33a8326c-a1a4-d358-66ce-eb9db733fb99" testName="Unfold.Tests.PetClickThroughTests.HoverBubblePassesThroughAndReminderRemainsInteractive" computerName="hwanghyeonseong-ui-MacBookAir" duration="00:00:00.0238933" startTime="2026-10-06T16:24:24.2073270+09:00" endTime="2026-10-06T16:24:24.2312630+09:00" testType="13cdc9d9-ddb5-4fa4-a97d-d965ccfc6d4b" outcome="Passed" testListId="8c84fa94-04c1-424b-9868-57a2d4851a1d" relativeResultsDirectory="48f3fd3c-57f1-4cfb-91c3-0eea4be7cc21" />
    <UnitTestResult executionId="a09f6496-5e35-441b-bee0-6fa1298076ba" testId="a970cef2-fbf8-121e-0d9b-8876e0d01e75" testName="Unfold.Tests.PetHoverTests.HoverFitsAtEveryMonitorCornerWithoutMovingThePet(scale: 1.5, size: 192)" computerName="hwanghyeonseong-ui-MacBookAir" duration="00:00:00.0018847" startTime="2026-10-06T16:24:22.9123030+09:00" endTime="2026-10-06T16:24:22.9142060+09:00" testType="13cdc9d9-ddb5-4fa4-a97d-d965ccfc6d4b" outcome="Passed" testListId="8c84fa94-04c1-424b-9868-57a2d4851a1d" relativeResultsDirectory="a09f6496-5e35-441b-bee0-6fa1298076ba" />
    <UnitTestResult executionId="37fe3002-bf7c-467a-af72-e84ba56d950c" testId="cb1806d1-9c2c-2e91-d767-5e796f20838f" testName="Unfold.Tests.WindowsPetWindowTests.FailedEnableIsNotReportedAsSuccessAndCanRetry(failure: &quot;write&quot;)" computerName="hwanghyeonseong-ui-MacBookAir" duration="00:00:00.0001360" startTime="2026-10-06T16:24:22.5617370+09:00" endTime="2026-10-06T16:24:22.5618920+09:00" testType="13cdc9d9-ddb5-4fa4-a97d-d965ccfc6d4b" outcome="Passed" testListId="8c84fa94-04c1-424b-9868-57a2d4851a1d" relativeResultsDirectory="37fe3002-bf7c-467a-af72-e84ba56d950c" />
    <UnitTestResult executionId="983d1610-db7c-4357-b1c4-584f70829a2a" testId="c1de91ee-a5fb-33a5-6ea7-c687ea34d341" testName="Unfold.Tests.PetClickThroughTests.MacInputRequiresARealNativeWindow(descriptor: &quot;NSWindow&quot;, value: 1, expected: True)" computerName="hwanghyeonseong-ui-MacBookAir" duration="00:00:00.0001555" startTime="2026-10-06T16:24:24.0359590+09:00" endTime="2026-10-06T16:24:24.0361360+09:00" testType="13cdc9d9-ddb5-4fa4-a97d-d965ccfc6d4b" outcome="Passed" testListId="8c84fa94-04c1-424b-9868-57a2d4851a1d" relativeResultsDirectory="983d1610-db7c-4357-b1c4-584f70829a2a" />
    <UnitTestResult executionId="586ee3b3-1b33-4af9-9f99-d29107e43d9d" testId="b3dad9cb-b84c-9eef-f3d9-be3fdb53aeef" testName="Unfold.Tests.WindowsPetWindowTests.InputRoutingRequiresARealWindowsHandle(descriptor: &quot;NSWindow&quot;, value: 1, expected: False)" computerName="hwanghyeonseong-ui-MacBookAir" duration="00:00:00.0000086" startTime="2026-10-06T16:24:22.2146380+09:00" endTime="2026-10-06T16:24:22.2146570+09:00" testType="13cdc9d9-ddb5-4fa4-a97d-d965ccfc6d4b" outcome="Passed" testListId="8c84fa94-04c1-424b-9868-57a2d4851a1d" relativeResultsDirectory="586ee3b3-1b33-4af9-9f99-d29107e43d9d" />
    <UnitTestResult executionId="ba71c20e-8853-4f97-865c-cfdb1cbd9a83" testId="524519c4-2750-5b8e-e076-39ccc1b3c252" testName="Unfold.Tests.PetHoverTests.PoseChangesCannotCancelHoverButLeavingTheStationaryPetAreaDoes" computerName="hwanghyeonseong-ui-MacBookAir" duration="00:00:00.3392103" startTime="2026-10-06T16:24:22.5665430+09:00" endTime="2026-10-06T16:24:22.9063460+09:00" testType="13cdc9d9-ddb5-4fa4-a97d-d965ccfc6d4b" outcome="Passed" testListId="8c84fa94-04c1-424b-9868-57a2d4851a1d" relativeResultsDirectory="ba71c20e-8853-4f97-865c-cfdb1cbd9a83" />
    <UnitTestResult executionId="bd866b30-45f0-4b55-9242-cb7562f220f0" testId="829013bf-1d59-08ac-f4ff-aa7662450fdf" testName="Unfold.Tests.PetClickThroughTests.MacInputRequiresARealNativeWindow(descriptor: &quot;HWND&quot;, value: 1, expected: False)" computerName="hwanghyeonseong-ui-MacBookAir" duration="00:00:00.0000095" startTime="2026-10-06T16:24:24.0366600+09:00" endTime="2026-10-06T16:24:24.0366820+09:00" testType="13cdc9d9-ddb5-4fa4-a97d-d965ccfc6d4b" outcome="Passed" testListId="8c84fa94-04c1-424b-9868-57a2d4851a1d" relativeResultsDirectory="bd866b30-45f0-4b55-9242-cb7562f220f0" />
    <UnitTestResult executionId="803c51b0-4eef-45d2-892b-b0a3f0b535b6" testId="fccdf544-9588-e591-bdef-48ff717f2afb" testName="Unfold.Tests.PetHoverTests.CursorPollingRequiresANonzeroWindowsNativeHandle(descriptor: &quot;HWND&quot;, value: 1, expected: True)" computerName="hwanghyeonseong-ui-MacBookAir" duration="00:00:00.0001430" startTime="2026-10-06T16:24:22.9080180+09:00" endTime="2026-10-06T16:24:22.9081840+09:00" testType="13cdc9d9-ddb5-4fa4-a97d-d965ccfc6d4b" outcome="Passed" testListId="8c84fa94-04c1-424b-9868-57a2d4851a1d" relativeResultsDirectory="803c51b0-4eef-45d2-892b-b0a3f0b535b6" />
    <UnitTestResult executionId="f54227d5-5047-4bca-ad16-9bab1d6fd0eb" testId="06535e7b-fb81-a238-117d-d89ec42ad5e0" testName="Unfold.Tests.PetHoverTests.RepeatedClicksDoNotResizeOrMoveTheHoverWindow(original: True)" computerName="hwanghyeonseong-ui-MacBookAir" duration="00:00:00.2647437" startTime="2026-10-06T16:24:23.4447700+09:00" endTime="2026-10-06T16:24:23.7095700+09:00" testType="13cdc9d9-ddb5-4fa4-a97d-d965ccfc6d4b" outcome="Passed" testListId="8c84fa94-04c1-424b-9868-57a2d4851a1d" relativeResultsDirectory="f54227d5-5047-4bca-ad16-9bab1d6fd0eb" />
    <UnitTestResult executionId="0ba56d02-39d2-4ac0-bd7f-e18e785e4a9c" testId="cd36cd73-2b03-7e73-4b49-a90b06b2ae54" testName="Unfold.Tests.PetHoverTests.HoverWindowMovesOnlyAfterThePetVisualHasItsNewOffset(direction: Left)" computerName="hwanghyeonseong-ui-MacBookAir" duration="00:00:00.0295245" startTime="2026-10-06T16:24:23.0834800+09:00" endTime="2026-10-06T16:24:23.1130250+09:00" testType="13cdc9d9-ddb5-4fa4-a97d-d965ccfc6d4b" outcome="Passed" testListId="8c84fa94-04c1-424b-9868-57a2d4851a1d" relativeResultsDirectory="0ba56d02-39d2-4ac0-bd7f-e18e785e4a9c" />
    <UnitTestResult executionId="fd00c8f1-e5e3-43a6-a714-5480d71abecd" testId="807b8106-aa4c-1730-23de-68a631b55963" testName="Unfold.Tests.PetClickThroughTests.NativePollingNeverUsesHeadlessHandles" computerName="hwanghyeonseong-ui-MacBookAir" duration="00:00:00.0201303" startTime="2026-10-06T16:24:24.0153280+09:00" endTime="2026-10-06T16:24:24.0354860+09:00" testType="13cdc9d9-ddb5-4fa4-a97d-d965ccfc6d4b" outcome="Passed" testListId="8c84fa94-04c1-424b-9868-57a2d4851a1d" relativeResultsDirectory="fd00c8f1-e5e3-43a6-a714-5480d71abecd" />
    <UnitTestResult executionId="1dcaa24f-cd1e-4862-9574-9a32ba3ee690" testId="a347baad-ab2d-7203-d5d4-688703d8715e" testName="Unfold.Tests.WindowsPetWindowTests.CrossProcessClickThroughAddsAndInitializesALayer(initial: 2097320)" computerName="hwanghyeonseong-ui-MacBookAir" duration="00:00:00.0001482" startTime="2026-10-06T16:24:22.2103770+09:00" endTime="2026-10-06T16:24:22.2105570+09:00" testType="13cdc9d9-ddb5-4fa4-a97d-d965ccfc6d4b" outcome="Passed" testListId="8c84fa94-04c1-424b-9868-57a2d4851a1d" relativeResultsDirectory="1dcaa24f-cd1e-4862-9574-9a32ba3ee690" />
    <UnitTestResult executionId="0c24f223-2b8c-4583-ba8f-9aebcbf4fe91" testId="3ba360a7-55f3-0cd8-aaa1-4d105d64e09a" testName="Unfold.Tests.GlbCompatibilityTests.UnknownAlphaModesRemainRejected" computerName="hwanghyeonseong-ui-MacBookAir" duration="00:00:00.0001271" startTime="2026-10-06T16:24:22.5219060+09:00" endTime="2026-10-06T16:24:22.5220440+09:00" testType="13cdc9d9-ddb5-4fa4-a97d-d965ccfc6d4b" outcome="Passed" testListId="8c84fa94-04c1-424b-9868-57a2d4851a1d" relativeResultsDirectory="0c24f223-2b8c-4583-ba8f-9aebcbf4fe91" />
    <UnitTestResult executionId="c9c0ac29-1b50-4b52-bce3-7c4d5fd674ee" testId="735b8cc0-20ef-cb05-8c80-6f8a73514d67" testName="Unfold.Tests.PetHoverTests.CursorPollingRequiresANonzeroWindowsNativeHandle(descriptor: &quot;Headless&quot;, value: 1, expected: False)" computerName="hwanghyeonseong-ui-MacBookAir" duration="00:00:00.0000066" startTime="2026-10-06T16:24:22.9086470+09:00" endTime="2026-10-06T16:24:22.9086620+09:00" testType="13cdc9d9-ddb5-4fa4-a97d-d965ccfc6d4b" outcome="Passed" testListId="8c84fa94-04c1-424b-9868-57a2d4851a1d" relativeResultsDirectory="c9c0ac29-1b50-4b52-bce3-7c4d5fd674ee" />
    <UnitTestResult executionId="7d40e72f-4b10-4fb2-891d-41cca9f18b09" testId="0e1d0641-e33e-0998-b729-39318111fa59" testName="Unfold.Tests.WindowsPetWindowTests.CrossProcessClickThroughAddsAndInitializesALayer(initial: 0)" computerName="hwanghyeonseong-ui-MacBookAir" duration="00:00:00.0000162" startTime="2026-10-06T16:24:22.2106480+09:00" endTime="2026-10-06T16:24:22.2106750+09:00" testType="13cdc9d9-ddb5-4fa4-a97d-d965ccfc6d4b" outcome="Passed" testListId="8c84fa94-04c1-424b-9868-57a2d4851a1d" relativeResultsDirectory="7d40e72f-4b10-4fb2-891d-41cca9f18b09" />
    <UnitTestResult executionId="86a6cd8b-c425-4f7a-835d-1063ba194dee" testId="16993e20-1742-ea14-98d4-c79247a77a39" testName="Unfold.Tests.GlbCompatibilityTests.AlphaModesPreserveTransparencyAndExistingCutoutBehavior(mode: &quot;BLEND&quot;, alpha: 0, expected: 0)" computerName="hwanghyeonseong-ui-MacBookAir" duration="00:00:00.0005746" startTime="2026-10-06T16:24:22.2540660+09:00" endTime="2026-10-06T16:24:22.2546540+09:00" testType="13cdc9d9-ddb5-4fa4-a97d-d965ccfc6d4b" outcome="Passed" testListId="8c84fa94-04c1-424b-9868-57a2d4851a1d" relativeResultsDirectory="86a6cd8b-c425-4f7a-835d-1063ba194dee" />
    <UnitTestResult executionId="093b2a9c-c7e7-4fb6-bf8d-376eaf83e48f" testId="522b3c47-f686-1ef9-7b6d-284f85553612" testName="Unfold.Tests.PetHoverTests.PointerHoverShowsBothLinesAndLeavingOrHidingClosesIt" computerName="hwanghyeonseong-ui-MacBookAir" duration="00:00:00.0313293" startTime="2026-10-06T16:24:23.9815700+09:00" endTime="2026-10-06T16:24:24.0129290+09:00" testType="13cdc9d9-ddb5-4fa4-a97d-d965ccfc6d4b" outcome="Passed" testListId="8c84fa94-04c1-424b-9868-57a2d4851a1d" relativeResultsDirectory="093b2a9c-c7e7-4fb6-bf8d-376eaf83e48f" />
    <UnitTestResult executionId="112b4340-14c3-4fbf-9beb-81366c56c141" testId="efda193a-7061-9d76-2bad-518d6da1f298" testName="Unfold.Tests.PetHoverTests.HoverFitsAtEveryMonitorCornerWithoutMovingThePet(scale: 2, size: 288)" computerName="hwanghyeonseong-ui-MacBookAir" duration="00:00:00.0000591" startTime="2026-10-06T16:24:22.9146060+09:00" endTime="2026-10-06T16:24:22.9146750+09:00" testType="13cdc9d9-ddb5-4fa4-a97d-d965ccfc6d4b" outcome="Passed" testListId="8c84fa94-04c1-424b-9868-57a2d4851a1d" relativeResultsDirectory="112b4340-14c3-4fbf-9beb-81366c56c141" />
    <UnitTestResult executionId="5ad667db-5237-4bd7-90d2-0bd3526da91f" testId="babd7c50-ccd0-abde-b317-c9e73d59c901" testName="Unfold.Tests.WindowsPetWindowTests.FailedDisableCanRetryWithoutLosingTheLayer" computerName="hwanghyeonseong-ui-MacBookAir" duration="00:00:00.0000848" startTime="2026-10-06T16:24:22.5625550+09:00" endTime="2026-10-06T16:24:22.5626500+09:00" testType="13cdc9d9-ddb5-4fa4-a97d-d965ccfc6d4b" outcome="Passed" testListId="8c84fa94-04c1-424b-9868-57a2d4851a1d" relativeResultsDirectory="5ad667db-5237-4bd7-90d2-0bd3526da91f" />
    <UnitTestResult executionId="872bd944-f791-4265-94e9-4ae5584cf487" testId="385b500a-1216-ec24-aeed-b35d8f5c90c4" testName="Unfold.Tests.PetClickThroughTests.PixelPickingFollowsSizeAndFacingDirection(scale: 100, mirrored: True)" computerName="hwanghyeonseong-ui-MacBookAir" duration="00:00:00.0278919" startTime="2026-10-06T16:24:24.1276080+09:00" endTime="2026-10-06T16:24:24.1555330+09:00" testType="13cdc9d9-ddb5-4fa4-a97d-d965ccfc6d4b" outcome="Passed" testListId="8c84fa94-04c1-424b-9868-57a2d4851a1d" relativeResultsDirectory="872bd944-f791-4265-94e9-4ae5584cf487" />
    <UnitTestResult executionId="6e962243-b626-40d5-b75d-87d9d39c1ed8" testId="af655344-be37-a0da-9ab7-582f69146673" testName="Unfold.Tests.PetClickThroughTests.PixelPickingFollowsSizeAndFacingDirection(scale: 150, mirrored: False)" computerName="hwanghyeonseong-ui-MacBookAir" duration="00:00:00.0219404" startTime="2026-10-06T16:24:24.1580180+09:00" endTime="2026-10-06T16:24:24.1799860+09:00" testType="13cdc9d9-ddb5-4fa4-a97d-d965ccfc6d4b" outcome="Passed" testListId="8c84fa94-04c1-424b-9868-57a2d4851a1d" relativeResultsDirectory="6e962243-b626-40d5-b75d-87d9d39c1ed8" />
    <UnitTestResult executionId="e8285275-3b9d-4965-b42b-e170bacf9d86" testId="fd3831b4-9e3d-38fb-503a-ce1274058e13" testName="Unfold.Tests.GlbCompatibilityTests.DuplicateTimeKeysRemainRejectedWithTheFailingAnimationName" computerName="hwanghyeonseong-ui-MacBookAir" duration="00:00:00.0231420" startTime="2026-10-06T16:24:22.2597370+09:00" endTime="2026-10-06T16:24:22.2828970+09:00" testType="13cdc9d9-ddb5-4fa4-a97d-d965ccfc6d4b" outcome="Passed" testListId="8c84fa94-04c1-424b-9868-57a2d4851a1d" relativeResultsDirectory="e8285275-3b9d-4965-b42b-e170bacf9d86" />
    <UnitTestResult executionId="25893f0e-8bc4-4041-aab6-bb7442d7020d" testId="4afc332b-0dcf-7b6f-cae7-65987b805b9d" testName="Unfold.Tests.WindowsPetWindowTests.StableStateOnlyReadsButAvaloniaStyleResetIsRepaired" computerName="hwanghyeonseong-ui-MacBookAir" duration="00:00:00.0003901" startTime="2026-10-06T16:24:22.5627710+09:00" endTime="2026-10-06T16:24:22.5631720+09:00" testType="13cdc9d9-ddb5-4fa4-a97d-d965ccfc6d4b" outcome="Passed" testListId="8c84fa94-04c1-424b-9868-57a2d4851a1d" relativeResultsDirectory="25893f0e-8bc4-4041-aab6-bb7442d7020d" />
    <UnitTestResult executionId="b2e9aa86-811c-4a43-bc58-f1c901d4a537" testId="7b15ad56-3133-2ac7-3dad-6132bc69f4f6" testName="Unfold.Tests.GlbCompatibilityTests.AlphaModesPreserveTransparencyAndExistingCutoutBehavior(mode: &quot;OPAQUE&quot;, alpha: 0.100000001, expected: 4294901760)" computerName="hwanghyeonseong-ui-MacBookAir" duration="00:00:00.0622095" startTime="2026-10-06T16:24:22.1882220+09:00" endTime="2026-10-06T16:24:22.2531500+09:00" testType="13cdc9d9-ddb5-4fa4-a97d-d965ccfc6d4b" outcome="Passed" testListId="8c84fa94-04c1-424b-9868-57a2d4851a1d" relativeResultsDirectory="b2e9aa86-811c-4a43-bc58-f1c901d4a537" />
    <UnitTestResult executionId="a344ccb0-f22b-42e9-b937-16369ea8d047" testId="73130862-7752-bb03-ba4f-b151e46e3733" testName="Unfold.Tests.PetHoverTests.HoverEntryAndExitNeverResizeOrMoveTheNativePetSurface(direction: Top)" computerName="hwanghyeonseong-ui-MacBookAir" duration="00:00:00.0356481" startTime="2026-10-06T16:24:23.8660970+09:00" endTime="2026-10-06T16:24:23.9017770+09:00" testType="13cdc9d9-ddb5-4fa4-a97d-d965ccfc6d4b" outcome="Passed" testListId="8c84fa94-04c1-424b-9868-57a2d4851a1d" relativeResultsDirectory="a344ccb0-f22b-42e9-b937-16369ea8d047" />
    <UnitTestResult executionId="e3031b4c-f653-4c4f-b93a-62cc83e0cc62" testId="6809f5e7-c2bc-4fff-6fe5-de0052e673a7" testName="Unfold.Tests.WindowsPetWindowTests.FailedEnableIsNotReportedAsSuccessAndCanRetry(failure: &quot;refresh&quot;)" computerName="hwanghyeonseong-ui-MacBookAir" duration="00:00:00.0000147" startTime="2026-10-06T16:24:22.5623820+09:00" endTime="2026-10-06T16:24:22.5624130+09:00" testType="13cdc9d9-ddb5-4fa4-a97d-d965ccfc6d4b" outcome="Passed" testListId="8c84fa94-04c1-424b-9868-57a2d4851a1d" relativeResultsDirectory="e3031b4c-f653-4c4f-b93a-62cc83e0cc62" />
    <UnitTestResult executionId="bf7d967a-1eb7-457a-9daf-5e7c4b9a9bcf" testId="ae5bf0fa-4455-fe66-89c1-65f547208c33" testName="Unfold.Tests.PetClickThroughTests.MacInputRequiresARealNativeWindow(descriptor: &quot;NSWindow&quot;, value: 0, expected: False)" computerName="hwanghyeonseong-ui-MacBookAir" duration="00:00:00.0001382" startTime="2026-10-06T16:24:24.0362540+09:00" endTime="2026-10-06T16:24:24.0364070+09:00" testType="13cdc9d9-ddb5-4fa4-a97d-d965ccfc6d4b" outcome="Passed" testListId="8c84fa94-04c1-424b-9868-57a2d4851a1d" relativeResultsDirectory="bf7d967a-1eb7-457a-9daf-5e7c4b9a9bcf" />
    <UnitTestResult executionId="7a0ae60f-514f-45d2-834c-188721fcc533" testId="bda7a9ae-5a9f-8a30-87ec-385476338231" testName="Unfold.Tests.PetHoverTests.HoverEntryAndExitNeverResizeOrMoveTheNativePetSurface(direction: Bottom)" computerName="hwanghyeonseong-ui-MacBookAir" duration="00:00:00.0409069" startTime="2026-10-06T16:24:23.7493390+09:00" endTime="2026-10-06T16:24:23.7902930+09:00" testType="13cdc9d9-ddb5-4fa4-a97d-d965ccfc6d4b" outcome="Passed" testListId="8c84fa94-04c1-424b-9868-57a2d4851a1d" relativeResultsDirectory="7a0ae60f-514f-45d2-834c-188721fcc533" />
    <UnitTestResult executionId="d1e8f023-7be5-473a-b522-90f9821d5c43" testId="232e9df9-0d9e-b524-8885-19948148c18e" testName="Unfold.Tests.GlbCompatibilityTests.OverlappingBlendSurfacesRetainStraightAlphaAndSortBackToFront" computerName="hwanghyeonseong-ui-MacBookAir" duration="00:00:00.0012683" startTime="2026-10-06T16:24:22.2830920+09:00" endTime="2026-10-06T16:24:22.2843740+09:00" testType="13cdc9d9-ddb5-4fa4-a97d-d965ccfc6d4b" outcome="Passed" testListId="8c84fa94-04c1-424b-9868-57a2d4851a1d" relativeResultsDirectory="d1e8f023-7be5-473a-b522-90f9821d5c43" />
    <UnitTestResult executionId="eebe30f0-8535-4026-8479-4a4a0ad62a46" testId="6b7f0d3e-707a-820d-7d4b-45d410fe51aa" testName="Unfold.Tests.WindowsPetWindowTests.InputRoutingRequiresARealWindowsHandle(descriptor: &quot;HWND&quot;, value: 1, expected: True)" computerName="hwanghyeonseong-ui-MacBookAir" duration="00:00:00.0001192" startTime="2026-10-06T16:24:22.2144200+09:00" endTime="2026-10-06T16:24:22.2145540+09:00" testType="13cdc9d9-ddb5-4fa4-a97d-d965ccfc6d4b" outcome="Passed" testListId="8c84fa94-04c1-424b-9868-57a2d4851a1d" relativeResultsDirectory="eebe30f0-8535-4026-8479-4a4a0ad62a46" />
    <UnitTestResult executionId="9bed0741-34b3-4a03-a193-c285f854f72e" testId="ca549a2a-0f89-b71c-ba9c-699761eb19cd" testName="Unfold.Tests.GlbCompatibilityTests.BlendIsSortedAndOccludedByOpaqueGeometryRegardlessOfFileOrder" computerName="hwanghyeonseong-ui-MacBookAir" duration="00:00:00.0014308" startTime="2026-10-06T16:24:22.5203180+09:00" endTime="2026-10-06T16:24:22.5217640+09:00" testType="13cdc9d9-ddb5-4fa4-a97d-d965ccfc6d4b" outcome="Passed" testListId="8c84fa94-04c1-424b-9868-57a2d4851a1d" relativeResultsDirectory="9bed0741-34b3-4a03-a193-c285f854f72e" />
    <UnitTestResult executionId="45f43e4b-d453-47ec-aae6-bf7644c95c10" testId="bc6e7344-a5bc-7216-e079-83a76eb7ffb0" testName="Unfold.Tests.PetHoverTests.TimeAndCountdownRefreshAndShowPausedStoppedAndIdleStates" computerName="hwanghyeonseong-ui-MacBookAir" duration="00:00:00.0194667" startTime="2026-10-06T16:24:22.9166220+09:00" endTime="2026-10-06T16:24:22.9361160+09:00" testType="13cdc9d9-ddb5-4fa4-a97d-d965ccfc6d4b" outcome="Passed" testListId="8c84fa94-04c1-424b-9868-57a2d4851a1d" relativeResultsDirectory="45f43e4b-d453-47ec-aae6-bf7644c95c10" />
    <UnitTestResult executionId="e470e854-5b17-4c09-8399-1baf1221642d" testId="f889cec5-bd96-b0d7-2931-e2a930ae3160" testName="Unfold.Tests.PetHoverTests.ReminderTakesPriorityAndTheHoverCannotReplaceItsActions" computerName="hwanghyeonseong-ui-MacBookAir" duration="00:00:00.0403593" startTime="2026-10-06T16:24:22.9385050+09:00" endTime="2026-10-06T16:24:22.9788910+09:00" testType="13cdc9d9-ddb5-4fa4-a97d-d965ccfc6d4b" outcome="Passed" testListId="8c84fa94-04c1-424b-9868-57a2d4851a1d" relativeResultsDirectory="e470e854-5b17-4c09-8399-1baf1221642d" />
    <UnitTestResult executionId="dd69f243-037b-4af3-8662-301c6c51fa2c" testId="6738e408-5737-398c-6b65-69a282d7570c" testName="Unfold.Tests.PetHoverTests.HoverWindowMovesOnlyAfterThePetVisualHasItsNewOffset(direction: Top)" computerName="hwanghyeonseong-ui-MacBookAir" duration="00:00:00.0309393" startTime="2026-10-06T16:24:23.0201290+09:00" endTime="2026-10-06T16:24:23.0510920+09:00" testType="13cdc9d9-ddb5-4fa4-a97d-d965ccfc6d4b" outcome="Passed" testListId="8c84fa94-04c1-424b-9868-57a2d4851a1d" relativeResultsDirectory="dd69f243-037b-4af3-8662-301c6c51fa2c" />
    <UnitTestResult executionId="c099bf22-c5d9-44c9-8af0-f76c4959bd9e" testId="29df1402-82a8-2794-1e92-74da80216bea" testName="Unfold.Tests.WindowsPetWindowTests.FailedEnableIsNotReportedAsSuccessAndCanRetry(failure: &quot;read&quot;)" computerName="hwanghyeonseong-ui-MacBookAir" duration="00:00:00.0000066" startTime="2026-10-06T16:24:22.5622600+09:00" endTime="2026-10-06T16:24:22.5622760+09:00" testType="13cdc9d9-ddb5-4fa4-a97d-d965ccfc6d4b" outcome="Passed" testListId="8c84fa94-04c1-424b-9868-57a2d4851a1d" relativeResultsDirectory="c099bf22-c5d9-44c9-8af0-f76c4959bd9e" />
    <UnitTestResult executionId="a6118f0e-9602-4f7e-8cab-779c7328614c" testId="aed38eb0-39e3-784b-6f7a-749a2430e3bb" testName="Unfold.Tests.WindowsPetWindowTests.HeadlessAndOtherPlatformsDoNotReachWin32OrShowTheWindow" computerName="hwanghyeonseong-ui-MacBookAir" duration="00:00:00.0682781" startTime="2026-10-06T16:24:22.4848810+09:00" endTime="2026-10-06T16:24:22.5532390+09:00" testType="13cdc9d9-ddb5-4fa4-a97d-d965ccfc6d4b" outcome="Passed" testListId="8c84fa94-04c1-424b-9868-57a2d4851a1d" relativeResultsDirectory="a6118f0e-9602-4f7e-8cab-779c7328614c" />
    <UnitTestResult executionId="55dc64ff-b4de-4086-a804-8ae5b35b2cb7" testId="25d49cf8-fd3a-f035-5e5b-8731b8841b62" testName="Unfold.Tests.PetHoverTests.HoverFitsAtEveryMonitorCornerWithoutMovingThePet(scale: 1, size: 96)" computerName="hwanghyeonseong-ui-MacBookAir" duration="00:00:00.0001496" startTime="2026-10-06T16:24:22.9143370+09:00" endTime="2026-10-06T16:24:22.9144980+09:00" testType="13cdc9d9-ddb5-4fa4-a97d-d965ccfc6d4b" outcome="Passed" testListId="8c84fa94-04c1-424b-9868-57a2d4851a1d" relativeResultsDirectory="55dc64ff-b4de-4086-a804-8ae5b35b2cb7" />
    <UnitTestResult executionId="674b5a59-3be8-4d48-a07c-a9f7e17c99e4" testId="d86e95ce-1ebb-cbe7-d6b1-c70498b6d21c" testName="Unfold.Tests.WindowsPetWindowTests.CrossProcessClickThroughAddsAndInitializesALayer(initial: 2097288)" computerName="hwanghyeonseong-ui-MacBookAir" duration="00:00:00.0160906" startTime="2026-10-06T16:24:22.1882180+09:00" endTime="2026-10-06T16:24:22.2084540+09:00" testType="13cdc9d9-ddb5-4fa4-a97d-d965ccfc6d4b" outcome="Passed" testListId="8c84fa94-04c1-424b-9868-57a2d4851a1d" relativeResultsDirectory="674b5a59-3be8-4d48-a07c-a9f7e17c99e4" />
    <UnitTestResult executionId="f068c5f1-475e-4251-92ce-60bd288ed482" testId="dbffce19-6871-2da7-4fea-d5b2ad69b24d" testName="Unfold.Tests.WindowsPetWindowTests.InteractiveStateClearsUnexpectedNativeTransparency" computerName="hwanghyeonseong-ui-MacBookAir" duration="00:00:00.0001720" startTime="2026-10-06T16:24:22.5633060+09:00" endTime="2026-10-06T16:24:22.5634890+09:00" testType="13cdc9d9-ddb5-4fa4-a97d-d965ccfc6d4b" outcome="Passed" testListId="8c84fa94-04c1-424b-9868-57a2d4851a1d" relativeResultsDirectory="f068c5f1-475e-4251-92ce-60bd288ed482" />
    <UnitTestResult executionId="8e0b29a0-25cd-4d14-9b5e-2c7be3ab109d" testId="220cf46c-a129-e617-0038-4f80573b57a6" testName="Unfold.Tests.GlbCompatibilityTests.SharedTriangleEdgeDoesNotBlendTwiceAndTransparentTexelsDoNotOcclude" computerName="hwanghyeonseong-ui-MacBookAir" duration="00:00:00.0040396" startTime="2026-10-06T16:24:22.2555650+09:00" endTime="2026-10-06T16:24:22.2596190+09:00" testType="13cdc9d9-ddb5-4fa4-a97d-d965ccfc6d4b" outcome="Passed" testListId="8c84fa94-04c1-424b-9868-57a2d4851a1d" relativeResultsDirectory="8e0b29a0-25cd-4d14-9b5e-2c7be3ab109d" />
    <UnitTestResult executionId="cfff7898-2722-48b2-98c6-5a230503202a" testId="41f757c9-daed-61cf-1bc6-98b63f805621" testName="Unfold.Tests.PetHoverTests.RepeatedClicksDoNotResizeOrMoveTheHoverWindow(original: False)" computerName="hwanghyeonseong-ui-MacBookAir" duration="00:00:00.3247236" startTime="2026-10-06T16:24:23.1167250+09:00" endTime="2026-10-06T16:24:23.4414990+09:00" testType="13cdc9d9-ddb5-4fa4-a97d-d965ccfc6d4b" outcome="Passed" testListId="8c84fa94-04c1-424b-9868-57a2d4851a1d" relativeResultsDirectory="cfff7898-2722-48b2-98c6-5a230503202a" />
    <UnitTestResult executionId="6b216d31-8150-487b-892a-822168625907" testId="6672e611-099d-e34f-6c28-5bc817db92eb" testName="Unfold.Tests.PetHoverTests.HoverWindowMovesOnlyAfterThePetVisualHasItsNewOffset(direction: Right)" computerName="hwanghyeonseong-ui-MacBookAir" duration="00:00:00.0277459" startTime="2026-10-06T16:24:23.0536670+09:00" endTime="2026-10-06T16:24:23.0814360+09:00" testType="13cdc9d9-ddb5-4fa4-a97d-d965ccfc6d4b" outcome="Passed" testListId="8c84fa94-04c1-424b-9868-57a2d4851a1d" relativeResultsDirectory="6b216d31-8150-487b-892a-822168625907" />
    <UnitTestResult executionId="5051ab70-f9f6-40ab-995c-bc74f1bcdc04" testId="2b01a505-d8e0-b5d8-0677-c4ecafb5019e" testName="Unfold.Tests.PetClickThroughTests.CapturedDragRetainsInputUntilReleaseAndHiddenPetCannotCapture" computerName="hwanghyeonseong-ui-MacBookAir" duration="00:00:00.0322704" startTime="2026-10-06T16:24:24.2335600+09:00" endTime="2026-10-06T16:24:24.2658700+09:00" testType="13cdc9d9-ddb5-4fa4-a97d-d965ccfc6d4b" outcome="Passed" testListId="8c84fa94-04c1-424b-9868-57a2d4851a1d" relativeResultsDirectory="5051ab70-f9f6-40ab-995c-bc74f1bcdc04" />
    <UnitTestResult executionId="2ea4b2ec-7c5c-4f1a-98a9-a6c287ea508d" testId="ec483707-569a-ede5-b801-1a01c882cb53" testName="Unfold.Tests.PetHoverTests.CursorPollingRequiresANonzeroWindowsNativeHandle(descriptor: &quot;NSWindow&quot;, value: 1, expected: False)" computerName="hwanghyeonseong-ui-MacBookAir" duration="00:00:00.0001083" startTime="2026-10-06T16:24:22.9082970+09:00" endTime="2026-10-06T16:24:22.9084180+09:00" testType="13cdc9d9-ddb5-4fa4-a97d-d965ccfc6d4b" outcome="Passed" testListId="8c84fa94-04c1-424b-9868-57a2d4851a1d" relativeResultsDirectory="2ea4b2ec-7c5c-4f1a-98a9-a6c287ea508d" />
    <UnitTestResult executionId="5382f720-8155-4de5-bbad-218574037f99" testId="8794c2f9-2fc3-f363-e881-575e23433ee6" testName="Unfold.Tests.PetHoverTests.HoverEntryAndExitNeverResizeOrMoveTheNativePetSurface(direction: Left)" computerName="hwanghyeonseong-ui-MacBookAir" duration="00:00:00.0343174" startTime="2026-10-06T16:24:23.7938220+09:00" endTime="2026-10-06T16:24:23.8282030+09:00" testType="13cdc9d9-ddb5-4fa4-a97d-d965ccfc6d4b" outcome="Passed" testListId="8c84fa94-04c1-424b-9868-57a2d4851a1d" relativeResultsDirectory="5382f720-8155-4de5-bbad-218574037f99" />
    <UnitTestResult executionId="1837bd4b-002b-401e-a98b-d81148093d28" testId="a940ab84-88d8-08d1-b6bc-9f7e7c6ab8fb" testName="Unfold.Tests.PetClickThroughTests.CaptureMovingToAnotherWindowDoesNotBlockTransparentPixels" computerName="hwanghyeonseong-ui-MacBookAir" duration="00:00:00.0408740" startTime="2026-10-06T16:24:24.2903560+09:00" endTime="2026-10-06T16:24:24.3312960+09:00" testType="13cdc9d9-ddb5-4fa4-a97d-d965ccfc6d4b" outcome="Passed" testListId="8c84fa94-04c1-424b-9868-57a2d4851a1d" relativeResultsDirectory="1837bd4b-002b-401e-a98b-d81148093d28" />
    <UnitTestResult executionId="06d26c45-3c82-4bde-9e6a-4b98503c1fc6" testId="f3552d42-6b47-376b-d092-ff1cf5993f27" testName="Unfold.Tests.PetClickThroughTests.PixelPickingFollowsSizeAndFacingDirection(scale: 50, mirrored: False)" computerName="hwanghyeonseong-ui-MacBookAir" duration="00:00:00.0229982" startTime="2026-10-06T16:24:24.1820070+09:00" endTime="2026-10-06T16:24:24.2050350+09:00" testType="13cdc9d9-ddb5-4fa4-a97d-d965ccfc6d4b" outcome="Passed" testListId="8c84fa94-04c1-424b-9868-57a2d4851a1d" relativeResultsDirectory="06d26c45-3c82-4bde-9e6a-4b98503c1fc6" />
    <UnitTestResult executionId="46d8619b-0741-447e-97ff-f4143bd2b648" testId="4656a18c-f15a-e9d9-25b6-7cb2edf8ae79" testName="Unfold.Tests.PetClickThroughTests.ContextMenuRetainsInputUntilClosed" computerName="hwanghyeonseong-ui-MacBookAir" duration="00:00:00.0865306" startTime="2026-10-06T16:24:24.0387630+09:00" endTime="2026-10-06T16:24:24.1253300+09:00" testType="13cdc9d9-ddb5-4fa4-a97d-d965ccfc6d4b" outcome="Passed" testListId="8c84fa94-04c1-424b-9868-57a2d4851a1d" relativeResultsDirectory="46d8619b-0741-447e-97ff-f4143bd2b648" />
    <UnitTestResult executionId="817ee471-a790-47b7-ae1f-a8e9e1296cc2" testId="09b4e048-2f6f-4755-1a60-760358e06ffe" testName="Unfold.Tests.PetHoverTests.CursorPollingRequiresANonzeroWindowsNativeHandle(descriptor: &quot;HWND&quot;, value: 0, expected: False)" computerName="hwanghyeonseong-ui-MacBookAir" duration="00:00:00.0000080" startTime="2026-10-06T16:24:22.9085260+09:00" endTime="2026-10-06T16:24:22.9085450+09:00" testType="13cdc9d9-ddb5-4fa4-a97d-d965ccfc6d4b" outcome="Passed" testListId="8c84fa94-04c1-424b-9868-57a2d4851a1d" relativeResultsDirectory="817ee471-a790-47b7-ae1f-a8e9e1296cc2" />
    <UnitTestResult executionId="4cbfeb53-3cd6-4c12-b567-6d6882d7207b" testId="eb20d70b-9959-84ed-9857-071f964b6f40" testName="Unfold.Tests.WindowsPetWindowTests.FailedEnableIsNotReportedAsSuccessAndCanRetry(failure: &quot;layer&quot;)" computerName="hwanghyeonseong-ui-MacBookAir" duration="00:00:00.0000083" startTime="2026-10-06T16:24:22.5621680+09:00" endTime="2026-10-06T16:24:22.5621880+09:00" testType="13cdc9d9-ddb5-4fa4-a97d-d965ccfc6d4b" outcome="Passed" testListId="8c84fa94-04c1-424b-9868-57a2d4851a1d" relativeResultsDirectory="4cbfeb53-3cd6-4c12-b567-6d6882d7207b" />
    <UnitTestResult executionId="039567ee-a700-4415-a617-7435558453db" testId="766ada18-ef69-dc57-a816-435e4122d20e" testName="Unfold.Tests.GlbCompatibilityTests.RepeatedMeshInstancesCannotExceedTheFrameTriangleBudget" computerName="hwanghyeonseong-ui-MacBookAir" duration="00:00:00.0077211" startTime="2026-10-06T16:24:22.5123860+09:00" endTime="2026-10-06T16:24:22.5201340+09:00" testType="13cdc9d9-ddb5-4fa4-a97d-d965ccfc6d4b" outcome="Passed" testListId="8c84fa94-04c1-424b-9868-57a2d4851a1d" relativeResultsDirectory="039567ee-a700-4415-a617-7435558453db" />
  </Results>
  <TestDefinitions>
    <UnitTest name="Unfold.Tests.PetHoverTests.HoverWindowMovesOnlyAfterThePetVisualHasItsNewOffset(direction: Left)" storage="/tmp/unfold-review-20261006-artifacts/bin/unfold.tests/release/unfold.tests.dll" id="cd36cd73-2b03-7e73-4b49-a90b06b2ae54">
      <Execution id="0ba56d02-39d2-4ac0-bd7f-e18e785e4a9c" />
      <TestMethod codeBase="/tmp/unfold-review-20261006-artifacts/bin/Unfold.Tests/release/Unfold.Tests.dll" adapterTypeName="executor://xunit/VsTestRunner3/netcore/" className="Unfold.Tests.PetHoverTests" name="HoverWindowMovesOnlyAfterThePetVisualHasItsNewOffset" />
    </UnitTest>
    <UnitTest name="Unfold.Tests.PetHoverTests.HoverEntryAndExitNeverResizeOrMoveTheNativePetSurface(direction: Bottom)" storage="/tmp/unfold-review-20261006-artifacts/bin/unfold.tests/release/unfold.tests.dll" id="bda7a9ae-5a9f-8a30-87ec-385476338231">
      <Execution id="7a0ae60f-514f-45d2-834c-188721fcc533" />
      <TestMethod codeBase="/tmp/unfold-review-20261006-artifacts/bin/Unfold.Tests/release/Unfold.Tests.dll" adapterTypeName="executor://xunit/VsTestRunner3/netcore/" className="Unfold.Tests.PetHoverTests" name="HoverEntryAndExitNeverResizeOrMoveTheNativePetSurface" />
    </UnitTest>
    <UnitTest name="Unfold.Tests.PetClickThroughTests.NativePollingNeverUsesHeadlessHandles" storage="/tmp/unfold-review-20261006-artifacts/bin/unfold.tests/release/unfold.tests.dll" id="807b8106-aa4c-1730-23de-68a631b55963">
      <Execution id="fd00c8f1-e5e3-43a6-a714-5480d71abecd" />
      <TestMethod codeBase="/tmp/unfold-review-20261006-artifacts/bin/Unfold.Tests/release/Unfold.Tests.dll" adapterTypeName="executor://xunit/VsTestRunner3/netcore/" className="Unfold.Tests.PetClickThroughTests" name="NativePollingNeverUsesHeadlessHandles" />
    </UnitTest>
    <UnitTest name="Unfold.Tests.WindowsPetWindowTests.InputRoutingRequiresARealWindowsHandle(descriptor: &quot;HWND&quot;, value: 0, expected: False)" storage="/tmp/unfold-review-20261006-artifacts/bin/unfold.tests/release/unfold.tests.dll" id="4688401e-f526-3240-0b51-95dc2d56224c">
      <Execution id="0cdbbad2-8465-4c29-ae42-89961d9c9435" />
      <TestMethod codeBase="/tmp/unfold-review-20261006-artifacts/bin/Unfold.Tests/release/Unfold.Tests.dll" adapterTypeName="executor://xunit/VsTestRunner3/netcore/" className="Unfold.Tests.WindowsPetWindowTests" name="InputRoutingRequiresARealWindowsHandle" />
    </UnitTest>
    <UnitTest name="Unfold.Tests.PetClickThroughTests.MacInputRequiresARealNativeWindow(descriptor: &quot;Headless&quot;, value: 1, expected: False)" storage="/tmp/unfold-review-20261006-artifacts/bin/unfold.tests/release/unfold.tests.dll" id="43bfddc4-42d3-8676-2906-636622f49b34">
      <Execution id="42db25c9-32f0-44d2-a4ff-e4e6c5abe64b" />
      <TestMethod codeBase="/tmp/unfold-review-20261006-artifacts/bin/Unfold.Tests/release/Unfold.Tests.dll" adapterTypeName="executor://xunit/VsTestRunner3/netcore/" className="Unfold.Tests.PetClickThroughTests" name="MacInputRequiresARealNativeWindow" />
    </UnitTest>
    <UnitTest name="Unfold.Tests.PetHoverTests.TimeAndCountdownRefreshAndShowPausedStoppedAndIdleStates" storage="/tmp/unfold-review-20261006-artifacts/bin/unfold.tests/release/unfold.tests.dll" id="bc6e7344-a5bc-7216-e079-83a76eb7ffb0">
      <Execution id="45f43e4b-d453-47ec-aae6-bf7644c95c10" />
      <TestMethod codeBase="/tmp/unfold-review-20261006-artifacts/bin/Unfold.Tests/release/Unfold.Tests.dll" adapterTypeName="executor://xunit/VsTestRunner3/netcore/" className="Unfold.Tests.PetHoverTests" name="TimeAndCountdownRefreshAndShowPausedStoppedAndIdleStates" />
    </UnitTest>
    <UnitTest name="Unfold.Tests.WindowsPetWindowTests.FailedDisableCanRetryWithoutLosingTheLayer" storage="/tmp/unfold-review-20261006-artifacts/bin/unfold.tests/release/unfold.tests.dll" id="babd7c50-ccd0-abde-b317-c9e73d59c901">
      <Execution id="5ad667db-5237-4bd7-90d2-0bd3526da91f" />
      <TestMethod codeBase="/tmp/unfold-review-20261006-artifacts/bin/Unfold.Tests/release/Unfold.Tests.dll" adapterTypeName="executor://xunit/VsTestRunner3/netcore/" className="Unfold.Tests.WindowsPetWindowTests" name="FailedDisableCanRetryWithoutLosingTheLayer" />
    </UnitTest>
    <UnitTest name="Unfold.Tests.PetClickThroughTests.CapturedDragRetainsInputUntilReleaseAndHiddenPetCannotCapture" storage="/tmp/unfold-review-20261006-artifacts/bin/unfold.tests/release/unfold.tests.dll" id="2b01a505-d8e0-b5d8-0677-c4ecafb5019e">
      <Execution id="5051ab70-f9f6-40ab-995c-bc74f1bcdc04" />
      <TestMethod codeBase="/tmp/unfold-review-20261006-artifacts/bin/Unfold.Tests/release/Unfold.Tests.dll" adapterTypeName="executor://xunit/VsTestRunner3/netcore/" className="Unfold.Tests.PetClickThroughTests" name="CapturedDragRetainsInputUntilReleaseAndHiddenPetCannotCapture" />
    </UnitTest>
    <UnitTest name="Unfold.Tests.PetHoverTests.HoverFitsAtEveryMonitorCornerWithoutMovingThePet(scale: 1.5, size: 192)" storage="/tmp/unfold-review-20261006-artifacts/bin/unfold.tests/release/unfold.tests.dll" id="a970cef2-fbf8-121e-0d9b-8876e0d01e75">
      <Execution id="a09f6496-5e35-441b-bee0-6fa1298076ba" />
      <TestMethod codeBase="/tmp/unfold-review-20261006-artifacts/bin/Unfold.Tests/release/Unfold.Tests.dll" adapterTypeName="executor://xunit/VsTestRunner3/netcore/" className="Unfold.Tests.PetHoverTests" name="HoverFitsAtEveryMonitorCornerWithoutMovingThePet" />
    </UnitTest>
    <UnitTest name="Unfold.Tests.GlbCompatibilityTests.AlphaModesPreserveTransparencyAndExistingCutoutBehavior(mode: &quot;MASK&quot;, alpha: 0.899999976, expected: 4294901760)" storage="/tmp/unfold-review-20261006-artifacts/bin/unfold.tests/release/unfold.tests.dll" id="d8fc2259-2c12-1c0a-413f-1752a3bc13ac">
      <Execution id="00e41b87-741b-4c6b-90d7-e7f3f728cbf5" />
      <TestMethod codeBase="/tmp/unfold-review-20261006-artifacts/bin/Unfold.Tests/release/Unfold.Tests.dll" adapterTypeName="executor://xunit/VsTestRunner3/netcore/" className="Unfold.Tests.GlbCompatibilityTests" name="AlphaModesPreserveTransparencyAndExistingCutoutBehavior" />
    </UnitTest>
    <UnitTest name="Unfold.Tests.PetHoverTests.RepeatedClicksDoNotResizeOrMoveTheHoverWindow(original: False)" storage="/tmp/unfold-review-20261006-artifacts/bin/unfold.tests/release/unfold.tests.dll" id="41f757c9-daed-61cf-1bc6-98b63f805621">
      <Execution id="cfff7898-2722-48b2-98c6-5a230503202a" />
      <TestMethod codeBase="/tmp/unfold-review-20261006-artifacts/bin/Unfold.Tests/release/Unfold.Tests.dll" adapterTypeName="executor://xunit/VsTestRunner3/netcore/" className="Unfold.Tests.PetHoverTests" name="RepeatedClicksDoNotResizeOrMoveTheHoverWindow" />
    </UnitTest>
    <UnitTest name="Unfold.Tests.WindowsPetWindowTests.FailedEnableIsNotReportedAsSuccessAndCanRetry(failure: &quot;layer&quot;)" storage="/tmp/unfold-review-20261006-artifacts/bin/unfold.tests/release/unfold.tests.dll" id="eb20d70b-9959-84ed-9857-071f964b6f40">
      <Execution id="4cbfeb53-3cd6-4c12-b567-6d6882d7207b" />
      <TestMethod codeBase="/tmp/unfold-review-20261006-artifacts/bin/Unfold.Tests/release/Unfold.Tests.dll" adapterTypeName="executor://xunit/VsTestRunner3/netcore/" className="Unfold.Tests.WindowsPetWindowTests" name="FailedEnableIsNotReportedAsSuccessAndCanRetry" />
    </UnitTest>
    <UnitTest name="Unfold.Tests.PetClickThroughTests.MacInputRequiresARealNativeWindow(descriptor: &quot;NSWindow&quot;, value: 1, expected: True)" storage="/tmp/unfold-review-20261006-artifacts/bin/unfold.tests/release/unfold.tests.dll" id="c1de91ee-a5fb-33a5-6ea7-c687ea34d341">
      <Execution id="983d1610-db7c-4357-b1c4-584f70829a2a" />
      <TestMethod codeBase="/tmp/unfold-review-20261006-artifacts/bin/Unfold.Tests/release/Unfold.Tests.dll" adapterTypeName="executor://xunit/VsTestRunner3/netcore/" className="Unfold.Tests.PetClickThroughTests" name="MacInputRequiresARealNativeWindow" />
    </UnitTest>
    <UnitTest name="Unfold.Tests.PetHoverTests.CursorPollingRequiresANonzeroWindowsNativeHandle(descriptor: &quot;NSWindow&quot;, value: 1, expected: False)" storage="/tmp/unfold-review-20261006-artifacts/bin/unfold.tests/release/unfold.tests.dll" id="ec483707-569a-ede5-b801-1a01c882cb53">
      <Execution id="2ea4b2ec-7c5c-4f1a-98a9-a6c287ea508d" />
      <TestMethod codeBase="/tmp/unfold-review-20261006-artifacts/bin/Unfold.Tests/release/Unfold.Tests.dll" adapterTypeName="executor://xunit/VsTestRunner3/netcore/" className="Unfold.Tests.PetHoverTests" name="CursorPollingRequiresANonzeroWindowsNativeHandle" />
    </UnitTest>
    <UnitTest name="Unfold.Tests.GlbCompatibilityTests.DuplicateTimeKeysRemainRejectedWithTheFailingAnimationName" storage="/tmp/unfold-review-20261006-artifacts/bin/unfold.tests/release/unfold.tests.dll" id="fd3831b4-9e3d-38fb-503a-ce1274058e13">
      <Execution id="e8285275-3b9d-4965-b42b-e170bacf9d86" />
      <TestMethod codeBase="/tmp/unfold-review-20261006-artifacts/bin/Unfold.Tests/release/Unfold.Tests.dll" adapterTypeName="executor://xunit/VsTestRunner3/netcore/" className="Unfold.Tests.GlbCompatibilityTests" name="DuplicateTimeKeysRemainRejectedWithTheFailingAnimationName" />
    </UnitTest>
    <UnitTest name="Unfold.Tests.PetHoverTests.RepeatedClicksDoNotResizeOrMoveTheHoverWindow(original: True)" storage="/tmp/unfold-review-20261006-artifacts/bin/unfold.tests/release/unfold.tests.dll" id="06535e7b-fb81-a238-117d-d89ec42ad5e0">
      <Execution id="f54227d5-5047-4bca-ad16-9bab1d6fd0eb" />
      <TestMethod codeBase="/tmp/unfold-review-20261006-artifacts/bin/Unfold.Tests/release/Unfold.Tests.dll" adapterTypeName="executor://xunit/VsTestRunner3/netcore/" className="Unfold.Tests.PetHoverTests" name="RepeatedClicksDoNotResizeOrMoveTheHoverWindow" />
    </UnitTest>
    <UnitTest name="Unfold.Tests.PetHoverTests.HoverFitsAtEveryMonitorCornerWithoutMovingThePet(scale: 1, size: 96)" storage="/tmp/unfold-review-20261006-artifacts/bin/unfold.tests/release/unfold.tests.dll" id="25d49cf8-fd3a-f035-5e5b-8731b8841b62">
      <Execution id="55dc64ff-b4de-4086-a804-8ae5b35b2cb7" />
      <TestMethod codeBase="/tmp/unfold-review-20261006-artifacts/bin/Unfold.Tests/release/Unfold.Tests.dll" adapterTypeName="executor://xunit/VsTestRunner3/netcore/" className="Unfold.Tests.PetHoverTests" name="HoverFitsAtEveryMonitorCornerWithoutMovingThePet" />
    </UnitTest>
    <UnitTest name="Unfold.Tests.PetHoverTests.HeadlessPetNeverQualifiesForNativeCursorPolling" storage="/tmp/unfold-review-20261006-artifacts/bin/unfold.tests/release/unfold.tests.dll" id="a3081f45-d28a-8d9d-5225-d3ea86105e90">
      <Execution id="6d0c9c3f-655f-4e33-89ff-28e6d39efbd6" />
      <TestMethod codeBase="/tmp/unfold-review-20261006-artifacts/bin/Unfold.Tests/release/Unfold.Tests.dll" adapterTypeName="executor://xunit/VsTestRunner3/netcore/" className="Unfold.Tests.PetHoverTests" name="HeadlessPetNeverQualifiesForNativeCursorPolling" />
    </UnitTest>
    <UnitTest name="Unfold.Tests.PetClickThroughTests.CaptureMovingToAnotherWindowDoesNotBlockTransparentPixels" storage="/tmp/unfold-review-20261006-artifacts/bin/unfold.tests/release/unfold.tests.dll" id="a940ab84-88d8-08d1-b6bc-9f7e7c6ab8fb">
      <Execution id="1837bd4b-002b-401e-a98b-d81148093d28" />
      <TestMethod codeBase="/tmp/unfold-review-20261006-artifacts/bin/Unfold.Tests/release/Unfold.Tests.dll" adapterTypeName="executor://xunit/VsTestRunner3/netcore/" className="Unfold.Tests.PetClickThroughTests" name="CaptureMovingToAnotherWindowDoesNotBlockTransparentPixels" />
    </UnitTest>
    <UnitTest name="Unfold.Tests.WindowsPetWindowTests.FailedEnableIsNotReportedAsSuccessAndCanRetry(failure: &quot;refresh&quot;)" storage="/tmp/unfold-review-20261006-artifacts/bin/unfold.tests/release/unfold.tests.dll" id="6809f5e7-c2bc-4fff-6fe5-de0052e673a7">
      <Execution id="e3031b4c-f653-4c4f-b93a-62cc83e0cc62" />
      <TestMethod codeBase="/tmp/unfold-review-20261006-artifacts/bin/Unfold.Tests/release/Unfold.Tests.dll" adapterTypeName="executor://xunit/VsTestRunner3/netcore/" className="Unfold.Tests.WindowsPetWindowTests" name="FailedEnableIsNotReportedAsSuccessAndCanRetry" />
    </UnitTest>
    <UnitTest name="Unfold.Tests.PetHoverTests.ReminderTakesPriorityAndTheHoverCannotReplaceItsActions" storage="/tmp/unfold-review-20261006-artifacts/bin/unfold.tests/release/unfold.tests.dll" id="f889cec5-bd96-b0d7-2931-e2a930ae3160">
      <Execution id="e470e854-5b17-4c09-8399-1baf1221642d" />
      <TestMethod codeBase="/tmp/unfold-review-20261006-artifacts/bin/Unfold.Tests/release/Unfold.Tests.dll" adapterTypeName="executor://xunit/VsTestRunner3/netcore/" className="Unfold.Tests.PetHoverTests" name="ReminderTakesPriorityAndTheHoverCannotReplaceItsActions" />
    </UnitTest>
    <UnitTest name="Unfold.Tests.GlbCompatibilityTests.SharedTriangleEdgeDoesNotBlendTwiceAndTransparentTexelsDoNotOcclude" storage="/tmp/unfold-review-20261006-artifacts/bin/unfold.tests/release/unfold.tests.dll" id="220cf46c-a129-e617-0038-4f80573b57a6">
      <Execution id="8e0b29a0-25cd-4d14-9b5e-2c7be3ab109d" />
      <TestMethod codeBase="/tmp/unfold-review-20261006-artifacts/bin/Unfold.Tests/release/Unfold.Tests.dll" adapterTypeName="executor://xunit/VsTestRunner3/netcore/" className="Unfold.Tests.GlbCompatibilityTests" name="SharedTriangleEdgeDoesNotBlendTwiceAndTransparentTexelsDoNotOcclude" />
    </UnitTest>
    <UnitTest name="Unfold.Tests.PetClickThroughTests.PixelPickingFollowsSizeAndFacingDirection(scale: 50, mirrored: False)" storage="/tmp/unfold-review-20261006-artifacts/bin/unfold.tests/release/unfold.tests.dll" id="f3552d42-6b47-376b-d092-ff1cf5993f27">
      <Execution id="06d26c45-3c82-4bde-9e6a-4b98503c1fc6" />
      <TestMethod codeBase="/tmp/unfold-review-20261006-artifacts/bin/Unfold.Tests/release/Unfold.Tests.dll" adapterTypeName="executor://xunit/VsTestRunner3/netcore/" className="Unfold.Tests.PetClickThroughTests" name="PixelPickingFollowsSizeAndFacingDirection" />
    </UnitTest>
    <UnitTest name="Unfold.Tests.WindowsPetWindowTests.FailedEnableIsNotReportedAsSuccessAndCanRetry(failure: &quot;verify&quot;)" storage="/tmp/unfold-review-20261006-artifacts/bin/unfold.tests/release/unfold.tests.dll" id="dcaa4177-3f1e-d02b-8df0-14fab9f28b8b">
      <Execution id="f74f6b25-180c-4ddf-9c29-8889f5ca0043" />
      <TestMethod codeBase="/tmp/unfold-review-20261006-artifacts/bin/Unfold.Tests/release/Unfold.Tests.dll" adapterTypeName="executor://xunit/VsTestRunner3/netcore/" className="Unfold.Tests.WindowsPetWindowTests" name="FailedEnableIsNotReportedAsSuccessAndCanRetry" />
    </UnitTest>
    <UnitTest name="Unfold.Tests.PetHoverTests.HoverFitsAtEveryMonitorCornerWithoutMovingThePet(scale: 2, size: 288)" storage="/tmp/unfold-review-20261006-artifacts/bin/unfold.tests/release/unfold.tests.dll" id="efda193a-7061-9d76-2bad-518d6da1f298">
      <Execution id="112b4340-14c3-4fbf-9beb-81366c56c141" />
      <TestMethod codeBase="/tmp/unfold-review-20261006-artifacts/bin/Unfold.Tests/release/Unfold.Tests.dll" adapterTypeName="executor://xunit/VsTestRunner3/netcore/" className="Unfold.Tests.PetHoverTests" name="HoverFitsAtEveryMonitorCornerWithoutMovingThePet" />
    </UnitTest>
    <UnitTest name="Unfold.Tests.GlbCompatibilityTests.AlphaModesPreserveTransparencyAndExistingCutoutBehavior(mode: &quot;BLEND&quot;, alpha: 0, expected: 0)" storage="/tmp/unfold-review-20261006-artifacts/bin/unfold.tests/release/unfold.tests.dll" id="16993e20-1742-ea14-98d4-c79247a77a39">
      <Execution id="86a6cd8b-c425-4f7a-835d-1063ba194dee" />
      <TestMethod codeBase="/tmp/unfold-review-20261006-artifacts/bin/Unfold.Tests/release/Unfold.Tests.dll" adapterTypeName="executor://xunit/VsTestRunner3/netcore/" className="Unfold.Tests.GlbCompatibilityTests" name="AlphaModesPreserveTransparencyAndExistingCutoutBehavior" />
    </UnitTest>
    <UnitTest name="Unfold.Tests.GlbCompatibilityTests.AlphaModesPreserveTransparencyAndExistingCutoutBehavior(mode: &quot;OPAQUE&quot;, alpha: 0.100000001, expected: 4294901760)" storage="/tmp/unfold-review-20261006-artifacts/bin/unfold.tests/release/unfold.tests.dll" id="7b15ad56-3133-2ac7-3dad-6132bc69f4f6">
      <Execution id="b2e9aa86-811c-4a43-bc58-f1c901d4a537" />
      <TestMethod codeBase="/tmp/unfold-review-20261006-artifacts/bin/Unfold.Tests/release/Unfold.Tests.dll" adapterTypeName="executor://xunit/VsTestRunner3/netcore/" className="Unfold.Tests.GlbCompatibilityTests" name="AlphaModesPreserveTransparencyAndExistingCutoutBehavior" />
    </UnitTest>
    <UnitTest name="Unfold.Tests.WindowsPetWindowTests.InputRoutingRequiresARealWindowsHandle(descriptor: &quot;Headless&quot;, value: 1, expected: False)" storage="/tmp/unfold-review-20261006-artifacts/bin/unfold.tests/release/unfold.tests.dll" id="9e5807b1-dbf7-88cf-9b91-736bc37386a5">
      <Execution id="e1709694-d5b0-42b9-9d37-bf8d862edde5" />
      <TestMethod codeBase="/tmp/unfold-review-20261006-artifacts/bin/Unfold.Tests/release/Unfold.Tests.dll" adapterTypeName="executor://xunit/VsTestRunner3/netcore/" className="Unfold.Tests.WindowsPetWindowTests" name="InputRoutingRequiresARealWindowsHandle" />
    </UnitTest>
    <UnitTest name="Unfold.Tests.GlbCompatibilityTests.AlphaModesPreserveTransparencyAndExistingCutoutBehavior(mode: &quot;MASK&quot;, alpha: 0.100000001, expected: 0)" storage="/tmp/unfold-review-20261006-artifacts/bin/unfold.tests/release/unfold.tests.dll" id="e9aebf3b-9cfb-28f0-f2aa-488713c73a59">
      <Execution id="f82a6e2c-f439-4a06-9fa5-68f40bc3157c" />
      <TestMethod codeBase="/tmp/unfold-review-20261006-artifacts/bin/Unfold.Tests/release/Unfold.Tests.dll" adapterTypeName="executor://xunit/VsTestRunner3/netcore/" className="Unfold.Tests.GlbCompatibilityTests" name="AlphaModesPreserveTransparencyAndExistingCutoutBehavior" />
    </UnitTest>
    <UnitTest name="Unfold.Tests.PetHoverTests.PointerHoverShowsBothLinesAndLeavingOrHidingClosesIt" storage="/tmp/unfold-review-20261006-artifacts/bin/unfold.tests/release/unfold.tests.dll" id="522b3c47-f686-1ef9-7b6d-284f85553612">
      <Execution id="093b2a9c-c7e7-4fb6-bf8d-376eaf83e48f" />
      <TestMethod codeBase="/tmp/unfold-review-20261006-artifacts/bin/Unfold.Tests/release/Unfold.Tests.dll" adapterTypeName="executor://xunit/VsTestRunner3/netcore/" className="Unfold.Tests.PetHoverTests" name="PointerHoverShowsBothLinesAndLeavingOrHidingClosesIt" />
    </UnitTest>
    <UnitTest name="Unfold.Tests.GlbCompatibilityTests.DuplicateClipNamesRemainSelectableAndPersistWithoutCollidingWithAuthoredSuffixes" storage="/tmp/unfold-review-20261006-artifacts/bin/unfold.tests/release/unfold.tests.dll" id="601151bf-1d57-77d5-6206-3accab84a500">
      <Execution id="6135e112-6d68-4d5a-9d6f-fac61c7cee58" />
      <TestMethod codeBase="/tmp/unfold-review-20261006-artifacts/bin/Unfold.Tests/release/Unfold.Tests.dll" adapterTypeName="executor://xunit/VsTestRunner3/netcore/" className="Unfold.Tests.GlbCompatibilityTests" name="DuplicateClipNamesRemainSelectableAndPersistWithoutCollidingWithAuthoredSuffixes" />
    </UnitTest>
    <UnitTest name="Unfold.Tests.GlbCompatibilityTests.RepeatedMeshInstancesCannotExceedTheFrameTriangleBudget" storage="/tmp/unfold-review-20261006-artifacts/bin/unfold.tests/release/unfold.tests.dll" id="766ada18-ef69-dc57-a816-435e4122d20e">
      <Execution id="039567ee-a700-4415-a617-7435558453db" />
      <TestMethod codeBase="/tmp/unfold-review-20261006-artifacts/bin/Unfold.Tests/release/Unfold.Tests.dll" adapterTypeName="executor://xunit/VsTestRunner3/netcore/" className="Unfold.Tests.GlbCompatibilityTests" name="RepeatedMeshInstancesCannotExceedTheFrameTriangleBudget" />
    </UnitTest>
    <UnitTest name="Unfold.Tests.WindowsPetWindowTests.HeadlessAndOtherPlatformsDoNotReachWin32OrShowTheWindow" storage="/tmp/unfold-review-20261006-artifacts/bin/unfold.tests/release/unfold.tests.dll" id="aed38eb0-39e3-784b-6f7a-749a2430e3bb">
      <Execution id="a6118f0e-9602-4f7e-8cab-779c7328614c" />
      <TestMethod codeBase="/tmp/unfold-review-20261006-artifacts/bin/Unfold.Tests/release/Unfold.Tests.dll" adapterTypeName="executor://xunit/VsTestRunner3/netcore/" className="Unfold.Tests.WindowsPetWindowTests" name="HeadlessAndOtherPlatformsDoNotReachWin32OrShowTheWindow" />
    </UnitTest>
    <UnitTest name="Unfold.Tests.GlbCompatibilityTests.BlendIsSortedAndOccludedByOpaqueGeometryRegardlessOfFileOrder" storage="/tmp/unfold-review-20261006-artifacts/bin/unfold.tests/release/unfold.tests.dll" id="ca549a2a-0f89-b71c-ba9c-699761eb19cd">
      <Execution id="9bed0741-34b3-4a03-a193-c285f854f72e" />
      <TestMethod codeBase="/tmp/unfold-review-20261006-artifacts/bin/Unfold.Tests/release/Unfold.Tests.dll" adapterTypeName="executor://xunit/VsTestRunner3/netcore/" className="Unfold.Tests.GlbCompatibilityTests" name="BlendIsSortedAndOccludedByOpaqueGeometryRegardlessOfFileOrder" />
    </UnitTest>
    <UnitTest name="Unfold.Tests.PetHoverTests.HoverWindowMovesOnlyAfterThePetVisualHasItsNewOffset(direction: Right)" storage="/tmp/unfold-review-20261006-artifacts/bin/unfold.tests/release/unfold.tests.dll" id="6672e611-099d-e34f-6c28-5bc817db92eb">
      <Execution id="6b216d31-8150-487b-892a-822168625907" />
      <TestMethod codeBase="/tmp/unfold-review-20261006-artifacts/bin/Unfold.Tests/release/Unfold.Tests.dll" adapterTypeName="executor://xunit/VsTestRunner3/netcore/" className="Unfold.Tests.PetHoverTests" name="HoverWindowMovesOnlyAfterThePetVisualHasItsNewOffset" />
    </UnitTest>
    <UnitTest name="Unfold.Tests.WindowsPetWindowTests.CrossProcessClickThroughAddsAndInitializesALayer(initial: 2097288)" storage="/tmp/unfold-review-20261006-artifacts/bin/unfold.tests/release/unfold.tests.dll" id="d86e95ce-1ebb-cbe7-d6b1-c70498b6d21c">
      <Execution id="674b5a59-3be8-4d48-a07c-a9f7e17c99e4" />
      <TestMethod codeBase="/tmp/unfold-review-20261006-artifacts/bin/Unfold.Tests/release/Unfold.Tests.dll" adapterTypeName="executor://xunit/VsTestRunner3/netcore/" className="Unfold.Tests.WindowsPetWindowTests" name="CrossProcessClickThroughAddsAndInitializesALayer" />
    </UnitTest>
    <UnitTest name="Unfold.Tests.WindowsPetWindowTests.CrossProcessClickThroughAddsAndInitializesALayer(initial: 0)" storage="/tmp/unfold-review-20261006-artifacts/bin/unfold.tests/release/unfold.tests.dll" id="0e1d0641-e33e-0998-b729-39318111fa59">
      <Execution id="7d40e72f-4b10-4fb2-891d-41cca9f18b09" />
      <TestMethod codeBase="/tmp/unfold-review-20261006-artifacts/bin/Unfold.Tests/release/Unfold.Tests.dll" adapterTypeName="executor://xunit/VsTestRunner3/netcore/" className="Unfold.Tests.WindowsPetWindowTests" name="CrossProcessClickThroughAddsAndInitializesALayer" />
    </UnitTest>
    <UnitTest name="Unfold.Tests.PetClickThroughTests.MacInputRequiresARealNativeWindow(descriptor: &quot;HWND&quot;, value: 1, expected: False)" storage="/tmp/unfold-review-20261006-artifacts/bin/unfold.tests/release/unfold.tests.dll" id="829013bf-1d59-08ac-f4ff-aa7662450fdf">
      <Execution id="bd866b30-45f0-4b55-9242-cb7562f220f0" />
      <TestMethod codeBase="/tmp/unfold-review-20261006-artifacts/bin/Unfold.Tests/release/Unfold.Tests.dll" adapterTypeName="executor://xunit/VsTestRunner3/netcore/" className="Unfold.Tests.PetClickThroughTests" name="MacInputRequiresARealNativeWindow" />
    </UnitTest>
    <UnitTest name="Unfold.Tests.GlbCompatibilityTests.AlphaModesPreserveTransparencyAndExistingCutoutBehavior(mode: &quot;BLEND&quot;, alpha: 0.5, expected: 2147418112)" storage="/tmp/unfold-review-20261006-artifacts/bin/unfold.tests/release/unfold.tests.dll" id="a3849c58-2fd0-ec0b-0fc6-55d0d0f11c29">
      <Execution id="1babe247-2ea6-4afd-9272-008d46d7ebff" />
      <TestMethod codeBase="/tmp/unfold-review-20261006-artifacts/bin/Unfold.Tests/release/Unfold.Tests.dll" adapterTypeName="executor://xunit/VsTestRunner3/netcore/" className="Unfold.Tests.GlbCompatibilityTests" name="AlphaModesPreserveTransparencyAndExistingCutoutBehavior" />
    </UnitTest>
    <UnitTest name="Unfold.Tests.WindowsPetWindowTests.ExistingLayersAreNotReinitializedAndOtherStylesArePreserved" storage="/tmp/unfold-review-20261006-artifacts/bin/unfold.tests/release/unfold.tests.dll" id="c643887e-d181-3d7b-7070-88bd739babb4">
      <Execution id="f56d23cc-848e-449f-9a97-d49c7a13d046" />
      <TestMethod codeBase="/tmp/unfold-review-20261006-artifacts/bin/Unfold.Tests/release/Unfold.Tests.dll" adapterTypeName="executor://xunit/VsTestRunner3/netcore/" className="Unfold.Tests.WindowsPetWindowTests" name="ExistingLayersAreNotReinitializedAndOtherStylesArePreserved" />
    </UnitTest>
    <UnitTest name="Unfold.Tests.WindowsPetWindowTests.FailedEnableIsNotReportedAsSuccessAndCanRetry(failure: &quot;read&quot;)" storage="/tmp/unfold-review-20261006-artifacts/bin/unfold.tests/release/unfold.tests.dll" id="29df1402-82a8-2794-1e92-74da80216bea">
      <Execution id="c099bf22-c5d9-44c9-8af0-f76c4959bd9e" />
      <TestMethod codeBase="/tmp/unfold-review-20261006-artifacts/bin/Unfold.Tests/release/Unfold.Tests.dll" adapterTypeName="executor://xunit/VsTestRunner3/netcore/" className="Unfold.Tests.WindowsPetWindowTests" name="FailedEnableIsNotReportedAsSuccessAndCanRetry" />
    </UnitTest>
    <UnitTest name="Unfold.Tests.PetClickThroughTests.TransparentMarginsHolesAndEdgePixelsPassThrough" storage="/tmp/unfold-review-20261006-artifacts/bin/unfold.tests/release/unfold.tests.dll" id="f6065d77-08ff-3949-e0e0-a1da08701d42">
      <Execution id="c717d3f1-fc21-41b2-b43d-cfda7881646c" />
      <TestMethod codeBase="/tmp/unfold-review-20261006-artifacts/bin/Unfold.Tests/release/Unfold.Tests.dll" adapterTypeName="executor://xunit/VsTestRunner3/netcore/" className="Unfold.Tests.PetClickThroughTests" name="TransparentMarginsHolesAndEdgePixelsPassThrough" />
    </UnitTest>
    <UnitTest name="Unfold.Tests.PetClickThroughTests.HoverBubblePassesThroughAndReminderRemainsInteractive" storage="/tmp/unfold-review-20261006-artifacts/bin/unfold.tests/release/unfold.tests.dll" id="33a8326c-a1a4-d358-66ce-eb9db733fb99">
      <Execution id="48f3fd3c-57f1-4cfb-91c3-0eea4be7cc21" />
      <TestMethod codeBase="/tmp/unfold-review-20261006-artifacts/bin/Unfold.Tests/release/Unfold.Tests.dll" adapterTypeName="executor://xunit/VsTestRunner3/netcore/" className="Unfold.Tests.PetClickThroughTests" name="HoverBubblePassesThroughAndReminderRemainsInteractive" />
    </UnitTest>
    <UnitTest name="Unfold.Tests.PetClickThroughTests.PixelPickingFollowsSizeAndFacingDirection(scale: 150, mirrored: False)" storage="/tmp/unfold-review-20261006-artifacts/bin/unfold.tests/release/unfold.tests.dll" id="af655344-be37-a0da-9ab7-582f69146673">
      <Execution id="6e962243-b626-40d5-b75d-87d9d39c1ed8" />
      <TestMethod codeBase="/tmp/unfold-review-20261006-artifacts/bin/Unfold.Tests/release/Unfold.Tests.dll" adapterTypeName="executor://xunit/VsTestRunner3/netcore/" className="Unfold.Tests.PetClickThroughTests" name="PixelPickingFollowsSizeAndFacingDirection" />
    </UnitTest>
    <UnitTest name="Unfold.Tests.WindowsPetWindowTests.CrossProcessClickThroughAddsAndInitializesALayer(initial: 2097320)" storage="/tmp/unfold-review-20261006-artifacts/bin/unfold.tests/release/unfold.tests.dll" id="a347baad-ab2d-7203-d5d4-688703d8715e">
      <Execution id="1dcaa24f-cd1e-4862-9574-9a32ba3ee690" />
      <TestMethod codeBase="/tmp/unfold-review-20261006-artifacts/bin/Unfold.Tests/release/Unfold.Tests.dll" adapterTypeName="executor://xunit/VsTestRunner3/netcore/" className="Unfold.Tests.WindowsPetWindowTests" name="CrossProcessClickThroughAddsAndInitializesALayer" />
    </UnitTest>
    <UnitTest name="Unfold.Tests.PetHoverTests.PressBeforeQueuedHoverLayoutDoesNotJumpWhenDraggingStarts" storage="/tmp/unfold-review-20261006-artifacts/bin/unfold.tests/release/unfold.tests.dll" id="37bd6cd3-d4af-dfff-6158-b2627c2b5aa4">
      <Execution id="8e9e4301-2acc-47f4-b616-4449535b20c5" />
      <TestMethod codeBase="/tmp/unfold-review-20261006-artifacts/bin/Unfold.Tests/release/Unfold.Tests.dll" adapterTypeName="executor://xunit/VsTestRunner3/netcore/" className="Unfold.Tests.PetHoverTests" name="PressBeforeQueuedHoverLayoutDoesNotJumpWhenDraggingStarts" />
    </UnitTest>
    <UnitTest name="Unfold.Tests.WindowsPetWindowTests.StableStateOnlyReadsButAvaloniaStyleResetIsRepaired" storage="/tmp/unfold-review-20261006-artifacts/bin/unfold.tests/release/unfold.tests.dll" id="4afc332b-0dcf-7b6f-cae7-65987b805b9d">
      <Execution id="25893f0e-8bc4-4041-aab6-bb7442d7020d" />
      <TestMethod codeBase="/tmp/unfold-review-20261006-artifacts/bin/Unfold.Tests/release/Unfold.Tests.dll" adapterTypeName="executor://xunit/VsTestRunner3/netcore/" className="Unfold.Tests.WindowsPetWindowTests" name="StableStateOnlyReadsButAvaloniaStyleResetIsRepaired" />
    </UnitTest>
    <UnitTest name="Unfold.Tests.PetHoverTests.PoseChangesCannotCancelHoverButLeavingTheStationaryPetAreaDoes" storage="/tmp/unfold-review-20261006-artifacts/bin/unfold.tests/release/unfold.tests.dll" id="524519c4-2750-5b8e-e076-39ccc1b3c252">
      <Execution id="ba71c20e-8853-4f97-865c-cfdb1cbd9a83" />
      <TestMethod codeBase="/tmp/unfold-review-20261006-artifacts/bin/Unfold.Tests/release/Unfold.Tests.dll" adapterTypeName="executor://xunit/VsTestRunner3/netcore/" className="Unfold.Tests.PetHoverTests" name="PoseChangesCannotCancelHoverButLeavingTheStationaryPetAreaDoes" />
    </UnitTest>
    <UnitTest name="Unfold.Tests.GlbCompatibilityTests.OverlappingBlendSurfacesRetainStraightAlphaAndSortBackToFront" storage="/tmp/unfold-review-20261006-artifacts/bin/unfold.tests/release/unfold.tests.dll" id="232e9df9-0d9e-b524-8885-19948148c18e">
      <Execution id="d1e8f023-7be5-473a-b522-90f9821d5c43" />
      <TestMethod codeBase="/tmp/unfold-review-20261006-artifacts/bin/Unfold.Tests/release/Unfold.Tests.dll" adapterTypeName="executor://xunit/VsTestRunner3/netcore/" className="Unfold.Tests.GlbCompatibilityTests" name="OverlappingBlendSurfacesRetainStraightAlphaAndSortBackToFront" />
    </UnitTest>
    <UnitTest name="Unfold.Tests.PetClickThroughTests.ContextMenuRetainsInputUntilClosed" storage="/tmp/unfold-review-20261006-artifacts/bin/unfold.tests/release/unfold.tests.dll" id="4656a18c-f15a-e9d9-25b6-7cb2edf8ae79">
      <Execution id="46d8619b-0741-447e-97ff-f4143bd2b648" />
      <TestMethod codeBase="/tmp/unfold-review-20261006-artifacts/bin/Unfold.Tests/release/Unfold.Tests.dll" adapterTypeName="executor://xunit/VsTestRunner3/netcore/" className="Unfold.Tests.PetClickThroughTests" name="ContextMenuRetainsInputUntilClosed" />
    </UnitTest>
    <UnitTest name="Unfold.Tests.PetHoverTests.CursorPollingRequiresANonzeroWindowsNativeHandle(descriptor: &quot;HWND&quot;, value: 0, expected: False)" storage="/tmp/unfold-review-20261006-artifacts/bin/unfold.tests/release/unfold.tests.dll" id="09b4e048-2f6f-4755-1a60-760358e06ffe">
      <Execution id="817ee471-a790-47b7-ae1f-a8e9e1296cc2" />
      <TestMethod codeBase="/tmp/unfold-review-20261006-artifacts/bin/Unfold.Tests/release/Unfold.Tests.dll" adapterTypeName="executor://xunit/VsTestRunner3/netcore/" className="Unfold.Tests.PetHoverTests" name="CursorPollingRequiresANonzeroWindowsNativeHandle" />
    </UnitTest>
    <UnitTest name="Unfold.Tests.PetClickThroughTests.PixelPickingFollowsSizeAndFacingDirection(scale: 100, mirrored: True)" storage="/tmp/unfold-review-20261006-artifacts/bin/unfold.tests/release/unfold.tests.dll" id="385b500a-1216-ec24-aeed-b35d8f5c90c4">
      <Execution id="872bd944-f791-4265-94e9-4ae5584cf487" />
      <TestMethod codeBase="/tmp/unfold-review-20261006-artifacts/bin/Unfold.Tests/release/Unfold.Tests.dll" adapterTypeName="executor://xunit/VsTestRunner3/netcore/" className="Unfold.Tests.PetClickThroughTests" name="PixelPickingFollowsSizeAndFacingDirection" />
    </UnitTest>
    <UnitTest name="Unfold.Tests.PetHoverTests.HoverWindowMovesOnlyAfterThePetVisualHasItsNewOffset(direction: Top)" storage="/tmp/unfold-review-20261006-artifacts/bin/unfold.tests/release/unfold.tests.dll" id="6738e408-5737-398c-6b65-69a282d7570c">
      <Execution id="dd69f243-037b-4af3-8662-301c6c51fa2c" />
      <TestMethod codeBase="/tmp/unfold-review-20261006-artifacts/bin/Unfold.Tests/release/Unfold.Tests.dll" adapterTypeName="executor://xunit/VsTestRunner3/netcore/" className="Unfold.Tests.PetHoverTests" name="HoverWindowMovesOnlyAfterThePetVisualHasItsNewOffset" />
    </UnitTest>
    <UnitTest name="Unfold.Tests.PetHoverTests.HoverEntryAndExitNeverResizeOrMoveTheNativePetSurface(direction: Right)" storage="/tmp/unfold-review-20261006-artifacts/bin/unfold.tests/release/unfold.tests.dll" id="0f290d05-686f-8601-ebd7-2a4523979f51">
      <Execution id="ed6d8fd1-48a3-4fe1-bfae-2d8bfb391dec" />
      <TestMethod codeBase="/tmp/unfold-review-20261006-artifacts/bin/Unfold.Tests/release/Unfold.Tests.dll" adapterTypeName="executor://xunit/VsTestRunner3/netcore/" className="Unfold.Tests.PetHoverTests" name="HoverEntryAndExitNeverResizeOrMoveTheNativePetSurface" />
    </UnitTest>
    <UnitTest name="Unfold.Tests.WindowsPetWindowTests.InteractiveStateClearsUnexpectedNativeTransparency" storage="/tmp/unfold-review-20261006-artifacts/bin/unfold.tests/release/unfold.tests.dll" id="dbffce19-6871-2da7-4fea-d5b2ad69b24d">
      <Execution id="f068c5f1-475e-4251-92ce-60bd288ed482" />
      <TestMethod codeBase="/tmp/unfold-review-20261006-artifacts/bin/Unfold.Tests/release/Unfold.Tests.dll" adapterTypeName="executor://xunit/VsTestRunner3/netcore/" className="Unfold.Tests.WindowsPetWindowTests" name="InteractiveStateClearsUnexpectedNativeTransparency" />
    </UnitTest>
    <UnitTest name="Unfold.Tests.PetHoverTests.HoverEntryAndExitNeverResizeOrMoveTheNativePetSurface(direction: Top)" storage="/tmp/unfold-review-20261006-artifacts/bin/unfold.tests/release/unfold.tests.dll" id="73130862-7752-bb03-ba4f-b151e46e3733">
      <Execution id="a344ccb0-f22b-42e9-b937-16369ea8d047" />
      <TestMethod codeBase="/tmp/unfold-review-20261006-artifacts/bin/Unfold.Tests/release/Unfold.Tests.dll" adapterTypeName="executor://xunit/VsTestRunner3/netcore/" className="Unfold.Tests.PetHoverTests" name="HoverEntryAndExitNeverResizeOrMoveTheNativePetSurface" />
    </UnitTest>
    <UnitTest name="Unfold.Tests.GlbCompatibilityTests.UnknownAlphaModesRemainRejected" storage="/tmp/unfold-review-20261006-artifacts/bin/unfold.tests/release/unfold.tests.dll" id="3ba360a7-55f3-0cd8-aaa1-4d105d64e09a">
      <Execution id="0c24f223-2b8c-4583-ba8f-9aebcbf4fe91" />
      <TestMethod codeBase="/tmp/unfold-review-20261006-artifacts/bin/Unfold.Tests/release/Unfold.Tests.dll" adapterTypeName="executor://xunit/VsTestRunner3/netcore/" className="Unfold.Tests.GlbCompatibilityTests" name="UnknownAlphaModesRemainRejected" />
    </UnitTest>
    <UnitTest name="Unfold.Tests.PetHoverTests.CursorPollingRequiresANonzeroWindowsNativeHandle(descriptor: &quot;HWND&quot;, value: 1, expected: True)" storage="/tmp/unfold-review-20261006-artifacts/bin/unfold.tests/release/unfold.tests.dll" id="fccdf544-9588-e591-bdef-48ff717f2afb">
      <Execution id="803c51b0-4eef-45d2-892b-b0a3f0b535b6" />
      <TestMethod codeBase="/tmp/unfold-review-20261006-artifacts/bin/Unfold.Tests/release/Unfold.Tests.dll" adapterTypeName="executor://xunit/VsTestRunner3/netcore/" className="Unfold.Tests.PetHoverTests" name="CursorPollingRequiresANonzeroWindowsNativeHandle" />
    </UnitTest>
    <UnitTest name="Unfold.Tests.WindowsPetWindowTests.ZeroHandleDoesNotReachWin32" storage="/tmp/unfold-review-20261006-artifacts/bin/unfold.tests/release/unfold.tests.dll" id="2e7295b0-fd0c-9128-13ed-07affb9cc267">
      <Execution id="62f73eda-c894-4a9f-bcdf-2b48320d464f" />
      <TestMethod codeBase="/tmp/unfold-review-20261006-artifacts/bin/Unfold.Tests/release/Unfold.Tests.dll" adapterTypeName="executor://xunit/VsTestRunner3/netcore/" className="Unfold.Tests.WindowsPetWindowTests" name="ZeroHandleDoesNotReachWin32" />
    </UnitTest>
    <UnitTest name="Unfold.Tests.PetHoverTests.CursorPollingRequiresANonzeroWindowsNativeHandle(descriptor: &quot;Headless&quot;, value: 1, expected: False)" storage="/tmp/unfold-review-20261006-artifacts/bin/unfold.tests/release/unfold.tests.dll" id="735b8cc0-20ef-cb05-8c80-6f8a73514d67">
      <Execution id="c9c0ac29-1b50-4b52-bce3-7c4d5fd674ee" />
      <TestMethod codeBase="/tmp/unfold-review-20261006-artifacts/bin/Unfold.Tests/release/Unfold.Tests.dll" adapterTypeName="executor://xunit/VsTestRunner3/netcore/" className="Unfold.Tests.PetHoverTests" name="CursorPollingRequiresANonzeroWindowsNativeHandle" />
    </UnitTest>
    <UnitTest name="Unfold.Tests.PetHoverTests.HoverEntryAndExitNeverResizeOrMoveTheNativePetSurface(direction: Left)" storage="/tmp/unfold-review-20261006-artifacts/bin/unfold.tests/release/unfold.tests.dll" id="8794c2f9-2fc3-f363-e881-575e23433ee6">
      <Execution id="5382f720-8155-4de5-bbad-218574037f99" />
      <TestMethod codeBase="/tmp/unfold-review-20261006-artifacts/bin/Unfold.Tests/release/Unfold.Tests.dll" adapterTypeName="executor://xunit/VsTestRunner3/netcore/" className="Unfold.Tests.PetHoverTests" name="HoverEntryAndExitNeverResizeOrMoveTheNativePetSurface" />
    </UnitTest>
    <UnitTest name="Unfold.Tests.WindowsPetWindowTests.InputRoutingRequiresARealWindowsHandle(descriptor: &quot;NSWindow&quot;, value: 1, expected: False)" storage="/tmp/unfold-review-20261006-artifacts/bin/unfold.tests/release/unfold.tests.dll" id="b3dad9cb-b84c-9eef-f3d9-be3fdb53aeef">
      <Execution id="586ee3b3-1b33-4af9-9f99-d29107e43d9d" />
      <TestMethod codeBase="/tmp/unfold-review-20261006-artifacts/bin/Unfold.Tests/release/Unfold.Tests.dll" adapterTypeName="executor://xunit/VsTestRunner3/netcore/" className="Unfold.Tests.WindowsPetWindowTests" name="InputRoutingRequiresARealWindowsHandle" />
    </UnitTest>
    <UnitTest name="Unfold.Tests.PetHoverTests.HoverDoesNotInterfereWithDraggingOrPersistAnAutomaticPosition" storage="/tmp/unfold-review-20261006-artifacts/bin/unfold.tests/release/unfold.tests.dll" id="299f31ad-009f-d225-1aa8-01753e07d4ce">
      <Execution id="bf7d98b7-9b5a-425d-9728-03fb2c411ed2" />
      <TestMethod codeBase="/tmp/unfold-review-20261006-artifacts/bin/Unfold.Tests/release/Unfold.Tests.dll" adapterTypeName="executor://xunit/VsTestRunner3/netcore/" className="Unfold.Tests.PetHoverTests" name="HoverDoesNotInterfereWithDraggingOrPersistAnAutomaticPosition" />
    </UnitTest>
    <UnitTest name="Unfold.Tests.WindowsPetWindowTests.InputRoutingRequiresARealWindowsHandle(descriptor: &quot;HWND&quot;, value: 1, expected: True)" storage="/tmp/unfold-review-20261006-artifacts/bin/unfold.tests/release/unfold.tests.dll" id="6b7f0d3e-707a-820d-7d4b-45d410fe51aa">
      <Execution id="eebe30f0-8535-4026-8479-4a4a0ad62a46" />
      <TestMethod codeBase="/tmp/unfold-review-20261006-artifacts/bin/Unfold.Tests/release/Unfold.Tests.dll" adapterTypeName="executor://xunit/VsTestRunner3/netcore/" className="Unfold.Tests.WindowsPetWindowTests" name="InputRoutingRequiresARealWindowsHandle" />
    </UnitTest>
    <UnitTest name="Unfold.Tests.PetClickThroughTests.MacInputRequiresARealNativeWindow(descriptor: &quot;NSWindow&quot;, value: 0, expected: False)" storage="/tmp/unfold-review-20261006-artifacts/bin/unfold.tests/release/unfold.tests.dll" id="ae5bf0fa-4455-fe66-89c1-65f547208c33">
      <Execution id="bf7d967a-1eb7-457a-9daf-5e7c4b9a9bcf" />
      <TestMethod codeBase="/tmp/unfold-review-20261006-artifacts/bin/Unfold.Tests/release/Unfold.Tests.dll" adapterTypeName="executor://xunit/VsTestRunner3/netcore/" className="Unfold.Tests.PetClickThroughTests" name="MacInputRequiresARealNativeWindow" />
    </UnitTest>
    <UnitTest name="Unfold.Tests.WindowsPetWindowTests.FailedEnableIsNotReportedAsSuccessAndCanRetry(failure: &quot;write&quot;)" storage="/tmp/unfold-review-20261006-artifacts/bin/unfold.tests/release/unfold.tests.dll" id="cb1806d1-9c2c-2e91-d767-5e796f20838f">
      <Execution id="37fe3002-bf7c-467a-af72-e84ba56d950c" />
      <TestMethod codeBase="/tmp/unfold-review-20261006-artifacts/bin/Unfold.Tests/release/Unfold.Tests.dll" adapterTypeName="executor://xunit/VsTestRunner3/netcore/" className="Unfold.Tests.WindowsPetWindowTests" name="FailedEnableIsNotReportedAsSuccessAndCanRetry" />
    </UnitTest>
    <UnitTest name="Unfold.Tests.PetHoverTests.HoverWindowMovesOnlyAfterThePetVisualHasItsNewOffset(direction: Bottom)" storage="/tmp/unfold-review-20261006-artifacts/bin/unfold.tests/release/unfold.tests.dll" id="73b823f7-c4ce-c25e-e260-579c94bb9897">
      <Execution id="9cc5416e-3920-4c13-a1cc-1518c0d6cebe" />
      <TestMethod codeBase="/tmp/unfold-review-20261006-artifacts/bin/Unfold.Tests/release/Unfold.Tests.dll" adapterTypeName="executor://xunit/VsTestRunner3/netcore/" className="Unfold.Tests.PetHoverTests" name="HoverWindowMovesOnlyAfterThePetVisualHasItsNewOffset" />
    </UnitTest>
  </TestDefinitions>
  <TestEntries>
    <TestEntry testId="a3849c58-2fd0-ec0b-0fc6-55d0d0f11c29" executionId="1babe247-2ea6-4afd-9272-008d46d7ebff" testListId="8c84fa94-04c1-424b-9868-57a2d4851a1d" />
    <TestEntry testId="43bfddc4-42d3-8676-2906-636622f49b34" executionId="42db25c9-32f0-44d2-a4ff-e4e6c5abe64b" testListId="8c84fa94-04c1-424b-9868-57a2d4851a1d" />
    <TestEntry testId="299f31ad-009f-d225-1aa8-01753e07d4ce" executionId="bf7d98b7-9b5a-425d-9728-03fb2c411ed2" testListId="8c84fa94-04c1-424b-9868-57a2d4851a1d" />
    <TestEntry testId="9e5807b1-dbf7-88cf-9b91-736bc37386a5" executionId="e1709694-d5b0-42b9-9d37-bf8d862edde5" testListId="8c84fa94-04c1-424b-9868-57a2d4851a1d" />
    <TestEntry testId="d8fc2259-2c12-1c0a-413f-1752a3bc13ac" executionId="00e41b87-741b-4c6b-90d7-e7f3f728cbf5" testListId="8c84fa94-04c1-424b-9868-57a2d4851a1d" />
    <TestEntry testId="a3081f45-d28a-8d9d-5225-d3ea86105e90" executionId="6d0c9c3f-655f-4e33-89ff-28e6d39efbd6" testListId="8c84fa94-04c1-424b-9868-57a2d4851a1d" />
    <TestEntry testId="f6065d77-08ff-3949-e0e0-a1da08701d42" executionId="c717d3f1-fc21-41b2-b43d-cfda7881646c" testListId="8c84fa94-04c1-424b-9868-57a2d4851a1d" />
    <TestEntry testId="37bd6cd3-d4af-dfff-6158-b2627c2b5aa4" executionId="8e9e4301-2acc-47f4-b616-4449535b20c5" testListId="8c84fa94-04c1-424b-9868-57a2d4851a1d" />
    <TestEntry testId="2e7295b0-fd0c-9128-13ed-07affb9cc267" executionId="62f73eda-c894-4a9f-bcdf-2b48320d464f" testListId="8c84fa94-04c1-424b-9868-57a2d4851a1d" />
    <TestEntry testId="c643887e-d181-3d7b-7070-88bd739babb4" executionId="f56d23cc-848e-449f-9a97-d49c7a13d046" testListId="8c84fa94-04c1-424b-9868-57a2d4851a1d" />
    <TestEntry testId="601151bf-1d57-77d5-6206-3accab84a500" executionId="6135e112-6d68-4d5a-9d6f-fac61c7cee58" testListId="8c84fa94-04c1-424b-9868-57a2d4851a1d" />
    <TestEntry testId="73b823f7-c4ce-c25e-e260-579c94bb9897" executionId="9cc5416e-3920-4c13-a1cc-1518c0d6cebe" testListId="8c84fa94-04c1-424b-9868-57a2d4851a1d" />
    <TestEntry testId="0f290d05-686f-8601-ebd7-2a4523979f51" executionId="ed6d8fd1-48a3-4fe1-bfae-2d8bfb391dec" testListId="8c84fa94-04c1-424b-9868-57a2d4851a1d" />
    <TestEntry testId="dcaa4177-3f1e-d02b-8df0-14fab9f28b8b" executionId="f74f6b25-180c-4ddf-9c29-8889f5ca0043" testListId="8c84fa94-04c1-424b-9868-57a2d4851a1d" />
    <TestEntry testId="4688401e-f526-3240-0b51-95dc2d56224c" executionId="0cdbbad2-8465-4c29-ae42-89961d9c9435" testListId="8c84fa94-04c1-424b-9868-57a2d4851a1d" />
    <TestEntry testId="e9aebf3b-9cfb-28f0-f2aa-488713c73a59" executionId="f82a6e2c-f439-4a06-9fa5-68f40bc3157c" testListId="8c84fa94-04c1-424b-9868-57a2d4851a1d" />
    <TestEntry testId="33a8326c-a1a4-d358-66ce-eb9db733fb99" executionId="48f3fd3c-57f1-4cfb-91c3-0eea4be7cc21" testListId="8c84fa94-04c1-424b-9868-57a2d4851a1d" />
    <TestEntry testId="a970cef2-fbf8-121e-0d9b-8876e0d01e75" executionId="a09f6496-5e35-441b-bee0-6fa1298076ba" testListId="8c84fa94-04c1-424b-9868-57a2d4851a1d" />
    <TestEntry testId="cb1806d1-9c2c-2e91-d767-5e796f20838f" executionId="37fe3002-bf7c-467a-af72-e84ba56d950c" testListId="8c84fa94-04c1-424b-9868-57a2d4851a1d" />
    <TestEntry testId="c1de91ee-a5fb-33a5-6ea7-c687ea34d341" executionId="983d1610-db7c-4357-b1c4-584f70829a2a" testListId="8c84fa94-04c1-424b-9868-57a2d4851a1d" />
    <TestEntry testId="b3dad9cb-b84c-9eef-f3d9-be3fdb53aeef" executionId="586ee3b3-1b33-4af9-9f99-d29107e43d9d" testListId="8c84fa94-04c1-424b-9868-57a2d4851a1d" />
    <TestEntry testId="524519c4-2750-5b8e-e076-39ccc1b3c252" executionId="ba71c20e-8853-4f97-865c-cfdb1cbd9a83" testListId="8c84fa94-04c1-424b-9868-57a2d4851a1d" />
    <TestEntry testId="829013bf-1d59-08ac-f4ff-aa7662450fdf" executionId="bd866b30-45f0-4b55-9242-cb7562f220f0" testListId="8c84fa94-04c1-424b-9868-57a2d4851a1d" />
    <TestEntry testId="fccdf544-9588-e591-bdef-48ff717f2afb" executionId="803c51b0-4eef-45d2-892b-b0a3f0b535b6" testListId="8c84fa94-04c1-424b-9868-57a2d4851a1d" />
    <TestEntry testId="06535e7b-fb81-a238-117d-d89ec42ad5e0" executionId="f54227d5-5047-4bca-ad16-9bab1d6fd0eb" testListId="8c84fa94-04c1-424b-9868-57a2d4851a1d" />
    <TestEntry testId="cd36cd73-2b03-7e73-4b49-a90b06b2ae54" executionId="0ba56d02-39d2-4ac0-bd7f-e18e785e4a9c" testListId="8c84fa94-04c1-424b-9868-57a2d4851a1d" />
    <TestEntry testId="807b8106-aa4c-1730-23de-68a631b55963" executionId="fd00c8f1-e5e3-43a6-a714-5480d71abecd" testListId="8c84fa94-04c1-424b-9868-57a2d4851a1d" />
    <TestEntry testId="a347baad-ab2d-7203-d5d4-688703d8715e" executionId="1dcaa24f-cd1e-4862-9574-9a32ba3ee690" testListId="8c84fa94-04c1-424b-9868-57a2d4851a1d" />
    <TestEntry testId="3ba360a7-55f3-0cd8-aaa1-4d105d64e09a" executionId="0c24f223-2b8c-4583-ba8f-9aebcbf4fe91" testListId="8c84fa94-04c1-424b-9868-57a2d4851a1d" />
    <TestEntry testId="735b8cc0-20ef-cb05-8c80-6f8a73514d67" executionId="c9c0ac29-1b50-4b52-bce3-7c4d5fd674ee" testListId="8c84fa94-04c1-424b-9868-57a2d4851a1d" />
    <TestEntry testId="0e1d0641-e33e-0998-b729-39318111fa59" executionId="7d40e72f-4b10-4fb2-891d-41cca9f18b09" testListId="8c84fa94-04c1-424b-9868-57a2d4851a1d" />
    <TestEntry testId="16993e20-1742-ea14-98d4-c79247a77a39" executionId="86a6cd8b-c425-4f7a-835d-1063ba194dee" testListId="8c84fa94-04c1-424b-9868-57a2d4851a1d" />
    <TestEntry testId="522b3c47-f686-1ef9-7b6d-284f85553612" executionId="093b2a9c-c7e7-4fb6-bf8d-376eaf83e48f" testListId="8c84fa94-04c1-424b-9868-57a2d4851a1d" />
    <TestEntry testId="efda193a-7061-9d76-2bad-518d6da1f298" executionId="112b4340-14c3-4fbf-9beb-81366c56c141" testListId="8c84fa94-04c1-424b-9868-57a2d4851a1d" />
    <TestEntry testId="babd7c50-ccd0-abde-b317-c9e73d59c901" executionId="5ad667db-5237-4bd7-90d2-0bd3526da91f" testListId="8c84fa94-04c1-424b-9868-57a2d4851a1d" />
    <TestEntry testId="385b500a-1216-ec24-aeed-b35d8f5c90c4" executionId="872bd944-f791-4265-94e9-4ae5584cf487" testListId="8c84fa94-04c1-424b-9868-57a2d4851a1d" />
    <TestEntry testId="af655344-be37-a0da-9ab7-582f69146673" executionId="6e962243-b626-40d5-b75d-87d9d39c1ed8" testListId="8c84fa94-04c1-424b-9868-57a2d4851a1d" />
    <TestEntry testId="fd3831b4-9e3d-38fb-503a-ce1274058e13" executionId="e8285275-3b9d-4965-b42b-e170bacf9d86" testListId="8c84fa94-04c1-424b-9868-57a2d4851a1d" />
    <TestEntry testId="4afc332b-0dcf-7b6f-cae7-65987b805b9d" executionId="25893f0e-8bc4-4041-aab6-bb7442d7020d" testListId="8c84fa94-04c1-424b-9868-57a2d4851a1d" />
    <TestEntry testId="7b15ad56-3133-2ac7-3dad-6132bc69f4f6" executionId="b2e9aa86-811c-4a43-bc58-f1c901d4a537" testListId="8c84fa94-04c1-424b-9868-57a2d4851a1d" />
    <TestEntry testId="73130862-7752-bb03-ba4f-b151e46e3733" executionId="a344ccb0-f22b-42e9-b937-16369ea8d047" testListId="8c84fa94-04c1-424b-9868-57a2d4851a1d" />
    <TestEntry testId="6809f5e7-c2bc-4fff-6fe5-de0052e673a7" executionId="e3031b4c-f653-4c4f-b93a-62cc83e0cc62" testListId="8c84fa94-04c1-424b-9868-57a2d4851a1d" />
    <TestEntry testId="ae5bf0fa-4455-fe66-89c1-65f547208c33" executionId="bf7d967a-1eb7-457a-9daf-5e7c4b9a9bcf" testListId="8c84fa94-04c1-424b-9868-57a2d4851a1d" />
    <TestEntry testId="bda7a9ae-5a9f-8a30-87ec-385476338231" executionId="7a0ae60f-514f-45d2-834c-188721fcc533" testListId="8c84fa94-04c1-424b-9868-57a2d4851a1d" />
    <TestEntry testId="232e9df9-0d9e-b524-8885-19948148c18e" executionId="d1e8f023-7be5-473a-b522-90f9821d5c43" testListId="8c84fa94-04c1-424b-9868-57a2d4851a1d" />
    <TestEntry testId="6b7f0d3e-707a-820d-7d4b-45d410fe51aa" executionId="eebe30f0-8535-4026-8479-4a4a0ad62a46" testListId="8c84fa94-04c1-424b-9868-57a2d4851a1d" />
    <TestEntry testId="ca549a2a-0f89-b71c-ba9c-699761eb19cd" executionId="9bed0741-34b3-4a03-a193-c285f854f72e" testListId="8c84fa94-04c1-424b-9868-57a2d4851a1d" />
    <TestEntry testId="bc6e7344-a5bc-7216-e079-83a76eb7ffb0" executionId="45f43e4b-d453-47ec-aae6-bf7644c95c10" testListId="8c84fa94-04c1-424b-9868-57a2d4851a1d" />
    <TestEntry testId="f889cec5-bd96-b0d7-2931-e2a930ae3160" executionId="e470e854-5b17-4c09-8399-1baf1221642d" testListId="8c84fa94-04c1-424b-9868-57a2d4851a1d" />
    <TestEntry testId="6738e408-5737-398c-6b65-69a282d7570c" executionId="dd69f243-037b-4af3-8662-301c6c51fa2c" testListId="8c84fa94-04c1-424b-9868-57a2d4851a1d" />
    <TestEntry testId="29df1402-82a8-2794-1e92-74da80216bea" executionId="c099bf22-c5d9-44c9-8af0-f76c4959bd9e" testListId="8c84fa94-04c1-424b-9868-57a2d4851a1d" />
    <TestEntry testId="aed38eb0-39e3-784b-6f7a-749a2430e3bb" executionId="a6118f0e-9602-4f7e-8cab-779c7328614c" testListId="8c84fa94-04c1-424b-9868-57a2d4851a1d" />
    <TestEntry testId="25d49cf8-fd3a-f035-5e5b-8731b8841b62" executionId="55dc64ff-b4de-4086-a804-8ae5b35b2cb7" testListId="8c84fa94-04c1-424b-9868-57a2d4851a1d" />
    <TestEntry testId="d86e95ce-1ebb-cbe7-d6b1-c70498b6d21c" executionId="674b5a59-3be8-4d48-a07c-a9f7e17c99e4" testListId="8c84fa94-04c1-424b-9868-57a2d4851a1d" />
    <TestEntry testId="dbffce19-6871-2da7-4fea-d5b2ad69b24d" executionId="f068c5f1-475e-4251-92ce-60bd288ed482" testListId="8c84fa94-04c1-424b-9868-57a2d4851a1d" />
    <TestEntry testId="220cf46c-a129-e617-0038-4f80573b57a6" executionId="8e0b29a0-25cd-4d14-9b5e-2c7be3ab109d" testListId="8c84fa94-04c1-424b-9868-57a2d4851a1d" />
    <TestEntry testId="41f757c9-daed-61cf-1bc6-98b63f805621" executionId="cfff7898-2722-48b2-98c6-5a230503202a" testListId="8c84fa94-04c1-424b-9868-57a2d4851a1d" />
    <TestEntry testId="6672e611-099d-e34f-6c28-5bc817db92eb" executionId="6b216d31-8150-487b-892a-822168625907" testListId="8c84fa94-04c1-424b-9868-57a2d4851a1d" />
    <TestEntry testId="2b01a505-d8e0-b5d8-0677-c4ecafb5019e" executionId="5051ab70-f9f6-40ab-995c-bc74f1bcdc04" testListId="8c84fa94-04c1-424b-9868-57a2d4851a1d" />
    <TestEntry testId="ec483707-569a-ede5-b801-1a01c882cb53" executionId="2ea4b2ec-7c5c-4f1a-98a9-a6c287ea508d" testListId="8c84fa94-04c1-424b-9868-57a2d4851a1d" />
    <TestEntry testId="8794c2f9-2fc3-f363-e881-575e23433ee6" executionId="5382f720-8155-4de5-bbad-218574037f99" testListId="8c84fa94-04c1-424b-9868-57a2d4851a1d" />
    <TestEntry testId="a940ab84-88d8-08d1-b6bc-9f7e7c6ab8fb" executionId="1837bd4b-002b-401e-a98b-d81148093d28" testListId="8c84fa94-04c1-424b-9868-57a2d4851a1d" />
    <TestEntry testId="f3552d42-6b47-376b-d092-ff1cf5993f27" executionId="06d26c45-3c82-4bde-9e6a-4b98503c1fc6" testListId="8c84fa94-04c1-424b-9868-57a2d4851a1d" />
    <TestEntry testId="4656a18c-f15a-e9d9-25b6-7cb2edf8ae79" executionId="46d8619b-0741-447e-97ff-f4143bd2b648" testListId="8c84fa94-04c1-424b-9868-57a2d4851a1d" />
    <TestEntry testId="09b4e048-2f6f-4755-1a60-760358e06ffe" executionId="817ee471-a790-47b7-ae1f-a8e9e1296cc2" testListId="8c84fa94-04c1-424b-9868-57a2d4851a1d" />
    <TestEntry testId="eb20d70b-9959-84ed-9857-071f964b6f40" executionId="4cbfeb53-3cd6-4c12-b567-6d6882d7207b" testListId="8c84fa94-04c1-424b-9868-57a2d4851a1d" />
    <TestEntry testId="766ada18-ef69-dc57-a816-435e4122d20e" executionId="039567ee-a700-4415-a617-7435558453db" testListId="8c84fa94-04c1-424b-9868-57a2d4851a1d" />
  </TestEntries>
  <TestLists>
    <TestList name="목록에 없는 결과" id="8c84fa94-04c1-424b-9868-57a2d4851a1d" />
    <TestList name="로드된 모든 결과" id="19431567-8539-422a-85d7-44ee4e166bda" />
  </TestLists>
  <ResultSummary outcome="Completed">
    <Counters total="67" executed="67" passed="67" failed="0" error="0" timeout="0" aborted="0" inconclusive="0" passedButRunAborted="0" notRunnable="0" notExecuted="0" disconnected="0" warning="0" completed="0" inProgress="0" pending="0" />
    <Output>
      <StdOut>[xUnit.net 00:00:00.00] xUnit.net VSTest Adapter v3.1.4+50e68bbb8b (64-bit .NET 10.0.12)
[xUnit.net 00:00:00.20]   Discovering: Unfold.Tests
[xUnit.net 00:00:00.46]   Discovered:  Unfold.Tests
[xUnit.net 00:00:00.93]   Starting:    Unfold.Tests
[xUnit.net 00:00:02.95]   Finished:    Unfold.Tests
</StdOut>
    </Output>
  </ResultSummary>
</TestRun>