<?xml version="1.0" encoding="utf-8"?>
<TestRun id="e1c5ec5e-9159-46b9-97d6-212e5bf1874f" name="@hwanghyeonseong-ui-MacBookAir 2026-10-03 21:26:32" xmlns="http://microsoft.com/schemas/VisualStudio/TeamTest/2010">
  <Times creation="2026-10-03T21:26:33.0151810+09:00" queuing="2026-10-03T21:26:33.0151810+09:00" start="2026-10-03T21:26:29.5800200+09:00" finish="2026-10-03T21:26:33.0289390+09:00" />
  <TestSettings name="default" id="7cf43588-f0bf-4531-a6c7-dd542cc03a56">
    <Deployment runDeploymentRoot="_hwanghyeonseong-ui-MacBookAir_2026-10-03_21_26_32" />
  </TestSettings>
  <Results>
    <UnitTestResult executionId="8a867053-e0a7-4f1f-84ec-ca073c8a97db" testId="37b84987-6a90-532d-1243-efa7ae0a1682" testName="Unfold.Tests.AppUpdateTests.ActualSdkRejectsCorruptDownloadsBeforeTheyCanBeApplied" computerName="hwanghyeonseong-ui-MacBookAir" duration="00:00:00.0113208" startTime="2026-10-03T21:26:32.8313690+09:00" endTime="2026-10-03T21:26:32.8427410+09:00" testType="13cdc9d9-ddb5-4fa4-a97d-d965ccfc6d4b" outcome="Passed" testListId="8c84fa94-04c1-424b-9868-57a2d4851a1d" relativeResultsDirectory="8a867053-e0a7-4f1f-84ec-ca073c8a97db" />
    <UnitTestResult executionId="a5bf8def-3421-4ae2-8110-8ae083f6ea73" testId="1ff640d2-577a-4b21-a014-991af0f9f0a6" testName="Unfold.Tests.AppUpdateTests.LoginLaunchUsesAStableStubAndKeepsUserDataOutsideTheManagedInstallation" computerName="hwanghyeonseong-ui-MacBookAir" duration="00:00:00.0012235" startTime="2026-10-03T21:26:32.8488870+09:00" endTime="2026-10-03T21:26:32.8501310+09:00" testType="13cdc9d9-ddb5-4fa4-a97d-d965ccfc6d4b" outcome="Passed" testListId="8c84fa94-04c1-424b-9868-57a2d4851a1d" relativeResultsDirectory="a5bf8def-3421-4ae2-8110-8ae083f6ea73" />
    <UnitTestResult executionId="1e5835bf-263d-4bd0-903c-5cfa0fc2bcfe" testId="ceec8879-878d-e4c4-7389-a8872545f2ce" testName="Unfold.Tests.AppUpdateTests.OperatingSystemsArchitecturesAndReleaseTracksHaveDistinctFeeds(version: &quot;1.0.3-beta&quot;, runtime: &quot;osx-arm64&quot;, expected: &quot;osx-arm64-beta&quot;)" computerName="hwanghyeonseong-ui-MacBookAir" duration="00:00:00.0005818" startTime="2026-10-03T21:26:32.8236120+09:00" endTime="2026-10-03T21:26:32.8242130+09:00" testType="13cdc9d9-ddb5-4fa4-a97d-d965ccfc6d4b" outcome="Passed" testListId="8c84fa94-04c1-424b-9868-57a2d4851a1d" relativeResultsDirectory="1e5835bf-263d-4bd0-903c-5cfa0fc2bcfe" />
    <UnitTestResult executionId="4e52766b-6a2a-48eb-8bcf-a641908ee3f5" testId="9c71dcce-8375-146e-4c36-8dbddef4b855" testName="Unfold.Tests.AppUpdateTests.NetworkFailureCanBeRetriedAndDownloadFailureCannotBeApplied" computerName="hwanghyeonseong-ui-MacBookAir" duration="00:00:00.0008271" startTime="2026-10-03T21:26:32.8552840+09:00" endTime="2026-10-03T21:26:32.8561240+09:00" testType="13cdc9d9-ddb5-4fa4-a97d-d965ccfc6d4b" outcome="Passed" testListId="8c84fa94-04c1-424b-9868-57a2d4851a1d" relativeResultsDirectory="4e52766b-6a2a-48eb-8bcf-a641908ee3f5" />
    <UnitTestResult executionId="78816704-ee25-4b07-813c-f27b1d4a3ed3" testId="49aabd1d-4c18-2c6a-8c2e-10529d863ae1" testName="Unfold.Tests.AppUpdateTests.OperatingSystemsArchitecturesAndReleaseTracksHaveDistinctFeeds(version: &quot;1.0.3&quot;, runtime: &quot;osx-x64&quot;, expected: &quot;osx-x64-stable&quot;)" computerName="hwanghyeonseong-ui-MacBookAir" duration="00:00:00.0002270" startTime="2026-10-03T21:26:32.8257000+09:00" endTime="2026-10-03T21:26:32.8259380+09:00" testType="13cdc9d9-ddb5-4fa4-a97d-d965ccfc6d4b" outcome="Passed" testListId="8c84fa94-04c1-424b-9868-57a2d4851a1d" relativeResultsDirectory="78816704-ee25-4b07-813c-f27b1d4a3ed3" />
    <UnitTestResult executionId="253831f0-c9dd-4cc7-a986-61a72f1befd2" testId="e2106d53-fe01-f43d-6fc9-36ac3b84efaf" testName="Unfold.Tests.AppUpdateTests.AnotherChannelCannotBecomeAPendingOrRemoteUpdate(wrongChannel: &quot;osx-arm64-stable&quot;)" computerName="hwanghyeonseong-ui-MacBookAir" duration="00:00:00.0020607" startTime="2026-10-03T21:26:32.8191280+09:00" endTime="2026-10-03T21:26:32.8212080+09:00" testType="13cdc9d9-ddb5-4fa4-a97d-d965ccfc6d4b" outcome="Passed" testListId="8c84fa94-04c1-424b-9868-57a2d4851a1d" relativeResultsDirectory="253831f0-c9dd-4cc7-a986-61a72f1befd2" />
    <UnitTestResult executionId="5b26fca6-1729-4793-bbd9-cf57fd294662" testId="5ec693b7-4372-82b2-a604-d5f5ac29ac41" testName="Unfold.Tests.AppUpdateUiTests.ActiveBreakBlocksApplyAndAFailedUpdaterDoesNotStopTheTimer" computerName="hwanghyeonseong-ui-MacBookAir" duration="00:00:00.6441344" startTime="2026-10-03T21:26:31.4653020+09:00" endTime="2026-10-03T21:26:32.1139350+09:00" testType="13cdc9d9-ddb5-4fa4-a97d-d965ccfc6d4b" outcome="Passed" testListId="8c84fa94-04c1-424b-9868-57a2d4851a1d" relativeResultsDirectory="5b26fca6-1729-4793-bbd9-cf57fd294662" />
    <UnitTestResult executionId="65736541-cbf4-491e-b7b0-e9a06e7e7199" testId="d93e51e4-c7f2-f7a1-58df-a5ae4cd39086" testName="Unfold.Tests.AppUpdateTests.OperatingSystemsArchitecturesAndReleaseTracksHaveDistinctFeeds(version: &quot;1.0.3&quot;, runtime: &quot;win-arm64&quot;, expected: &quot;win-arm64-stable&quot;)" computerName="hwanghyeonseong-ui-MacBookAir" duration="00:00:00.0001037" startTime="2026-10-03T21:26:32.8254820+09:00" endTime="2026-10-03T21:26:32.8255970+09:00" testType="13cdc9d9-ddb5-4fa4-a97d-d965ccfc6d4b" outcome="Passed" testListId="8c84fa94-04c1-424b-9868-57a2d4851a1d" relativeResultsDirectory="65736541-cbf4-491e-b7b0-e9a06e7e7199" />
    <UnitTestResult executionId="1c9d2261-75ba-4c9e-9c5d-1bd284e01490" testId="10902704-4cd7-0eda-25f0-04f4ff4369ef" testName="Unfold.Tests.AppUpdateTests.RepeatedCheckAndDownloadAreCoalescedWithoutPrematureRestart" computerName="hwanghyeonseong-ui-MacBookAir" duration="00:00:00.0014742" startTime="2026-10-03T21:26:32.8503270+09:00" endTime="2026-10-03T21:26:32.8518130+09:00" testType="13cdc9d9-ddb5-4fa4-a97d-d965ccfc6d4b" outcome="Passed" testListId="8c84fa94-04c1-424b-9868-57a2d4851a1d" relativeResultsDirectory="1c9d2261-75ba-4c9e-9c5d-1bd284e01490" />
    <UnitTestResult executionId="f1fbc4c1-da62-4e97-a9db-cf9c5c1f6ad4" testId="4b2f4ae9-566b-a21f-cb5e-9578971796bc" testName="Unfold.Tests.AppUpdateTests.OperatingSystemsArchitecturesAndReleaseTracksHaveDistinctFeeds(version: &quot;1.0.3&quot;, runtime: &quot;win-x64&quot;, expected: &quot;win-x64-stable&quot;)" computerName="hwanghyeonseong-ui-MacBookAir" duration="00:00:00.0002468" startTime="2026-10-03T21:26:32.8248080+09:00" endTime="2026-10-03T21:26:32.8250670+09:00" testType="13cdc9d9-ddb5-4fa4-a97d-d965ccfc6d4b" outcome="Passed" testListId="8c84fa94-04c1-424b-9868-57a2d4851a1d" relativeResultsDirectory="f1fbc4c1-da62-4e97-a9db-cf9c5c1f6ad4" />
    <UnitTestResult executionId="16e542e4-0615-4dd0-b3ad-09269f0f5547" testId="7e5103c9-65ae-c20a-a555-291632cb7aa7" testName="Unfold.Tests.AppUpdateTests.OperatingSystemsArchitecturesAndReleaseTracksHaveDistinctFeeds(version: &quot;1.0.3&quot;, runtime: &quot;osx-arm64&quot;, expected: &quot;osx-arm64-stable&quot;)" computerName="hwanghyeonseong-ui-MacBookAir" duration="00:00:00.0001855" startTime="2026-10-03T21:26:32.8251780+09:00" endTime="2026-10-03T21:26:32.8253750+09:00" testType="13cdc9d9-ddb5-4fa4-a97d-d965ccfc6d4b" outcome="Passed" testListId="8c84fa94-04c1-424b-9868-57a2d4851a1d" relativeResultsDirectory="16e542e4-0615-4dd0-b3ad-09269f0f5547" />
    <UnitTestResult executionId="7a6497fa-3dac-44d5-9c2b-8afc6008526f" testId="c4dd4a52-93d5-b7d8-6d65-cf0a37555275" testName="Unfold.Tests.AppUpdateUiTests.UnsavedEditorCancelStopsUpdateBeforeTheHelperIsLaunched" computerName="hwanghyeonseong-ui-MacBookAir" duration="00:00:00.2544785" startTime="2026-10-03T21:26:32.5171830+09:00" endTime="2026-10-03T21:26:32.7717070+09:00" testType="13cdc9d9-ddb5-4fa4-a97d-d965ccfc6d4b" outcome="Passed" testListId="8c84fa94-04c1-424b-9868-57a2d4851a1d" relativeResultsDirectory="7a6497fa-3dac-44d5-9c2b-8afc6008526f" />
    <UnitTestResult executionId="35518043-6928-4e8d-b90b-1c9cc94ba5cf" testId="5a31999d-e892-d576-acfe-67bc71ef28f9" testName="Unfold.Tests.AppUpdateTests.ActualSdkDoesNotOfferTheSameVersionOrADowngrade(target: &quot;1.0.3-beta&quot;)" computerName="hwanghyeonseong-ui-MacBookAir" duration="00:00:00.0010328" startTime="2026-10-03T21:26:32.8300980+09:00" endTime="2026-10-03T21:26:32.8311480+09:00" testType="13cdc9d9-ddb5-4fa4-a97d-d965ccfc6d4b" outcome="Passed" testListId="8c84fa94-04c1-424b-9868-57a2d4851a1d" relativeResultsDirectory="35518043-6928-4e8d-b90b-1c9cc94ba5cf" />
    <UnitTestResult executionId="ccfc6d69-b43c-4e48-bf35-ea48676843a6" testId="717da6bc-4b58-ddb0-c41a-e088fd218125" testName="Unfold.Tests.AppUpdateTests.LegacyInstallNeverDownloadsOrAppliesAndDoesNotPretendToBeCurrent" computerName="hwanghyeonseong-ui-MacBookAir" duration="00:00:00.0006128" startTime="2026-10-03T21:26:32.8265810+09:00" endTime="2026-10-03T21:26:32.8272040+09:00" testType="13cdc9d9-ddb5-4fa4-a97d-d965ccfc6d4b" outcome="Passed" testListId="8c84fa94-04c1-424b-9868-57a2d4851a1d" relativeResultsDirectory="ccfc6d69-b43c-4e48-bf35-ea48676843a6" />
    <UnitTestResult executionId="50b089f6-5caa-4ba3-9b14-8fcb9faeb377" testId="bfe66598-0a42-010a-a72c-65de1c62810b" testName="Unfold.Tests.AppUpdateTests.OperatingSystemsArchitecturesAndReleaseTracksHaveDistinctFeeds(version: &quot;1.0.3-beta&quot;, runtime: &quot;win-arm64&quot;, expected: &quot;win-arm64-beta&quot;)" computerName="hwanghyeonseong-ui-MacBookAir" duration="00:00:00.0001004" startTime="2026-10-03T21:26:32.8262560+09:00" endTime="2026-10-03T21:26:32.8263680+09:00" testType="13cdc9d9-ddb5-4fa4-a97d-d965ccfc6d4b" outcome="Passed" testListId="8c84fa94-04c1-424b-9868-57a2d4851a1d" relativeResultsDirectory="50b089f6-5caa-4ba3-9b14-8fcb9faeb377" />
    <UnitTestResult executionId="a9b29721-d712-48c5-8100-92eb234b0593" testId="8c917d59-28a8-dba0-3bb8-2253afde9b0e" testName="Unfold.Tests.AppUpdateUiTests.UpdateWindowShowsProgressAndClosingItKeepsTheDownload" computerName="hwanghyeonseong-ui-MacBookAir" duration="00:00:00.0161066" startTime="2026-10-03T21:26:32.7750250+09:00" endTime="2026-10-03T21:26:32.7911660+09:00" testType="13cdc9d9-ddb5-4fa4-a97d-d965ccfc6d4b" outcome="Passed" testListId="8c84fa94-04c1-424b-9868-57a2d4851a1d" relativeResultsDirectory="a9b29721-d712-48c5-8100-92eb234b0593" />
    <UnitTestResult executionId="f451d13e-c065-47bb-98f0-1d84d28febb1" testId="3251ce63-04e8-f364-9840-b8f29ee30fe4" testName="Unfold.Tests.AppUpdateUiTests.RuntimeExposesUpdatesWithoutPurchaseAccessAndDoesNotDuplicateTheWindow" computerName="hwanghyeonseong-ui-MacBookAir" duration="00:00:00.1815436" startTime="2026-10-03T21:26:32.3326510+09:00" endTime="2026-10-03T21:26:32.5142330+09:00" testType="13cdc9d9-ddb5-4fa4-a97d-d965ccfc6d4b" outcome="Passed" testListId="8c84fa94-04c1-424b-9868-57a2d4851a1d" relativeResultsDirectory="f451d13e-c065-47bb-98f0-1d84d28febb1" />
    <UnitTestResult executionId="40c7eff4-671a-4bfe-8e55-d78aad6b591f" testId="50c21f89-88f5-d688-366d-dfbf6b99335c" testName="Unfold.Tests.AppUpdateTests.ActualSdkDoesNotOfferTheSameVersionOrADowngrade(target: &quot;1.0.2-beta&quot;)" computerName="hwanghyeonseong-ui-MacBookAir" duration="00:00:00.0014022" startTime="2026-10-03T21:26:32.8285400+09:00" endTime="2026-10-03T21:26:32.8299580+09:00" testType="13cdc9d9-ddb5-4fa4-a97d-d965ccfc6d4b" outcome="Passed" testListId="8c84fa94-04c1-424b-9868-57a2d4851a1d" relativeResultsDirectory="40c7eff4-671a-4bfe-8e55-d78aad6b591f" />
    <UnitTestResult executionId="32135b2d-bdd8-43ee-b11e-1db0009fc567" testId="95e70dc0-5cf0-6714-b5e2-af29207a4c04" testName="Unfold.Tests.AppUpdateTests.DisposeCancelsAnInFlightDownloadAndSuppressesLateNotifications" computerName="hwanghyeonseong-ui-MacBookAir" duration="00:00:00.0005486" startTime="2026-10-03T21:26:32.8545140+09:00" endTime="2026-10-03T21:26:32.8550780+09:00" testType="13cdc9d9-ddb5-4fa4-a97d-d965ccfc6d4b" outcome="Passed" testListId="8c84fa94-04c1-424b-9868-57a2d4851a1d" relativeResultsDirectory="32135b2d-bdd8-43ee-b11e-1db0009fc567" />
    <UnitTestResult executionId="10b65c35-b431-49dd-ba22-f2cbe37daec2" testId="3f6812c7-c149-1cee-86fd-789b48d3c9e9" testName="Unfold.Tests.AppUpdateTests.ActualSdkDownloadsAndVerifiesAValidPackageFromTheMatchingFeed" computerName="hwanghyeonseong-ui-MacBookAir" duration="00:00:00.0047707" startTime="2026-10-03T21:26:32.8438560+09:00" endTime="2026-10-03T21:26:32.8486460+09:00" testType="13cdc9d9-ddb5-4fa4-a97d-d965ccfc6d4b" outcome="Passed" testListId="8c84fa94-04c1-424b-9868-57a2d4851a1d" relativeResultsDirectory="10b65c35-b431-49dd-ba22-f2cbe37daec2" />
    <UnitTestResult executionId="29e671ef-abff-4c6b-b7fa-f483b4e03052" testId="cd609b46-ceb0-6de1-ce53-1c6f095f6c16" testName="Unfold.Tests.AppUpdateTests.ApplyFailureKeepsDownloadedPackageForRetry" computerName="hwanghyeonseong-ui-MacBookAir" duration="00:00:00.0008856" startTime="2026-10-03T21:26:32.8273840+09:00" endTime="2026-10-03T21:26:32.8282860+09:00" testType="13cdc9d9-ddb5-4fa4-a97d-d965ccfc6d4b" outcome="Passed" testListId="8c84fa94-04c1-424b-9868-57a2d4851a1d" relativeResultsDirectory="29e671ef-abff-4c6b-b7fa-f483b4e03052" />
    <UnitTestResult executionId="615e52bf-c9da-4ec7-bc4b-d05e36d03443" testId="70ed5c99-3051-18a1-14b6-2caecf45d120" testName="Unfold.Tests.AppUpdateTests.AnotherChannelCannotBecomeAPendingOrRemoteUpdate(wrongChannel: &quot;win-x64-beta&quot;)" computerName="hwanghyeonseong-ui-MacBookAir" duration="00:00:00.0234478" startTime="2026-10-03T21:26:32.7953850+09:00" endTime="2026-10-03T21:26:32.8188960+09:00" testType="13cdc9d9-ddb5-4fa4-a97d-d965ccfc6d4b" outcome="Passed" testListId="8c84fa94-04c1-424b-9868-57a2d4851a1d" relativeResultsDirectory="615e52bf-c9da-4ec7-bc4b-d05e36d03443" />
    <UnitTestResult executionId="673fd0d2-9735-4815-abec-750151761702" testId="452f8b9f-d7ee-0982-4551-a01718a96e96" testName="Unfold.Tests.AppUpdateUiTests.TrayOffersOneUpdateEntryAndRestartRequiresAnExplicitRequest" computerName="hwanghyeonseong-ui-MacBookAir" duration="00:00:00.1340661" startTime="2026-10-03T21:26:32.1898010+09:00" endTime="2026-10-03T21:26:32.3239380+09:00" testType="13cdc9d9-ddb5-4fa4-a97d-d965ccfc6d4b" outcome="Passed" testListId="8c84fa94-04c1-424b-9868-57a2d4851a1d" relativeResultsDirectory="673fd0d2-9735-4815-abec-750151761702" />
    <UnitTestResult executionId="cd12f380-711d-46db-b542-2229d9ee7183" testId="78a30b2a-f40b-c888-03c7-f13b04316abe" testName="Unfold.Tests.AppUpdateTests.AnotherChannelCannotBecomeAPendingOrRemoteUpdate(wrongChannel: &quot;osx-x64-beta&quot;)" computerName="hwanghyeonseong-ui-MacBookAir" duration="00:00:00.0019645" startTime="2026-10-03T21:26:32.8213520+09:00" endTime="2026-10-03T21:26:32.8233330+09:00" testType="13cdc9d9-ddb5-4fa4-a97d-d965ccfc6d4b" outcome="Passed" testListId="8c84fa94-04c1-424b-9868-57a2d4851a1d" relativeResultsDirectory="cd12f380-711d-46db-b542-2229d9ee7183" />
    <UnitTestResult executionId="0178082b-5121-4c88-a222-7f807531cf82" testId="d1c184d5-3189-e419-9532-751616c2304e" testName="Unfold.Tests.AppUpdateTests.AFeedWithAnotherApplicationIdCannotBeDownloaded" computerName="hwanghyeonseong-ui-MacBookAir" duration="00:00:00.0016282" startTime="2026-10-03T21:26:32.8526070+09:00" endTime="2026-10-03T21:26:32.8542510+09:00" testType="13cdc9d9-ddb5-4fa4-a97d-d965ccfc6d4b" outcome="Passed" testListId="8c84fa94-04c1-424b-9868-57a2d4851a1d" relativeResultsDirectory="0178082b-5121-4c88-a222-7f807531cf82" />
    <UnitTestResult executionId="e680bb77-586c-4081-9787-178b1d1fa6ce" testId="21ed19d5-da12-8d2f-5cec-e461da2f0fb0" testName="Unfold.Tests.AppUpdateTests.UninstallOnlyRemovesTheStartupEntryBelongingToThisManagedInstallation" computerName="hwanghyeonseong-ui-MacBookAir" duration="00:00:00.0003937" startTime="2026-10-03T21:26:32.8520130+09:00" endTime="2026-10-03T21:26:32.8524210+09:00" testType="13cdc9d9-ddb5-4fa4-a97d-d965ccfc6d4b" outcome="Passed" testListId="8c84fa94-04c1-424b-9868-57a2d4851a1d" relativeResultsDirectory="e680bb77-586c-4081-9787-178b1d1fa6ce" />
    <UnitTestResult executionId="2747c747-2e89-4878-a974-4f09fb99d1a5" testId="20e92a42-fc9f-f12c-3e47-abb822955269" testName="Unfold.Tests.AppUpdateTests.OperatingSystemsArchitecturesAndReleaseTracksHaveDistinctFeeds(version: &quot;1.0.3-beta&quot;, runtime: &quot;win-x64&quot;, expected: &quot;win-x64-beta&quot;)" computerName="hwanghyeonseong-ui-MacBookAir" duration="00:00:00.0000996" startTime="2026-10-03T21:26:32.8260450+09:00" endTime="2026-10-03T21:26:32.8261550+09:00" testType="13cdc9d9-ddb5-4fa4-a97d-d965ccfc6d4b" outcome="Passed" testListId="8c84fa94-04c1-424b-9868-57a2d4851a1d" relativeResultsDirectory="2747c747-2e89-4878-a974-4f09fb99d1a5" />
    <UnitTestResult executionId="4eca5b99-cc68-46c8-b88f-5cee2c2ad554" testId="0a80a48f-b842-24cc-dc8d-802718c7f6be" testName="Unfold.Tests.AppUpdateTests.OperatingSystemsArchitecturesAndReleaseTracksHaveDistinctFeeds(version: &quot;1.0.3-beta&quot;, runtime: &quot;osx-x64&quot;, expected: &quot;osx-x64-beta&quot;)" computerName="hwanghyeonseong-ui-MacBookAir" duration="00:00:00.0003340" startTime="2026-10-03T21:26:32.8243420+09:00" endTime="2026-10-03T21:26:32.8246910+09:00" testType="13cdc9d9-ddb5-4fa4-a97d-d965ccfc6d4b" outcome="Passed" testListId="8c84fa94-04c1-424b-9868-57a2d4851a1d" relativeResultsDirectory="4eca5b99-cc68-46c8-b88f-5cee2c2ad554" />
  </Results>
  <TestDefinitions>
    <UnitTest name="Unfold.Tests.AppUpdateUiTests.RuntimeExposesUpdatesWithoutPurchaseAccessAndDoesNotDuplicateTheWindow" storage="/private/var/folders/r6/7hjm96zd53g3dfxkbbb9jbnh0000gn/t/unfold-inapp-updates-2026-10-03-r4ct5xp2/tests/unfold.tests/bin/release/net10.0/unfold.tests.dll" id="3251ce63-04e8-f364-9840-b8f29ee30fe4">
      <Execution id="f451d13e-c065-47bb-98f0-1d84d28febb1" />
      <TestMethod codeBase="/private/var/folders/r6/7hjm96zd53g3dfxkbbb9jbnh0000gn/T/unfold-inapp-updates-2026-10-03-r4ct5xp2/Tests/Unfold.Tests/bin/Release/net10.0/Unfold.Tests.dll" adapterTypeName="executor://xunit/VsTestRunner3/netcore/" className="Unfold.Tests.AppUpdateUiTests" name="RuntimeExposesUpdatesWithoutPurchaseAccessAndDoesNotDuplicateTheWindow" />
    </UnitTest>
    <UnitTest name="Unfold.Tests.AppUpdateUiTests.TrayOffersOneUpdateEntryAndRestartRequiresAnExplicitRequest" storage="/private/var/folders/r6/7hjm96zd53g3dfxkbbb9jbnh0000gn/t/unfold-inapp-updates-2026-10-03-r4ct5xp2/tests/unfold.tests/bin/release/net10.0/unfold.tests.dll" id="452f8b9f-d7ee-0982-4551-a01718a96e96">
      <Execution id="673fd0d2-9735-4815-abec-750151761702" />
      <TestMethod codeBase="/private/var/folders/r6/7hjm96zd53g3dfxkbbb9jbnh0000gn/T/unfold-inapp-updates-2026-10-03-r4ct5xp2/Tests/Unfold.Tests/bin/Release/net10.0/Unfold.Tests.dll" adapterTypeName="executor://xunit/VsTestRunner3/netcore/" className="Unfold.Tests.AppUpdateUiTests" name="TrayOffersOneUpdateEntryAndRestartRequiresAnExplicitRequest" />
    </UnitTest>
    <UnitTest name="Unfold.Tests.AppUpdateTests.UninstallOnlyRemovesTheStartupEntryBelongingToThisManagedInstallation" storage="/private/var/folders/r6/7hjm96zd53g3dfxkbbb9jbnh0000gn/t/unfold-inapp-updates-2026-10-03-r4ct5xp2/tests/unfold.tests/bin/release/net10.0/unfold.tests.dll" id="21ed19d5-da12-8d2f-5cec-e461da2f0fb0">
      <Execution id="e680bb77-586c-4081-9787-178b1d1fa6ce" />
      <TestMethod codeBase="/private/var/folders/r6/7hjm96zd53g3dfxkbbb9jbnh0000gn/T/unfold-inapp-updates-2026-10-03-r4ct5xp2/Tests/Unfold.Tests/bin/Release/net10.0/Unfold.Tests.dll" adapterTypeName="executor://xunit/VsTestRunner3/netcore/" className="Unfold.Tests.AppUpdateTests" name="UninstallOnlyRemovesTheStartupEntryBelongingToThisManagedInstallation" />
    </UnitTest>
    <UnitTest name="Unfold.Tests.AppUpdateTests.OperatingSystemsArchitecturesAndReleaseTracksHaveDistinctFeeds(version: &quot;1.0.3-beta&quot;, runtime: &quot;osx-arm64&quot;, expected: &quot;osx-arm64-beta&quot;)" storage="/private/var/folders/r6/7hjm96zd53g3dfxkbbb9jbnh0000gn/t/unfold-inapp-updates-2026-10-03-r4ct5xp2/tests/unfold.tests/bin/release/net10.0/unfold.tests.dll" id="ceec8879-878d-e4c4-7389-a8872545f2ce">
      <Execution id="1e5835bf-263d-4bd0-903c-5cfa0fc2bcfe" />
      <TestMethod codeBase="/private/var/folders/r6/7hjm96zd53g3dfxkbbb9jbnh0000gn/T/unfold-inapp-updates-2026-10-03-r4ct5xp2/Tests/Unfold.Tests/bin/Release/net10.0/Unfold.Tests.dll" adapterTypeName="executor://xunit/VsTestRunner3/netcore/" className="Unfold.Tests.AppUpdateTests" name="OperatingSystemsArchitecturesAndReleaseTracksHaveDistinctFeeds" />
    </UnitTest>
    <UnitTest name="Unfold.Tests.AppUpdateUiTests.UpdateWindowShowsProgressAndClosingItKeepsTheDownload" storage="/private/var/folders/r6/7hjm96zd53g3dfxkbbb9jbnh0000gn/t/unfold-inapp-updates-2026-10-03-r4ct5xp2/tests/unfold.tests/bin/release/net10.0/unfold.tests.dll" id="8c917d59-28a8-dba0-3bb8-2253afde9b0e">
      <Execution id="a9b29721-d712-48c5-8100-92eb234b0593" />
      <TestMethod codeBase="/private/var/folders/r6/7hjm96zd53g3dfxkbbb9jbnh0000gn/T/unfold-inapp-updates-2026-10-03-r4ct5xp2/Tests/Unfold.Tests/bin/Release/net10.0/Unfold.Tests.dll" adapterTypeName="executor://xunit/VsTestRunner3/netcore/" className="Unfold.Tests.AppUpdateUiTests" name="UpdateWindowShowsProgressAndClosingItKeepsTheDownload" />
    </UnitTest>
    <UnitTest name="Unfold.Tests.AppUpdateTests.OperatingSystemsArchitecturesAndReleaseTracksHaveDistinctFeeds(version: &quot;1.0.3-beta&quot;, runtime: &quot;win-x64&quot;, expected: &quot;win-x64-beta&quot;)" storage="/private/var/folders/r6/7hjm96zd53g3dfxkbbb9jbnh0000gn/t/unfold-inapp-updates-2026-10-03-r4ct5xp2/tests/unfold.tests/bin/release/net10.0/unfold.tests.dll" id="20e92a42-fc9f-f12c-3e47-abb822955269">
      <Execution id="2747c747-2e89-4878-a974-4f09fb99d1a5" />
      <TestMethod codeBase="/private/var/folders/r6/7hjm96zd53g3dfxkbbb9jbnh0000gn/T/unfold-inapp-updates-2026-10-03-r4ct5xp2/Tests/Unfold.Tests/bin/Release/net10.0/Unfold.Tests.dll" adapterTypeName="executor://xunit/VsTestRunner3/netcore/" className="Unfold.Tests.AppUpdateTests" name="OperatingSystemsArchitecturesAndReleaseTracksHaveDistinctFeeds" />
    </UnitTest>
    <UnitTest name="Unfold.Tests.AppUpdateTests.AnotherChannelCannotBecomeAPendingOrRemoteUpdate(wrongChannel: &quot;osx-arm64-stable&quot;)" storage="/private/var/folders/r6/7hjm96zd53g3dfxkbbb9jbnh0000gn/t/unfold-inapp-updates-2026-10-03-r4ct5xp2/tests/unfold.tests/bin/release/net10.0/unfold.tests.dll" id="e2106d53-fe01-f43d-6fc9-36ac3b84efaf">
      <Execution id="253831f0-c9dd-4cc7-a986-61a72f1befd2" />
      <TestMethod codeBase="/private/var/folders/r6/7hjm96zd53g3dfxkbbb9jbnh0000gn/T/unfold-inapp-updates-2026-10-03-r4ct5xp2/Tests/Unfold.Tests/bin/Release/net10.0/Unfold.Tests.dll" adapterTypeName="executor://xunit/VsTestRunner3/netcore/" className="Unfold.Tests.AppUpdateTests" name="AnotherChannelCannotBecomeAPendingOrRemoteUpdate" />
    </UnitTest>
    <UnitTest name="Unfold.Tests.AppUpdateTests.AFeedWithAnotherApplicationIdCannotBeDownloaded" storage="/private/var/folders/r6/7hjm96zd53g3dfxkbbb9jbnh0000gn/t/unfold-inapp-updates-2026-10-03-r4ct5xp2/tests/unfold.tests/bin/release/net10.0/unfold.tests.dll" id="d1c184d5-3189-e419-9532-751616c2304e">
      <Execution id="0178082b-5121-4c88-a222-7f807531cf82" />
      <TestMethod codeBase="/private/var/folders/r6/7hjm96zd53g3dfxkbbb9jbnh0000gn/T/unfold-inapp-updates-2026-10-03-r4ct5xp2/Tests/Unfold.Tests/bin/Release/net10.0/Unfold.Tests.dll" adapterTypeName="executor://xunit/VsTestRunner3/netcore/" className="Unfold.Tests.AppUpdateTests" name="AFeedWithAnotherApplicationIdCannotBeDownloaded" />
    </UnitTest>
    <UnitTest name="Unfold.Tests.AppUpdateTests.OperatingSystemsArchitecturesAndReleaseTracksHaveDistinctFeeds(version: &quot;1.0.3&quot;, runtime: &quot;win-x64&quot;, expected: &quot;win-x64-stable&quot;)" storage="/private/var/folders/r6/7hjm96zd53g3dfxkbbb9jbnh0000gn/t/unfold-inapp-updates-2026-10-03-r4ct5xp2/tests/unfold.tests/bin/release/net10.0/unfold.tests.dll" id="4b2f4ae9-566b-a21f-cb5e-9578971796bc">
      <Execution id="f1fbc4c1-da62-4e97-a9db-cf9c5c1f6ad4" />
      <TestMethod codeBase="/private/var/folders/r6/7hjm96zd53g3dfxkbbb9jbnh0000gn/T/unfold-inapp-updates-2026-10-03-r4ct5xp2/Tests/Unfold.Tests/bin/Release/net10.0/Unfold.Tests.dll" adapterTypeName="executor://xunit/VsTestRunner3/netcore/" className="Unfold.Tests.AppUpdateTests" name="OperatingSystemsArchitecturesAndReleaseTracksHaveDistinctFeeds" />
    </UnitTest>
    <UnitTest name="Unfold.Tests.AppUpdateTests.ActualSdkDoesNotOfferTheSameVersionOrADowngrade(target: &quot;1.0.2-beta&quot;)" storage="/private/var/folders/r6/7hjm96zd53g3dfxkbbb9jbnh0000gn/t/unfold-inapp-updates-2026-10-03-r4ct5xp2/tests/unfold.tests/bin/release/net10.0/unfold.tests.dll" id="50c21f89-88f5-d688-366d-dfbf6b99335c">
      <Execution id="40c7eff4-671a-4bfe-8e55-d78aad6b591f" />
      <TestMethod codeBase="/private/var/folders/r6/7hjm96zd53g3dfxkbbb9jbnh0000gn/T/unfold-inapp-updates-2026-10-03-r4ct5xp2/Tests/Unfold.Tests/bin/Release/net10.0/Unfold.Tests.dll" adapterTypeName="executor://xunit/VsTestRunner3/netcore/" className="Unfold.Tests.AppUpdateTests" name="ActualSdkDoesNotOfferTheSameVersionOrADowngrade" />
    </UnitTest>
    <UnitTest name="Unfold.Tests.AppUpdateTests.OperatingSystemsArchitecturesAndReleaseTracksHaveDistinctFeeds(version: &quot;1.0.3&quot;, runtime: &quot;win-arm64&quot;, expected: &quot;win-arm64-stable&quot;)" storage="/private/var/folders/r6/7hjm96zd53g3dfxkbbb9jbnh0000gn/t/unfold-inapp-updates-2026-10-03-r4ct5xp2/tests/unfold.tests/bin/release/net10.0/unfold.tests.dll" id="d93e51e4-c7f2-f7a1-58df-a5ae4cd39086">
      <Execution id="65736541-cbf4-491e-b7b0-e9a06e7e7199" />
      <TestMethod codeBase="/private/var/folders/r6/7hjm96zd53g3dfxkbbb9jbnh0000gn/T/unfold-inapp-updates-2026-10-03-r4ct5xp2/Tests/Unfold.Tests/bin/Release/net10.0/Unfold.Tests.dll" adapterTypeName="executor://xunit/VsTestRunner3/netcore/" className="Unfold.Tests.AppUpdateTests" name="OperatingSystemsArchitecturesAndReleaseTracksHaveDistinctFeeds" />
    </UnitTest>
    <UnitTest name="Unfold.Tests.AppUpdateUiTests.ActiveBreakBlocksApplyAndAFailedUpdaterDoesNotStopTheTimer" storage="/private/var/folders/r6/7hjm96zd53g3dfxkbbb9jbnh0000gn/t/unfold-inapp-updates-2026-10-03-r4ct5xp2/tests/unfold.tests/bin/release/net10.0/unfold.tests.dll" id="5ec693b7-4372-82b2-a604-d5f5ac29ac41">
      <Execution id="5b26fca6-1729-4793-bbd9-cf57fd294662" />
      <TestMethod codeBase="/private/var/folders/r6/7hjm96zd53g3dfxkbbb9jbnh0000gn/T/unfold-inapp-updates-2026-10-03-r4ct5xp2/Tests/Unfold.Tests/bin/Release/net10.0/Unfold.Tests.dll" adapterTypeName="executor://xunit/VsTestRunner3/netcore/" className="Unfold.Tests.AppUpdateUiTests" name="ActiveBreakBlocksApplyAndAFailedUpdaterDoesNotStopTheTimer" />
    </UnitTest>
    <UnitTest name="Unfold.Tests.AppUpdateTests.ActualSdkDoesNotOfferTheSameVersionOrADowngrade(target: &quot;1.0.3-beta&quot;)" storage="/private/var/folders/r6/7hjm96zd53g3dfxkbbb9jbnh0000gn/t/unfold-inapp-updates-2026-10-03-r4ct5xp2/tests/unfold.tests/bin/release/net10.0/unfold.tests.dll" id="5a31999d-e892-d576-acfe-67bc71ef28f9">
      <Execution id="35518043-6928-4e8d-b90b-1c9cc94ba5cf" />
      <TestMethod codeBase="/private/var/folders/r6/7hjm96zd53g3dfxkbbb9jbnh0000gn/T/unfold-inapp-updates-2026-10-03-r4ct5xp2/Tests/Unfold.Tests/bin/Release/net10.0/Unfold.Tests.dll" adapterTypeName="executor://xunit/VsTestRunner3/netcore/" className="Unfold.Tests.AppUpdateTests" name="ActualSdkDoesNotOfferTheSameVersionOrADowngrade" />
    </UnitTest>
    <UnitTest name="Unfold.Tests.AppUpdateTests.NetworkFailureCanBeRetriedAndDownloadFailureCannotBeApplied" storage="/private/var/folders/r6/7hjm96zd53g3dfxkbbb9jbnh0000gn/t/unfold-inapp-updates-2026-10-03-r4ct5xp2/tests/unfold.tests/bin/release/net10.0/unfold.tests.dll" id="9c71dcce-8375-146e-4c36-8dbddef4b855">
      <Execution id="4e52766b-6a2a-48eb-8bcf-a641908ee3f5" />
      <TestMethod codeBase="/private/var/folders/r6/7hjm96zd53g3dfxkbbb9jbnh0000gn/T/unfold-inapp-updates-2026-10-03-r4ct5xp2/Tests/Unfold.Tests/bin/Release/net10.0/Unfold.Tests.dll" adapterTypeName="executor://xunit/VsTestRunner3/netcore/" className="Unfold.Tests.AppUpdateTests" name="NetworkFailureCanBeRetriedAndDownloadFailureCannotBeApplied" />
    </UnitTest>
    <UnitTest name="Unfold.Tests.AppUpdateTests.OperatingSystemsArchitecturesAndReleaseTracksHaveDistinctFeeds(version: &quot;1.0.3&quot;, runtime: &quot;osx-arm64&quot;, expected: &quot;osx-arm64-stable&quot;)" storage="/private/var/folders/r6/7hjm96zd53g3dfxkbbb9jbnh0000gn/t/unfold-inapp-updates-2026-10-03-r4ct5xp2/tests/unfold.tests/bin/release/net10.0/unfold.tests.dll" id="7e5103c9-65ae-c20a-a555-291632cb7aa7">
      <Execution id="16e542e4-0615-4dd0-b3ad-09269f0f5547" />
      <TestMethod codeBase="/private/var/folders/r6/7hjm96zd53g3dfxkbbb9jbnh0000gn/T/unfold-inapp-updates-2026-10-03-r4ct5xp2/Tests/Unfold.Tests/bin/Release/net10.0/Unfold.Tests.dll" adapterTypeName="executor://xunit/VsTestRunner3/netcore/" className="Unfold.Tests.AppUpdateTests" name="OperatingSystemsArchitecturesAndReleaseTracksHaveDistinctFeeds" />
    </UnitTest>
    <UnitTest name="Unfold.Tests.AppUpdateTests.AnotherChannelCannotBecomeAPendingOrRemoteUpdate(wrongChannel: &quot;win-x64-beta&quot;)" storage="/private/var/folders/r6/7hjm96zd53g3dfxkbbb9jbnh0000gn/t/unfold-inapp-updates-2026-10-03-r4ct5xp2/tests/unfold.tests/bin/release/net10.0/unfold.tests.dll" id="70ed5c99-3051-18a1-14b6-2caecf45d120">
      <Execution id="615e52bf-c9da-4ec7-bc4b-d05e36d03443" />
      <TestMethod codeBase="/private/var/folders/r6/7hjm96zd53g3dfxkbbb9jbnh0000gn/T/unfold-inapp-updates-2026-10-03-r4ct5xp2/Tests/Unfold.Tests/bin/Release/net10.0/Unfold.Tests.dll" adapterTypeName="executor://xunit/VsTestRunner3/netcore/" className="Unfold.Tests.AppUpdateTests" name="AnotherChannelCannotBecomeAPendingOrRemoteUpdate" />
    </UnitTest>
    <UnitTest name="Unfold.Tests.AppUpdateTests.OperatingSystemsArchitecturesAndReleaseTracksHaveDistinctFeeds(version: &quot;1.0.3-beta&quot;, runtime: &quot;osx-x64&quot;, expected: &quot;osx-x64-beta&quot;)" storage="/private/var/folders/r6/7hjm96zd53g3dfxkbbb9jbnh0000gn/t/unfold-inapp-updates-2026-10-03-r4ct5xp2/tests/unfold.tests/bin/release/net10.0/unfold.tests.dll" id="0a80a48f-b842-24cc-dc8d-802718c7f6be">
      <Execution id="4eca5b99-cc68-46c8-b88f-5cee2c2ad554" />
      <TestMethod codeBase="/private/var/folders/r6/7hjm96zd53g3dfxkbbb9jbnh0000gn/T/unfold-inapp-updates-2026-10-03-r4ct5xp2/Tests/Unfold.Tests/bin/Release/net10.0/Unfold.Tests.dll" adapterTypeName="executor://xunit/VsTestRunner3/netcore/" className="Unfold.Tests.AppUpdateTests" name="OperatingSystemsArchitecturesAndReleaseTracksHaveDistinctFeeds" />
    </UnitTest>
    <UnitTest name="Unfold.Tests.AppUpdateTests.ActualSdkRejectsCorruptDownloadsBeforeTheyCanBeApplied" storage="/private/var/folders/r6/7hjm96zd53g3dfxkbbb9jbnh0000gn/t/unfold-inapp-updates-2026-10-03-r4ct5xp2/tests/unfold.tests/bin/release/net10.0/unfold.tests.dll" id="37b84987-6a90-532d-1243-efa7ae0a1682">
      <Execution id="8a867053-e0a7-4f1f-84ec-ca073c8a97db" />
      <TestMethod codeBase="/private/var/folders/r6/7hjm96zd53g3dfxkbbb9jbnh0000gn/T/unfold-inapp-updates-2026-10-03-r4ct5xp2/Tests/Unfold.Tests/bin/Release/net10.0/Unfold.Tests.dll" adapterTypeName="executor://xunit/VsTestRunner3/netcore/" className="Unfold.Tests.AppUpdateTests" name="ActualSdkRejectsCorruptDownloadsBeforeTheyCanBeApplied" />
    </UnitTest>
    <UnitTest name="Unfold.Tests.AppUpdateTests.LoginLaunchUsesAStableStubAndKeepsUserDataOutsideTheManagedInstallation" storage="/private/var/folders/r6/7hjm96zd53g3dfxkbbb9jbnh0000gn/t/unfold-inapp-updates-2026-10-03-r4ct5xp2/tests/unfold.tests/bin/release/net10.0/unfold.tests.dll" id="1ff640d2-577a-4b21-a014-991af0f9f0a6">
      <Execution id="a5bf8def-3421-4ae2-8110-8ae083f6ea73" />
      <TestMethod codeBase="/private/var/folders/r6/7hjm96zd53g3dfxkbbb9jbnh0000gn/T/unfold-inapp-updates-2026-10-03-r4ct5xp2/Tests/Unfold.Tests/bin/Release/net10.0/Unfold.Tests.dll" adapterTypeName="executor://xunit/VsTestRunner3/netcore/" className="Unfold.Tests.AppUpdateTests" name="LoginLaunchUsesAStableStubAndKeepsUserDataOutsideTheManagedInstallation" />
    </UnitTest>
    <UnitTest name="Unfold.Tests.AppUpdateTests.RepeatedCheckAndDownloadAreCoalescedWithoutPrematureRestart" storage="/private/var/folders/r6/7hjm96zd53g3dfxkbbb9jbnh0000gn/t/unfold-inapp-updates-2026-10-03-r4ct5xp2/tests/unfold.tests/bin/release/net10.0/unfold.tests.dll" id="10902704-4cd7-0eda-25f0-04f4ff4369ef">
      <Execution id="1c9d2261-75ba-4c9e-9c5d-1bd284e01490" />
      <TestMethod codeBase="/private/var/folders/r6/7hjm96zd53g3dfxkbbb9jbnh0000gn/T/unfold-inapp-updates-2026-10-03-r4ct5xp2/Tests/Unfold.Tests/bin/Release/net10.0/Unfold.Tests.dll" adapterTypeName="executor://xunit/VsTestRunner3/netcore/" className="Unfold.Tests.AppUpdateTests" name="RepeatedCheckAndDownloadAreCoalescedWithoutPrematureRestart" />
    </UnitTest>
    <UnitTest name="Unfold.Tests.AppUpdateTests.OperatingSystemsArchitecturesAndReleaseTracksHaveDistinctFeeds(version: &quot;1.0.3-beta&quot;, runtime: &quot;win-arm64&quot;, expected: &quot;win-arm64-beta&quot;)" storage="/private/var/folders/r6/7hjm96zd53g3dfxkbbb9jbnh0000gn/t/unfold-inapp-updates-2026-10-03-r4ct5xp2/tests/unfold.tests/bin/release/net10.0/unfold.tests.dll" id="bfe66598-0a42-010a-a72c-65de1c62810b">
      <Execution id="50b089f6-5caa-4ba3-9b14-8fcb9faeb377" />
      <TestMethod codeBase="/private/var/folders/r6/7hjm96zd53g3dfxkbbb9jbnh0000gn/T/unfold-inapp-updates-2026-10-03-r4ct5xp2/Tests/Unfold.Tests/bin/Release/net10.0/Unfold.Tests.dll" adapterTypeName="executor://xunit/VsTestRunner3/netcore/" className="Unfold.Tests.AppUpdateTests" name="OperatingSystemsArchitecturesAndReleaseTracksHaveDistinctFeeds" />
    </UnitTest>
    <UnitTest name="Unfold.Tests.AppUpdateTests.DisposeCancelsAnInFlightDownloadAndSuppressesLateNotifications" storage="/private/var/folders/r6/7hjm96zd53g3dfxkbbb9jbnh0000gn/t/unfold-inapp-updates-2026-10-03-r4ct5xp2/tests/unfold.tests/bin/release/net10.0/unfold.tests.dll" id="95e70dc0-5cf0-6714-b5e2-af29207a4c04">
      <Execution id="32135b2d-bdd8-43ee-b11e-1db0009fc567" />
      <TestMethod codeBase="/private/var/folders/r6/7hjm96zd53g3dfxkbbb9jbnh0000gn/T/unfold-inapp-updates-2026-10-03-r4ct5xp2/Tests/Unfold.Tests/bin/Release/net10.0/Unfold.Tests.dll" adapterTypeName="executor://xunit/VsTestRunner3/netcore/" className="Unfold.Tests.AppUpdateTests" name="DisposeCancelsAnInFlightDownloadAndSuppressesLateNotifications" />
    </UnitTest>
    <UnitTest name="Unfold.Tests.AppUpdateTests.ActualSdkDownloadsAndVerifiesAValidPackageFromTheMatchingFeed" storage="/private/var/folders/r6/7hjm96zd53g3dfxkbbb9jbnh0000gn/t/unfold-inapp-updates-2026-10-03-r4ct5xp2/tests/unfold.tests/bin/release/net10.0/unfold.tests.dll" id="3f6812c7-c149-1cee-86fd-789b48d3c9e9">
      <Execution id="10b65c35-b431-49dd-ba22-f2cbe37daec2" />
      <TestMethod codeBase="/private/var/folders/r6/7hjm96zd53g3dfxkbbb9jbnh0000gn/T/unfold-inapp-updates-2026-10-03-r4ct5xp2/Tests/Unfold.Tests/bin/Release/net10.0/Unfold.Tests.dll" adapterTypeName="executor://xunit/VsTestRunner3/netcore/" className="Unfold.Tests.AppUpdateTests" name="ActualSdkDownloadsAndVerifiesAValidPackageFromTheMatchingFeed" />
    </UnitTest>
    <UnitTest name="Unfold.Tests.AppUpdateUiTests.UnsavedEditorCancelStopsUpdateBeforeTheHelperIsLaunched" storage="/private/var/folders/r6/7hjm96zd53g3dfxkbbb9jbnh0000gn/t/unfold-inapp-updates-2026-10-03-r4ct5xp2/tests/unfold.tests/bin/release/net10.0/unfold.tests.dll" id="c4dd4a52-93d5-b7d8-6d65-cf0a37555275">
      <Execution id="7a6497fa-3dac-44d5-9c2b-8afc6008526f" />
      <TestMethod codeBase="/private/var/folders/r6/7hjm96zd53g3dfxkbbb9jbnh0000gn/T/unfold-inapp-updates-2026-10-03-r4ct5xp2/Tests/Unfold.Tests/bin/Release/net10.0/Unfold.Tests.dll" adapterTypeName="executor://xunit/VsTestRunner3/netcore/" className="Unfold.Tests.AppUpdateUiTests" name="UnsavedEditorCancelStopsUpdateBeforeTheHelperIsLaunched" />
    </UnitTest>
    <UnitTest name="Unfold.Tests.AppUpdateTests.LegacyInstallNeverDownloadsOrAppliesAndDoesNotPretendToBeCurrent" storage="/private/var/folders/r6/7hjm96zd53g3dfxkbbb9jbnh0000gn/t/unfold-inapp-updates-2026-10-03-r4ct5xp2/tests/unfold.tests/bin/release/net10.0/unfold.tests.dll" id="717da6bc-4b58-ddb0-c41a-e088fd218125">
      <Execution id="ccfc6d69-b43c-4e48-bf35-ea48676843a6" />
      <TestMethod codeBase="/private/var/folders/r6/7hjm96zd53g3dfxkbbb9jbnh0000gn/T/unfold-inapp-updates-2026-10-03-r4ct5xp2/Tests/Unfold.Tests/bin/Release/net10.0/Unfold.Tests.dll" adapterTypeName="executor://xunit/VsTestRunner3/netcore/" className="Unfold.Tests.AppUpdateTests" name="LegacyInstallNeverDownloadsOrAppliesAndDoesNotPretendToBeCurrent" />
    </UnitTest>
    <UnitTest name="Unfold.Tests.AppUpdateTests.ApplyFailureKeepsDownloadedPackageForRetry" storage="/private/var/folders/r6/7hjm96zd53g3dfxkbbb9jbnh0000gn/t/unfold-inapp-updates-2026-10-03-r4ct5xp2/tests/unfold.tests/bin/release/net10.0/unfold.tests.dll" id="cd609b46-ceb0-6de1-ce53-1c6f095f6c16">
      <Execution id="29e671ef-abff-4c6b-b7fa-f483b4e03052" />
      <TestMethod codeBase="/private/var/folders/r6/7hjm96zd53g3dfxkbbb9jbnh0000gn/T/unfold-inapp-updates-2026-10-03-r4ct5xp2/Tests/Unfold.Tests/bin/Release/net10.0/Unfold.Tests.dll" adapterTypeName="executor://xunit/VsTestRunner3/netcore/" className="Unfold.Tests.AppUpdateTests" name="ApplyFailureKeepsDownloadedPackageForRetry" />
    </UnitTest>
    <UnitTest name="Unfold.Tests.AppUpdateTests.AnotherChannelCannotBecomeAPendingOrRemoteUpdate(wrongChannel: &quot;osx-x64-beta&quot;)" storage="/private/var/folders/r6/7hjm96zd53g3dfxkbbb9jbnh0000gn/t/unfold-inapp-updates-2026-10-03-r4ct5xp2/tests/unfold.tests/bin/release/net10.0/unfold.tests.dll" id="78a30b2a-f40b-c888-03c7-f13b04316abe">
      <Execution id="cd12f380-711d-46db-b542-2229d9ee7183" />
      <TestMethod codeBase="/private/var/folders/r6/7hjm96zd53g3dfxkbbb9jbnh0000gn/T/unfold-inapp-updates-2026-10-03-r4ct5xp2/Tests/Unfold.Tests/bin/Release/net10.0/Unfold.Tests.dll" adapterTypeName="executor://xunit/VsTestRunner3/netcore/" className="Unfold.Tests.AppUpdateTests" name="AnotherChannelCannotBecomeAPendingOrRemoteUpdate" />
    </UnitTest>
    <UnitTest name="Unfold.Tests.AppUpdateTests.OperatingSystemsArchitecturesAndReleaseTracksHaveDistinctFeeds(version: &quot;1.0.3&quot;, runtime: &quot;osx-x64&quot;, expected: &quot;osx-x64-stable&quot;)" storage="/private/var/folders/r6/7hjm96zd53g3dfxkbbb9jbnh0000gn/t/unfold-inapp-updates-2026-10-03-r4ct5xp2/tests/unfold.tests/bin/release/net10.0/unfold.tests.dll" id="49aabd1d-4c18-2c6a-8c2e-10529d863ae1">
      <Execution id="78816704-ee25-4b07-813c-f27b1d4a3ed3" />
      <TestMethod codeBase="/private/var/folders/r6/7hjm96zd53g3dfxkbbb9jbnh0000gn/T/unfold-inapp-updates-2026-10-03-r4ct5xp2/Tests/Unfold.Tests/bin/Release/net10.0/Unfold.Tests.dll" adapterTypeName="executor://xunit/VsTestRunner3/netcore/" className="Unfold.Tests.AppUpdateTests" name="OperatingSystemsArchitecturesAndReleaseTracksHaveDistinctFeeds" />
    </UnitTest>
  </TestDefinitions>
  <TestEntries>
    <TestEntry testId="37b84987-6a90-532d-1243-efa7ae0a1682" executionId="8a867053-e0a7-4f1f-84ec-ca073c8a97db" testListId="8c84fa94-04c1-424b-9868-57a2d4851a1d" />
    <TestEntry testId="1ff640d2-577a-4b21-a014-991af0f9f0a6" executionId="a5bf8def-3421-4ae2-8110-8ae083f6ea73" testListId="8c84fa94-04c1-424b-9868-57a2d4851a1d" />
    <TestEntry testId="ceec8879-878d-e4c4-7389-a8872545f2ce" executionId="1e5835bf-263d-4bd0-903c-5cfa0fc2bcfe" testListId="8c84fa94-04c1-424b-9868-57a2d4851a1d" />
    <TestEntry testId="9c71dcce-8375-146e-4c36-8dbddef4b855" executionId="4e52766b-6a2a-48eb-8bcf-a641908ee3f5" testListId="8c84fa94-04c1-424b-9868-57a2d4851a1d" />
    <TestEntry testId="49aabd1d-4c18-2c6a-8c2e-10529d863ae1" executionId="78816704-ee25-4b07-813c-f27b1d4a3ed3" testListId="8c84fa94-04c1-424b-9868-57a2d4851a1d" />
    <TestEntry testId="e2106d53-fe01-f43d-6fc9-36ac3b84efaf" executionId="253831f0-c9dd-4cc7-a986-61a72f1befd2" testListId="8c84fa94-04c1-424b-9868-57a2d4851a1d" />
    <TestEntry testId="5ec693b7-4372-82b2-a604-d5f5ac29ac41" executionId="5b26fca6-1729-4793-bbd9-cf57fd294662" testListId="8c84fa94-04c1-424b-9868-57a2d4851a1d" />
    <TestEntry testId="d93e51e4-c7f2-f7a1-58df-a5ae4cd39086" executionId="65736541-cbf4-491e-b7b0-e9a06e7e7199" testListId="8c84fa94-04c1-424b-9868-57a2d4851a1d" />
    <TestEntry testId="10902704-4cd7-0eda-25f0-04f4ff4369ef" executionId="1c9d2261-75ba-4c9e-9c5d-1bd284e01490" testListId="8c84fa94-04c1-424b-9868-57a2d4851a1d" />
    <TestEntry testId="4b2f4ae9-566b-a21f-cb5e-9578971796bc" executionId="f1fbc4c1-da62-4e97-a9db-cf9c5c1f6ad4" testListId="8c84fa94-04c1-424b-9868-57a2d4851a1d" />
    <TestEntry testId="7e5103c9-65ae-c20a-a555-291632cb7aa7" executionId="16e542e4-0615-4dd0-b3ad-09269f0f5547" testListId="8c84fa94-04c1-424b-9868-57a2d4851a1d" />
    <TestEntry testId="c4dd4a52-93d5-b7d8-6d65-cf0a37555275" executionId="7a6497fa-3dac-44d5-9c2b-8afc6008526f" testListId="8c84fa94-04c1-424b-9868-57a2d4851a1d" />
    <TestEntry testId="5a31999d-e892-d576-acfe-67bc71ef28f9" executionId="35518043-6928-4e8d-b90b-1c9cc94ba5cf" testListId="8c84fa94-04c1-424b-9868-57a2d4851a1d" />
    <TestEntry testId="717da6bc-4b58-ddb0-c41a-e088fd218125" executionId="ccfc6d69-b43c-4e48-bf35-ea48676843a6" testListId="8c84fa94-04c1-424b-9868-57a2d4851a1d" />
    <TestEntry testId="bfe66598-0a42-010a-a72c-65de1c62810b" executionId="50b089f6-5caa-4ba3-9b14-8fcb9faeb377" testListId="8c84fa94-04c1-424b-9868-57a2d4851a1d" />
    <TestEntry testId="8c917d59-28a8-dba0-3bb8-2253afde9b0e" executionId="a9b29721-d712-48c5-8100-92eb234b0593" testListId="8c84fa94-04c1-424b-9868-57a2d4851a1d" />
    <TestEntry testId="3251ce63-04e8-f364-9840-b8f29ee30fe4" executionId="f451d13e-c065-47bb-98f0-1d84d28febb1" testListId="8c84fa94-04c1-424b-9868-57a2d4851a1d" />
    <TestEntry testId="50c21f89-88f5-d688-366d-dfbf6b99335c" executionId="40c7eff4-671a-4bfe-8e55-d78aad6b591f" testListId="8c84fa94-04c1-424b-9868-57a2d4851a1d" />
    <TestEntry testId="95e70dc0-5cf0-6714-b5e2-af29207a4c04" executionId="32135b2d-bdd8-43ee-b11e-1db0009fc567" testListId="8c84fa94-04c1-424b-9868-57a2d4851a1d" />
    <TestEntry testId="3f6812c7-c149-1cee-86fd-789b48d3c9e9" executionId="10b65c35-b431-49dd-ba22-f2cbe37daec2" testListId="8c84fa94-04c1-424b-9868-57a2d4851a1d" />
    <TestEntry testId="cd609b46-ceb0-6de1-ce53-1c6f095f6c16" executionId="29e671ef-abff-4c6b-b7fa-f483b4e03052" testListId="8c84fa94-04c1-424b-9868-57a2d4851a1d" />
    <TestEntry testId="70ed5c99-3051-18a1-14b6-2caecf45d120" executionId="615e52bf-c9da-4ec7-bc4b-d05e36d03443" testListId="8c84fa94-04c1-424b-9868-57a2d4851a1d" />
    <TestEntry testId="452f8b9f-d7ee-0982-4551-a01718a96e96" executionId="673fd0d2-9735-4815-abec-750151761702" testListId="8c84fa94-04c1-424b-9868-57a2d4851a1d" />
    <TestEntry testId="78a30b2a-f40b-c888-03c7-f13b04316abe" executionId="cd12f380-711d-46db-b542-2229d9ee7183" testListId="8c84fa94-04c1-424b-9868-57a2d4851a1d" />
    <TestEntry testId="d1c184d5-3189-e419-9532-751616c2304e" executionId="0178082b-5121-4c88-a222-7f807531cf82" testListId="8c84fa94-04c1-424b-9868-57a2d4851a1d" />
    <TestEntry testId="21ed19d5-da12-8d2f-5cec-e461da2f0fb0" executionId="e680bb77-586c-4081-9787-178b1d1fa6ce" testListId="8c84fa94-04c1-424b-9868-57a2d4851a1d" />
    <TestEntry testId="20e92a42-fc9f-f12c-3e47-abb822955269" executionId="2747c747-2e89-4878-a974-4f09fb99d1a5" testListId="8c84fa94-04c1-424b-9868-57a2d4851a1d" />
    <TestEntry testId="0a80a48f-b842-24cc-dc8d-802718c7f6be" executionId="4eca5b99-cc68-46c8-b88f-5cee2c2ad554" testListId="8c84fa94-04c1-424b-9868-57a2d4851a1d" />
  </TestEntries>
  <TestLists>
    <TestList name="목록에 없는 결과" id="8c84fa94-04c1-424b-9868-57a2d4851a1d" />
    <TestList name="로드된 모든 결과" id="19431567-8539-422a-85d7-44ee4e166bda" />
  </TestLists>
  <ResultSummary outcome="Completed">
    <Counters total="28" executed="28" passed="28" failed="0" error="0" timeout="0" aborted="0" inconclusive="0" passedButRunAborted="0" notRunnable="0" notExecuted="0" disconnected="0" warning="0" completed="0" inProgress="0" pending="0" />
    <Output>
      <StdOut>[xUnit.net 00:00:00.00] xUnit.net VSTest Adapter v3.1.4+50e68bbb8b (64-bit .NET 10.0.12)
[xUnit.net 00:00:00.62]   Discovering: Unfold.Tests
[xUnit.net 00:00:00.87]   Discovered:  Unfold.Tests
[xUnit.net 00:00:01.36]   Starting:    Unfold.Tests
[xUnit.net 00:00:02.82]   Finished:    Unfold.Tests
</StdOut>
    </Output>
  </ResultSummary>
</TestRun>