<?xml version="1.0" encoding="utf-8"?>
<TestRun id="4f492857-f700-4c8e-b42d-585c126ab218" name="@hwanghyeonseong-ui-MacBookAir 2026-10-03 20:37:13" xmlns="http://microsoft.com/schemas/VisualStudio/TeamTest/2010">
  <Times creation="2026-10-03T20:37:13.8712210+09:00" queuing="2026-10-03T20:37:13.8712210+09:00" start="2026-10-03T20:37:10.1869780+09:00" finish="2026-10-03T20:37:14.3184720+09:00" />
  <TestSettings name="default" id="c64db134-4cfa-4f40-95d5-c39e351c0d9a">
    <Deployment runDeploymentRoot="_hwanghyeonseong-ui-MacBookAir_2026-10-03_20_37_13" />
  </TestSettings>
  <Results>
    <UnitTestResult executionId="6d6b93d6-ef9d-443b-9dd0-8e93869c9fc4" testId="0a80a48f-b842-24cc-dc8d-802718c7f6be" testName="Unfold.Tests.AppUpdateTests.OperatingSystemsArchitecturesAndReleaseTracksHaveDistinctFeeds(version: &quot;1.0.3-beta&quot;, runtime: &quot;osx-x64&quot;, expected: &quot;osx-x64-beta&quot;)" computerName="hwanghyeonseong-ui-MacBookAir" duration="00:00:00.0004783" startTime="2026-10-03T20:37:14.2304340+09:00" endTime="2026-10-03T20:37:14.2309340+09:00" testType="13cdc9d9-ddb5-4fa4-a97d-d965ccfc6d4b" outcome="Passed" testListId="8c84fa94-04c1-424b-9868-57a2d4851a1d" relativeResultsDirectory="6d6b93d6-ef9d-443b-9dd0-8e93869c9fc4" />
    <UnitTestResult executionId="52b4ec72-b4f3-4f29-a584-39196f4fb35f" testId="cd609b46-ceb0-6de1-ce53-1c6f095f6c16" testName="Unfold.Tests.AppUpdateTests.ApplyFailureKeepsDownloadedPackageForRetry" computerName="hwanghyeonseong-ui-MacBookAir" duration="00:00:00.0007506" startTime="2026-10-03T20:37:14.2337400+09:00" endTime="2026-10-03T20:37:14.2345040+09:00" testType="13cdc9d9-ddb5-4fa4-a97d-d965ccfc6d4b" outcome="Passed" testListId="8c84fa94-04c1-424b-9868-57a2d4851a1d" relativeResultsDirectory="52b4ec72-b4f3-4f29-a584-39196f4fb35f" />
    <UnitTestResult executionId="cd50a00c-7688-4080-9068-170ec0348ea2" testId="8c917d59-28a8-dba0-3bb8-2253afde9b0e" testName="Unfold.Tests.AppUpdateUiTests.UpdateWindowShowsProgressAndClosingItKeepsTheDownload" computerName="hwanghyeonseong-ui-MacBookAir" duration="00:00:00.0168408" startTime="2026-10-03T20:37:14.2078770+09:00" endTime="2026-10-03T20:37:14.2247490+09:00" testType="13cdc9d9-ddb5-4fa4-a97d-d965ccfc6d4b" outcome="Passed" testListId="8c84fa94-04c1-424b-9868-57a2d4851a1d" relativeResultsDirectory="cd50a00c-7688-4080-9068-170ec0348ea2" />
    <UnitTestResult executionId="33fe0864-f0dc-4527-a727-28c4033004b7" testId="49aabd1d-4c18-2c6a-8c2e-10529d863ae1" testName="Unfold.Tests.AppUpdateTests.OperatingSystemsArchitecturesAndReleaseTracksHaveDistinctFeeds(version: &quot;1.0.3&quot;, runtime: &quot;osx-x64&quot;, expected: &quot;osx-x64-stable&quot;)" computerName="hwanghyeonseong-ui-MacBookAir" duration="00:00:00.0001103" startTime="2026-10-03T20:37:14.2322050+09:00" endTime="2026-10-03T20:37:14.2323290+09:00" testType="13cdc9d9-ddb5-4fa4-a97d-d965ccfc6d4b" outcome="Passed" testListId="8c84fa94-04c1-424b-9868-57a2d4851a1d" relativeResultsDirectory="33fe0864-f0dc-4527-a727-28c4033004b7" />
    <UnitTestResult executionId="075d9d4d-aa13-4ecb-bad9-e9c9d9843aa6" testId="5ec693b7-4372-82b2-a604-d5f5ac29ac41" testName="Unfold.Tests.AppUpdateUiTests.ActiveBreakBlocksApplyAndAFailedUpdaterDoesNotStopTheTimer" computerName="hwanghyeonseong-ui-MacBookAir" duration="00:00:00.7893509" startTime="2026-10-03T20:37:12.8131790+09:00" endTime="2026-10-03T20:37:13.6072290+09:00" testType="13cdc9d9-ddb5-4fa4-a97d-d965ccfc6d4b" outcome="Passed" testListId="8c84fa94-04c1-424b-9868-57a2d4851a1d" relativeResultsDirectory="075d9d4d-aa13-4ecb-bad9-e9c9d9843aa6" />
    <UnitTestResult executionId="d841d2ba-a032-43af-b6ec-07e88b18f67f" testId="d93e51e4-c7f2-f7a1-58df-a5ae4cd39086" testName="Unfold.Tests.AppUpdateTests.OperatingSystemsArchitecturesAndReleaseTracksHaveDistinctFeeds(version: &quot;1.0.3&quot;, runtime: &quot;win-arm64&quot;, expected: &quot;win-arm64-stable&quot;)" computerName="hwanghyeonseong-ui-MacBookAir" duration="00:00:00.0002558" startTime="2026-10-03T20:37:14.2318020+09:00" endTime="2026-10-03T20:37:14.2320730+09:00" testType="13cdc9d9-ddb5-4fa4-a97d-d965ccfc6d4b" outcome="Passed" testListId="8c84fa94-04c1-424b-9868-57a2d4851a1d" relativeResultsDirectory="d841d2ba-a032-43af-b6ec-07e88b18f67f" />
    <UnitTestResult executionId="a9bcc57f-e177-4271-ac46-a54433cf89f7" testId="4b2f4ae9-566b-a21f-cb5e-9578971796bc" testName="Unfold.Tests.AppUpdateTests.OperatingSystemsArchitecturesAndReleaseTracksHaveDistinctFeeds(version: &quot;1.0.3&quot;, runtime: &quot;win-x64&quot;, expected: &quot;win-x64-stable&quot;)" computerName="hwanghyeonseong-ui-MacBookAir" duration="00:00:00.0003105" startTime="2026-10-03T20:37:14.2310870+09:00" endTime="2026-10-03T20:37:14.2314160+09:00" testType="13cdc9d9-ddb5-4fa4-a97d-d965ccfc6d4b" outcome="Passed" testListId="8c84fa94-04c1-424b-9868-57a2d4851a1d" relativeResultsDirectory="a9bcc57f-e177-4271-ac46-a54433cf89f7" />
    <UnitTestResult executionId="4ff67e6d-b2a2-4229-aaaf-715f39bebbe3" testId="7e5103c9-65ae-c20a-a555-291632cb7aa7" testName="Unfold.Tests.AppUpdateTests.OperatingSystemsArchitecturesAndReleaseTracksHaveDistinctFeeds(version: &quot;1.0.3&quot;, runtime: &quot;osx-arm64&quot;, expected: &quot;osx-arm64-stable&quot;)" computerName="hwanghyeonseong-ui-MacBookAir" duration="00:00:00.0001139" startTime="2026-10-03T20:37:14.2315500+09:00" endTime="2026-10-03T20:37:14.2316770+09:00" testType="13cdc9d9-ddb5-4fa4-a97d-d965ccfc6d4b" outcome="Passed" testListId="8c84fa94-04c1-424b-9868-57a2d4851a1d" relativeResultsDirectory="4ff67e6d-b2a2-4229-aaaf-715f39bebbe3" />
    <UnitTestResult executionId="3333c4f2-6174-41d0-8406-4867f235bf55" testId="bfe66598-0a42-010a-a72c-65de1c62810b" testName="Unfold.Tests.AppUpdateTests.OperatingSystemsArchitecturesAndReleaseTracksHaveDistinctFeeds(version: &quot;1.0.3-beta&quot;, runtime: &quot;win-arm64&quot;, expected: &quot;win-arm64-beta&quot;)" computerName="hwanghyeonseong-ui-MacBookAir" duration="00:00:00.0001033" startTime="2026-10-03T20:37:14.2326920+09:00" endTime="2026-10-03T20:37:14.2328080+09:00" testType="13cdc9d9-ddb5-4fa4-a97d-d965ccfc6d4b" outcome="Passed" testListId="8c84fa94-04c1-424b-9868-57a2d4851a1d" relativeResultsDirectory="3333c4f2-6174-41d0-8406-4867f235bf55" />
    <UnitTestResult executionId="8d949702-ca67-4cdf-8335-f4cc892a3711" testId="20e92a42-fc9f-f12c-3e47-abb822955269" testName="Unfold.Tests.AppUpdateTests.OperatingSystemsArchitecturesAndReleaseTracksHaveDistinctFeeds(version: &quot;1.0.3-beta&quot;, runtime: &quot;win-x64&quot;, expected: &quot;win-x64-beta&quot;)" computerName="hwanghyeonseong-ui-MacBookAir" duration="00:00:00.0001103" startTime="2026-10-03T20:37:14.2324470+09:00" endTime="2026-10-03T20:37:14.2325700+09:00" testType="13cdc9d9-ddb5-4fa4-a97d-d965ccfc6d4b" outcome="Passed" testListId="8c84fa94-04c1-424b-9868-57a2d4851a1d" relativeResultsDirectory="8d949702-ca67-4cdf-8335-f4cc892a3711" />
    <UnitTestResult executionId="f505fc06-54d8-417c-812f-d3feb0e4b3fa" testId="9c71dcce-8375-146e-4c36-8dbddef4b855" testName="Unfold.Tests.AppUpdateTests.NetworkFailureCanBeRetriedAndDownloadFailureCannotBeApplied" computerName="hwanghyeonseong-ui-MacBookAir" duration="00:00:00.0011069" startTime="2026-10-03T20:37:14.2770220+09:00" endTime="2026-10-03T20:37:14.2781450+09:00" testType="13cdc9d9-ddb5-4fa4-a97d-d965ccfc6d4b" outcome="Passed" testListId="8c84fa94-04c1-424b-9868-57a2d4851a1d" relativeResultsDirectory="f505fc06-54d8-417c-812f-d3feb0e4b3fa" />
    <UnitTestResult executionId="a47d527e-9bb4-4711-88ea-cf32d29a6db4" testId="3251ce63-04e8-f364-9840-b8f29ee30fe4" testName="Unfold.Tests.AppUpdateUiTests.RuntimeExposesUpdatesWithoutPurchaseAccessAndDoesNotDuplicateTheWindow" computerName="hwanghyeonseong-ui-MacBookAir" duration="00:00:00.1024832" startTime="2026-10-03T20:37:13.8357490+09:00" endTime="2026-10-03T20:37:13.9382900+09:00" testType="13cdc9d9-ddb5-4fa4-a97d-d965ccfc6d4b" outcome="Passed" testListId="8c84fa94-04c1-424b-9868-57a2d4851a1d" relativeResultsDirectory="a47d527e-9bb4-4711-88ea-cf32d29a6db4" />
    <UnitTestResult executionId="29d44308-a797-4273-a4fd-b17f1583f702" testId="37b84987-6a90-532d-1243-efa7ae0a1682" testName="Unfold.Tests.AppUpdateTests.ActualSdkRejectsCorruptDownloadsBeforeTheyCanBeApplied" computerName="hwanghyeonseong-ui-MacBookAir" duration="00:00:00.0101592" startTime="2026-10-03T20:37:14.2541760+09:00" endTime="2026-10-03T20:37:14.2643800+09:00" testType="13cdc9d9-ddb5-4fa4-a97d-d965ccfc6d4b" outcome="Passed" testListId="8c84fa94-04c1-424b-9868-57a2d4851a1d" relativeResultsDirectory="29d44308-a797-4273-a4fd-b17f1583f702" />
    <UnitTestResult executionId="2d3d7165-e8a7-4f0d-888b-a5610284656f" testId="95e70dc0-5cf0-6714-b5e2-af29207a4c04" testName="Unfold.Tests.AppUpdateTests.DisposeCancelsAnInFlightDownloadAndSuppressesLateNotifications" computerName="hwanghyeonseong-ui-MacBookAir" duration="00:00:00.0007431" startTime="2026-10-03T20:37:14.2760150+09:00" endTime="2026-10-03T20:37:14.2767730+09:00" testType="13cdc9d9-ddb5-4fa4-a97d-d965ccfc6d4b" outcome="Passed" testListId="8c84fa94-04c1-424b-9868-57a2d4851a1d" relativeResultsDirectory="2d3d7165-e8a7-4f0d-888b-a5610284656f" />
    <UnitTestResult executionId="2d9ebd7a-bf24-42ac-98a2-dfe88f9e9371" testId="50c21f89-88f5-d688-366d-dfbf6b99335c" testName="Unfold.Tests.AppUpdateTests.ActualSdkDoesNotOfferTheSameVersionOrADowngrade(target: &quot;1.0.2-beta&quot;)" computerName="hwanghyeonseong-ui-MacBookAir" duration="00:00:00.0179386" startTime="2026-10-03T20:37:14.2347320+09:00" endTime="2026-10-03T20:37:14.2526940+09:00" testType="13cdc9d9-ddb5-4fa4-a97d-d965ccfc6d4b" outcome="Passed" testListId="8c84fa94-04c1-424b-9868-57a2d4851a1d" relativeResultsDirectory="2d9ebd7a-bf24-42ac-98a2-dfe88f9e9371" />
    <UnitTestResult executionId="f41c90c7-6f87-4766-9f2e-1732cb0d3ba2" testId="10902704-4cd7-0eda-25f0-04f4ff4369ef" testName="Unfold.Tests.AppUpdateTests.RepeatedCheckAndDownloadAreCoalescedWithoutPrematureRestart" computerName="hwanghyeonseong-ui-MacBookAir" duration="00:00:00.0015135" startTime="2026-10-03T20:37:14.2742600+09:00" endTime="2026-10-03T20:37:14.2757930+09:00" testType="13cdc9d9-ddb5-4fa4-a97d-d965ccfc6d4b" outcome="Passed" testListId="8c84fa94-04c1-424b-9868-57a2d4851a1d" relativeResultsDirectory="f41c90c7-6f87-4766-9f2e-1732cb0d3ba2" />
    <UnitTestResult executionId="7c2ff5b8-73d5-4c9e-b21e-c09c48b6c3c9" testId="717da6bc-4b58-ddb0-c41a-e088fd218125" testName="Unfold.Tests.AppUpdateTests.LegacyInstallNeverDownloadsOrAppliesAndDoesNotPretendToBeCurrent" computerName="hwanghyeonseong-ui-MacBookAir" duration="00:00:00.0004117" startTime="2026-10-03T20:37:14.2330500+09:00" endTime="2026-10-03T20:37:14.2334730+09:00" testType="13cdc9d9-ddb5-4fa4-a97d-d965ccfc6d4b" outcome="Passed" testListId="8c84fa94-04c1-424b-9868-57a2d4851a1d" relativeResultsDirectory="7c2ff5b8-73d5-4c9e-b21e-c09c48b6c3c9" />
    <UnitTestResult executionId="78708b60-fa78-44c1-80c3-3f5a079beeb4" testId="1ff640d2-577a-4b21-a014-991af0f9f0a6" testName="Unfold.Tests.AppUpdateTests.LoginLaunchUsesAStableStubAndKeepsUserDataOutsideTheManagedInstallation" computerName="hwanghyeonseong-ui-MacBookAir" duration="00:00:00.0011452" startTime="2026-10-03T20:37:14.2728630+09:00" endTime="2026-10-03T20:37:14.2740280+09:00" testType="13cdc9d9-ddb5-4fa4-a97d-d965ccfc6d4b" outcome="Passed" testListId="8c84fa94-04c1-424b-9868-57a2d4851a1d" relativeResultsDirectory="78708b60-fa78-44c1-80c3-3f5a079beeb4" />
    <UnitTestResult executionId="4e7e9451-a618-4e5b-a59b-051299987a3c" testId="452f8b9f-d7ee-0982-4551-a01718a96e96" testName="Unfold.Tests.AppUpdateUiTests.TrayOffersOneUpdateEntryAndRestartRequiresAnExplicitRequest" computerName="hwanghyeonseong-ui-MacBookAir" duration="00:00:00.1428883" startTime="2026-10-03T20:37:13.6826490+09:00" endTime="2026-10-03T20:37:13.8256080+09:00" testType="13cdc9d9-ddb5-4fa4-a97d-d965ccfc6d4b" outcome="Passed" testListId="8c84fa94-04c1-424b-9868-57a2d4851a1d" relativeResultsDirectory="4e7e9451-a618-4e5b-a59b-051299987a3c" />
    <UnitTestResult executionId="d5fe80fc-f3e0-41e6-9d21-1143f5aa5f89" testId="ceec8879-878d-e4c4-7389-a8872545f2ce" testName="Unfold.Tests.AppUpdateTests.OperatingSystemsArchitecturesAndReleaseTracksHaveDistinctFeeds(version: &quot;1.0.3-beta&quot;, runtime: &quot;osx-arm64&quot;, expected: &quot;osx-arm64-beta&quot;)" computerName="hwanghyeonseong-ui-MacBookAir" duration="00:00:00.0015630" startTime="2026-10-03T20:37:14.2286030+09:00" endTime="2026-10-03T20:37:14.2302240+09:00" testType="13cdc9d9-ddb5-4fa4-a97d-d965ccfc6d4b" outcome="Passed" testListId="8c84fa94-04c1-424b-9868-57a2d4851a1d" relativeResultsDirectory="d5fe80fc-f3e0-41e6-9d21-1143f5aa5f89" />
    <UnitTestResult executionId="201d4477-7f53-4330-a785-46c25aa6ce26" testId="c4dd4a52-93d5-b7d8-6d65-cf0a37555275" testName="Unfold.Tests.AppUpdateUiTests.UnsavedEditorCancelStopsUpdateBeforeTheHelperIsLaunched" computerName="hwanghyeonseong-ui-MacBookAir" duration="00:00:00.2560992" startTime="2026-10-03T20:37:13.9415800+09:00" endTime="2026-10-03T20:37:14.1977300+09:00" testType="13cdc9d9-ddb5-4fa4-a97d-d965ccfc6d4b" outcome="Passed" testListId="8c84fa94-04c1-424b-9868-57a2d4851a1d" relativeResultsDirectory="201d4477-7f53-4330-a785-46c25aa6ce26" />
    <UnitTestResult executionId="456f08a8-ab9e-4112-a31a-d22fc3775b17" testId="3f6812c7-c149-1cee-86fd-789b48d3c9e9" testName="Unfold.Tests.AppUpdateTests.ActualSdkDownloadsAndVerifiesAValidPackageFromTheMatchingFeed" computerName="hwanghyeonseong-ui-MacBookAir" duration="00:00:00.0071405" startTime="2026-10-03T20:37:14.2654810+09:00" endTime="2026-10-03T20:37:14.2726430+09:00" testType="13cdc9d9-ddb5-4fa4-a97d-d965ccfc6d4b" outcome="Passed" testListId="8c84fa94-04c1-424b-9868-57a2d4851a1d" relativeResultsDirectory="456f08a8-ab9e-4112-a31a-d22fc3775b17" />
    <UnitTestResult executionId="a038ad3f-41dd-42c3-b523-e4d9d87adf2b" testId="5a31999d-e892-d576-acfe-67bc71ef28f9" testName="Unfold.Tests.AppUpdateTests.ActualSdkDoesNotOfferTheSameVersionOrADowngrade(target: &quot;1.0.3-beta&quot;)" computerName="hwanghyeonseong-ui-MacBookAir" duration="00:00:00.0009822" startTime="2026-10-03T20:37:14.2529190+09:00" endTime="2026-10-03T20:37:14.2539200+09:00" testType="13cdc9d9-ddb5-4fa4-a97d-d965ccfc6d4b" outcome="Passed" testListId="8c84fa94-04c1-424b-9868-57a2d4851a1d" relativeResultsDirectory="a038ad3f-41dd-42c3-b523-e4d9d87adf2b" />
  </Results>
  <TestDefinitions>
    <UnitTest name="Unfold.Tests.AppUpdateUiTests.RuntimeExposesUpdatesWithoutPurchaseAccessAndDoesNotDuplicateTheWindow" storage="/private/var/folders/r6/7hjm96zd53g3dfxkbbb9jbnh0000gn/t/unfold-inapp-updates-2026-10-03-r4ct5xp2/tests/unfold.tests/bin/release/net10.0/unfold.tests.dll" id="3251ce63-04e8-f364-9840-b8f29ee30fe4">
      <Execution id="a47d527e-9bb4-4711-88ea-cf32d29a6db4" />
      <TestMethod codeBase="/private/var/folders/r6/7hjm96zd53g3dfxkbbb9jbnh0000gn/T/unfold-inapp-updates-2026-10-03-r4ct5xp2/Tests/Unfold.Tests/bin/Release/net10.0/Unfold.Tests.dll" adapterTypeName="executor://xunit/VsTestRunner3/netcore/" className="Unfold.Tests.AppUpdateUiTests" name="RuntimeExposesUpdatesWithoutPurchaseAccessAndDoesNotDuplicateTheWindow" />
    </UnitTest>
    <UnitTest name="Unfold.Tests.AppUpdateTests.OperatingSystemsArchitecturesAndReleaseTracksHaveDistinctFeeds(version: &quot;1.0.3-beta&quot;, runtime: &quot;osx-arm64&quot;, expected: &quot;osx-arm64-beta&quot;)" storage="/private/var/folders/r6/7hjm96zd53g3dfxkbbb9jbnh0000gn/t/unfold-inapp-updates-2026-10-03-r4ct5xp2/tests/unfold.tests/bin/release/net10.0/unfold.tests.dll" id="ceec8879-878d-e4c4-7389-a8872545f2ce">
      <Execution id="d5fe80fc-f3e0-41e6-9d21-1143f5aa5f89" />
      <TestMethod codeBase="/private/var/folders/r6/7hjm96zd53g3dfxkbbb9jbnh0000gn/T/unfold-inapp-updates-2026-10-03-r4ct5xp2/Tests/Unfold.Tests/bin/Release/net10.0/Unfold.Tests.dll" adapterTypeName="executor://xunit/VsTestRunner3/netcore/" className="Unfold.Tests.AppUpdateTests" name="OperatingSystemsArchitecturesAndReleaseTracksHaveDistinctFeeds" />
    </UnitTest>
    <UnitTest name="Unfold.Tests.AppUpdateTests.OperatingSystemsArchitecturesAndReleaseTracksHaveDistinctFeeds(version: &quot;1.0.3&quot;, runtime: &quot;osx-x64&quot;, expected: &quot;osx-x64-stable&quot;)" storage="/private/var/folders/r6/7hjm96zd53g3dfxkbbb9jbnh0000gn/t/unfold-inapp-updates-2026-10-03-r4ct5xp2/tests/unfold.tests/bin/release/net10.0/unfold.tests.dll" id="49aabd1d-4c18-2c6a-8c2e-10529d863ae1">
      <Execution id="33fe0864-f0dc-4527-a727-28c4033004b7" />
      <TestMethod codeBase="/private/var/folders/r6/7hjm96zd53g3dfxkbbb9jbnh0000gn/T/unfold-inapp-updates-2026-10-03-r4ct5xp2/Tests/Unfold.Tests/bin/Release/net10.0/Unfold.Tests.dll" adapterTypeName="executor://xunit/VsTestRunner3/netcore/" className="Unfold.Tests.AppUpdateTests" name="OperatingSystemsArchitecturesAndReleaseTracksHaveDistinctFeeds" />
    </UnitTest>
    <UnitTest name="Unfold.Tests.AppUpdateUiTests.UnsavedEditorCancelStopsUpdateBeforeTheHelperIsLaunched" storage="/private/var/folders/r6/7hjm96zd53g3dfxkbbb9jbnh0000gn/t/unfold-inapp-updates-2026-10-03-r4ct5xp2/tests/unfold.tests/bin/release/net10.0/unfold.tests.dll" id="c4dd4a52-93d5-b7d8-6d65-cf0a37555275">
      <Execution id="201d4477-7f53-4330-a785-46c25aa6ce26" />
      <TestMethod codeBase="/private/var/folders/r6/7hjm96zd53g3dfxkbbb9jbnh0000gn/T/unfold-inapp-updates-2026-10-03-r4ct5xp2/Tests/Unfold.Tests/bin/Release/net10.0/Unfold.Tests.dll" adapterTypeName="executor://xunit/VsTestRunner3/netcore/" className="Unfold.Tests.AppUpdateUiTests" name="UnsavedEditorCancelStopsUpdateBeforeTheHelperIsLaunched" />
    </UnitTest>
    <UnitTest name="Unfold.Tests.AppUpdateTests.DisposeCancelsAnInFlightDownloadAndSuppressesLateNotifications" storage="/private/var/folders/r6/7hjm96zd53g3dfxkbbb9jbnh0000gn/t/unfold-inapp-updates-2026-10-03-r4ct5xp2/tests/unfold.tests/bin/release/net10.0/unfold.tests.dll" id="95e70dc0-5cf0-6714-b5e2-af29207a4c04">
      <Execution id="2d3d7165-e8a7-4f0d-888b-a5610284656f" />
      <TestMethod codeBase="/private/var/folders/r6/7hjm96zd53g3dfxkbbb9jbnh0000gn/T/unfold-inapp-updates-2026-10-03-r4ct5xp2/Tests/Unfold.Tests/bin/Release/net10.0/Unfold.Tests.dll" adapterTypeName="executor://xunit/VsTestRunner3/netcore/" className="Unfold.Tests.AppUpdateTests" name="DisposeCancelsAnInFlightDownloadAndSuppressesLateNotifications" />
    </UnitTest>
    <UnitTest name="Unfold.Tests.AppUpdateTests.LoginLaunchUsesAStableStubAndKeepsUserDataOutsideTheManagedInstallation" storage="/private/var/folders/r6/7hjm96zd53g3dfxkbbb9jbnh0000gn/t/unfold-inapp-updates-2026-10-03-r4ct5xp2/tests/unfold.tests/bin/release/net10.0/unfold.tests.dll" id="1ff640d2-577a-4b21-a014-991af0f9f0a6">
      <Execution id="78708b60-fa78-44c1-80c3-3f5a079beeb4" />
      <TestMethod codeBase="/private/var/folders/r6/7hjm96zd53g3dfxkbbb9jbnh0000gn/T/unfold-inapp-updates-2026-10-03-r4ct5xp2/Tests/Unfold.Tests/bin/Release/net10.0/Unfold.Tests.dll" adapterTypeName="executor://xunit/VsTestRunner3/netcore/" className="Unfold.Tests.AppUpdateTests" name="LoginLaunchUsesAStableStubAndKeepsUserDataOutsideTheManagedInstallation" />
    </UnitTest>
    <UnitTest name="Unfold.Tests.AppUpdateUiTests.ActiveBreakBlocksApplyAndAFailedUpdaterDoesNotStopTheTimer" storage="/private/var/folders/r6/7hjm96zd53g3dfxkbbb9jbnh0000gn/t/unfold-inapp-updates-2026-10-03-r4ct5xp2/tests/unfold.tests/bin/release/net10.0/unfold.tests.dll" id="5ec693b7-4372-82b2-a604-d5f5ac29ac41">
      <Execution id="075d9d4d-aa13-4ecb-bad9-e9c9d9843aa6" />
      <TestMethod codeBase="/private/var/folders/r6/7hjm96zd53g3dfxkbbb9jbnh0000gn/T/unfold-inapp-updates-2026-10-03-r4ct5xp2/Tests/Unfold.Tests/bin/Release/net10.0/Unfold.Tests.dll" adapterTypeName="executor://xunit/VsTestRunner3/netcore/" className="Unfold.Tests.AppUpdateUiTests" name="ActiveBreakBlocksApplyAndAFailedUpdaterDoesNotStopTheTimer" />
    </UnitTest>
    <UnitTest name="Unfold.Tests.AppUpdateTests.ApplyFailureKeepsDownloadedPackageForRetry" storage="/private/var/folders/r6/7hjm96zd53g3dfxkbbb9jbnh0000gn/t/unfold-inapp-updates-2026-10-03-r4ct5xp2/tests/unfold.tests/bin/release/net10.0/unfold.tests.dll" id="cd609b46-ceb0-6de1-ce53-1c6f095f6c16">
      <Execution id="52b4ec72-b4f3-4f29-a584-39196f4fb35f" />
      <TestMethod codeBase="/private/var/folders/r6/7hjm96zd53g3dfxkbbb9jbnh0000gn/T/unfold-inapp-updates-2026-10-03-r4ct5xp2/Tests/Unfold.Tests/bin/Release/net10.0/Unfold.Tests.dll" adapterTypeName="executor://xunit/VsTestRunner3/netcore/" className="Unfold.Tests.AppUpdateTests" name="ApplyFailureKeepsDownloadedPackageForRetry" />
    </UnitTest>
    <UnitTest name="Unfold.Tests.AppUpdateUiTests.UpdateWindowShowsProgressAndClosingItKeepsTheDownload" storage="/private/var/folders/r6/7hjm96zd53g3dfxkbbb9jbnh0000gn/t/unfold-inapp-updates-2026-10-03-r4ct5xp2/tests/unfold.tests/bin/release/net10.0/unfold.tests.dll" id="8c917d59-28a8-dba0-3bb8-2253afde9b0e">
      <Execution id="cd50a00c-7688-4080-9068-170ec0348ea2" />
      <TestMethod codeBase="/private/var/folders/r6/7hjm96zd53g3dfxkbbb9jbnh0000gn/T/unfold-inapp-updates-2026-10-03-r4ct5xp2/Tests/Unfold.Tests/bin/Release/net10.0/Unfold.Tests.dll" adapterTypeName="executor://xunit/VsTestRunner3/netcore/" className="Unfold.Tests.AppUpdateUiTests" name="UpdateWindowShowsProgressAndClosingItKeepsTheDownload" />
    </UnitTest>
    <UnitTest name="Unfold.Tests.AppUpdateUiTests.TrayOffersOneUpdateEntryAndRestartRequiresAnExplicitRequest" storage="/private/var/folders/r6/7hjm96zd53g3dfxkbbb9jbnh0000gn/t/unfold-inapp-updates-2026-10-03-r4ct5xp2/tests/unfold.tests/bin/release/net10.0/unfold.tests.dll" id="452f8b9f-d7ee-0982-4551-a01718a96e96">
      <Execution id="4e7e9451-a618-4e5b-a59b-051299987a3c" />
      <TestMethod codeBase="/private/var/folders/r6/7hjm96zd53g3dfxkbbb9jbnh0000gn/T/unfold-inapp-updates-2026-10-03-r4ct5xp2/Tests/Unfold.Tests/bin/Release/net10.0/Unfold.Tests.dll" adapterTypeName="executor://xunit/VsTestRunner3/netcore/" className="Unfold.Tests.AppUpdateUiTests" name="TrayOffersOneUpdateEntryAndRestartRequiresAnExplicitRequest" />
    </UnitTest>
    <UnitTest name="Unfold.Tests.AppUpdateTests.ActualSdkDoesNotOfferTheSameVersionOrADowngrade(target: &quot;1.0.3-beta&quot;)" storage="/private/var/folders/r6/7hjm96zd53g3dfxkbbb9jbnh0000gn/t/unfold-inapp-updates-2026-10-03-r4ct5xp2/tests/unfold.tests/bin/release/net10.0/unfold.tests.dll" id="5a31999d-e892-d576-acfe-67bc71ef28f9">
      <Execution id="a038ad3f-41dd-42c3-b523-e4d9d87adf2b" />
      <TestMethod codeBase="/private/var/folders/r6/7hjm96zd53g3dfxkbbb9jbnh0000gn/T/unfold-inapp-updates-2026-10-03-r4ct5xp2/Tests/Unfold.Tests/bin/Release/net10.0/Unfold.Tests.dll" adapterTypeName="executor://xunit/VsTestRunner3/netcore/" className="Unfold.Tests.AppUpdateTests" name="ActualSdkDoesNotOfferTheSameVersionOrADowngrade" />
    </UnitTest>
    <UnitTest name="Unfold.Tests.AppUpdateTests.ActualSdkDownloadsAndVerifiesAValidPackageFromTheMatchingFeed" storage="/private/var/folders/r6/7hjm96zd53g3dfxkbbb9jbnh0000gn/t/unfold-inapp-updates-2026-10-03-r4ct5xp2/tests/unfold.tests/bin/release/net10.0/unfold.tests.dll" id="3f6812c7-c149-1cee-86fd-789b48d3c9e9">
      <Execution id="456f08a8-ab9e-4112-a31a-d22fc3775b17" />
      <TestMethod codeBase="/private/var/folders/r6/7hjm96zd53g3dfxkbbb9jbnh0000gn/T/unfold-inapp-updates-2026-10-03-r4ct5xp2/Tests/Unfold.Tests/bin/Release/net10.0/Unfold.Tests.dll" adapterTypeName="executor://xunit/VsTestRunner3/netcore/" className="Unfold.Tests.AppUpdateTests" name="ActualSdkDownloadsAndVerifiesAValidPackageFromTheMatchingFeed" />
    </UnitTest>
    <UnitTest name="Unfold.Tests.AppUpdateTests.OperatingSystemsArchitecturesAndReleaseTracksHaveDistinctFeeds(version: &quot;1.0.3-beta&quot;, runtime: &quot;win-x64&quot;, expected: &quot;win-x64-beta&quot;)" storage="/private/var/folders/r6/7hjm96zd53g3dfxkbbb9jbnh0000gn/t/unfold-inapp-updates-2026-10-03-r4ct5xp2/tests/unfold.tests/bin/release/net10.0/unfold.tests.dll" id="20e92a42-fc9f-f12c-3e47-abb822955269">
      <Execution id="8d949702-ca67-4cdf-8335-f4cc892a3711" />
      <TestMethod codeBase="/private/var/folders/r6/7hjm96zd53g3dfxkbbb9jbnh0000gn/T/unfold-inapp-updates-2026-10-03-r4ct5xp2/Tests/Unfold.Tests/bin/Release/net10.0/Unfold.Tests.dll" adapterTypeName="executor://xunit/VsTestRunner3/netcore/" className="Unfold.Tests.AppUpdateTests" name="OperatingSystemsArchitecturesAndReleaseTracksHaveDistinctFeeds" />
    </UnitTest>
    <UnitTest name="Unfold.Tests.AppUpdateTests.NetworkFailureCanBeRetriedAndDownloadFailureCannotBeApplied" storage="/private/var/folders/r6/7hjm96zd53g3dfxkbbb9jbnh0000gn/t/unfold-inapp-updates-2026-10-03-r4ct5xp2/tests/unfold.tests/bin/release/net10.0/unfold.tests.dll" id="9c71dcce-8375-146e-4c36-8dbddef4b855">
      <Execution id="f505fc06-54d8-417c-812f-d3feb0e4b3fa" />
      <TestMethod codeBase="/private/var/folders/r6/7hjm96zd53g3dfxkbbb9jbnh0000gn/T/unfold-inapp-updates-2026-10-03-r4ct5xp2/Tests/Unfold.Tests/bin/Release/net10.0/Unfold.Tests.dll" adapterTypeName="executor://xunit/VsTestRunner3/netcore/" className="Unfold.Tests.AppUpdateTests" name="NetworkFailureCanBeRetriedAndDownloadFailureCannotBeApplied" />
    </UnitTest>
    <UnitTest name="Unfold.Tests.AppUpdateTests.ActualSdkDoesNotOfferTheSameVersionOrADowngrade(target: &quot;1.0.2-beta&quot;)" storage="/private/var/folders/r6/7hjm96zd53g3dfxkbbb9jbnh0000gn/t/unfold-inapp-updates-2026-10-03-r4ct5xp2/tests/unfold.tests/bin/release/net10.0/unfold.tests.dll" id="50c21f89-88f5-d688-366d-dfbf6b99335c">
      <Execution id="2d9ebd7a-bf24-42ac-98a2-dfe88f9e9371" />
      <TestMethod codeBase="/private/var/folders/r6/7hjm96zd53g3dfxkbbb9jbnh0000gn/T/unfold-inapp-updates-2026-10-03-r4ct5xp2/Tests/Unfold.Tests/bin/Release/net10.0/Unfold.Tests.dll" adapterTypeName="executor://xunit/VsTestRunner3/netcore/" className="Unfold.Tests.AppUpdateTests" name="ActualSdkDoesNotOfferTheSameVersionOrADowngrade" />
    </UnitTest>
    <UnitTest name="Unfold.Tests.AppUpdateTests.OperatingSystemsArchitecturesAndReleaseTracksHaveDistinctFeeds(version: &quot;1.0.3&quot;, runtime: &quot;win-arm64&quot;, expected: &quot;win-arm64-stable&quot;)" storage="/private/var/folders/r6/7hjm96zd53g3dfxkbbb9jbnh0000gn/t/unfold-inapp-updates-2026-10-03-r4ct5xp2/tests/unfold.tests/bin/release/net10.0/unfold.tests.dll" id="d93e51e4-c7f2-f7a1-58df-a5ae4cd39086">
      <Execution id="d841d2ba-a032-43af-b6ec-07e88b18f67f" />
      <TestMethod codeBase="/private/var/folders/r6/7hjm96zd53g3dfxkbbb9jbnh0000gn/T/unfold-inapp-updates-2026-10-03-r4ct5xp2/Tests/Unfold.Tests/bin/Release/net10.0/Unfold.Tests.dll" adapterTypeName="executor://xunit/VsTestRunner3/netcore/" className="Unfold.Tests.AppUpdateTests" name="OperatingSystemsArchitecturesAndReleaseTracksHaveDistinctFeeds" />
    </UnitTest>
    <UnitTest name="Unfold.Tests.AppUpdateTests.RepeatedCheckAndDownloadAreCoalescedWithoutPrematureRestart" storage="/private/var/folders/r6/7hjm96zd53g3dfxkbbb9jbnh0000gn/t/unfold-inapp-updates-2026-10-03-r4ct5xp2/tests/unfold.tests/bin/release/net10.0/unfold.tests.dll" id="10902704-4cd7-0eda-25f0-04f4ff4369ef">
      <Execution id="f41c90c7-6f87-4766-9f2e-1732cb0d3ba2" />
      <TestMethod codeBase="/private/var/folders/r6/7hjm96zd53g3dfxkbbb9jbnh0000gn/T/unfold-inapp-updates-2026-10-03-r4ct5xp2/Tests/Unfold.Tests/bin/Release/net10.0/Unfold.Tests.dll" adapterTypeName="executor://xunit/VsTestRunner3/netcore/" className="Unfold.Tests.AppUpdateTests" name="RepeatedCheckAndDownloadAreCoalescedWithoutPrematureRestart" />
    </UnitTest>
    <UnitTest name="Unfold.Tests.AppUpdateTests.OperatingSystemsArchitecturesAndReleaseTracksHaveDistinctFeeds(version: &quot;1.0.3&quot;, runtime: &quot;win-x64&quot;, expected: &quot;win-x64-stable&quot;)" storage="/private/var/folders/r6/7hjm96zd53g3dfxkbbb9jbnh0000gn/t/unfold-inapp-updates-2026-10-03-r4ct5xp2/tests/unfold.tests/bin/release/net10.0/unfold.tests.dll" id="4b2f4ae9-566b-a21f-cb5e-9578971796bc">
      <Execution id="a9bcc57f-e177-4271-ac46-a54433cf89f7" />
      <TestMethod codeBase="/private/var/folders/r6/7hjm96zd53g3dfxkbbb9jbnh0000gn/T/unfold-inapp-updates-2026-10-03-r4ct5xp2/Tests/Unfold.Tests/bin/Release/net10.0/Unfold.Tests.dll" adapterTypeName="executor://xunit/VsTestRunner3/netcore/" className="Unfold.Tests.AppUpdateTests" name="OperatingSystemsArchitecturesAndReleaseTracksHaveDistinctFeeds" />
    </UnitTest>
    <UnitTest name="Unfold.Tests.AppUpdateTests.LegacyInstallNeverDownloadsOrAppliesAndDoesNotPretendToBeCurrent" storage="/private/var/folders/r6/7hjm96zd53g3dfxkbbb9jbnh0000gn/t/unfold-inapp-updates-2026-10-03-r4ct5xp2/tests/unfold.tests/bin/release/net10.0/unfold.tests.dll" id="717da6bc-4b58-ddb0-c41a-e088fd218125">
      <Execution id="7c2ff5b8-73d5-4c9e-b21e-c09c48b6c3c9" />
      <TestMethod codeBase="/private/var/folders/r6/7hjm96zd53g3dfxkbbb9jbnh0000gn/T/unfold-inapp-updates-2026-10-03-r4ct5xp2/Tests/Unfold.Tests/bin/Release/net10.0/Unfold.Tests.dll" adapterTypeName="executor://xunit/VsTestRunner3/netcore/" className="Unfold.Tests.AppUpdateTests" name="LegacyInstallNeverDownloadsOrAppliesAndDoesNotPretendToBeCurrent" />
    </UnitTest>
    <UnitTest name="Unfold.Tests.AppUpdateTests.OperatingSystemsArchitecturesAndReleaseTracksHaveDistinctFeeds(version: &quot;1.0.3-beta&quot;, runtime: &quot;win-arm64&quot;, expected: &quot;win-arm64-beta&quot;)" storage="/private/var/folders/r6/7hjm96zd53g3dfxkbbb9jbnh0000gn/t/unfold-inapp-updates-2026-10-03-r4ct5xp2/tests/unfold.tests/bin/release/net10.0/unfold.tests.dll" id="bfe66598-0a42-010a-a72c-65de1c62810b">
      <Execution id="3333c4f2-6174-41d0-8406-4867f235bf55" />
      <TestMethod codeBase="/private/var/folders/r6/7hjm96zd53g3dfxkbbb9jbnh0000gn/T/unfold-inapp-updates-2026-10-03-r4ct5xp2/Tests/Unfold.Tests/bin/Release/net10.0/Unfold.Tests.dll" adapterTypeName="executor://xunit/VsTestRunner3/netcore/" className="Unfold.Tests.AppUpdateTests" name="OperatingSystemsArchitecturesAndReleaseTracksHaveDistinctFeeds" />
    </UnitTest>
    <UnitTest name="Unfold.Tests.AppUpdateTests.OperatingSystemsArchitecturesAndReleaseTracksHaveDistinctFeeds(version: &quot;1.0.3&quot;, runtime: &quot;osx-arm64&quot;, expected: &quot;osx-arm64-stable&quot;)" storage="/private/var/folders/r6/7hjm96zd53g3dfxkbbb9jbnh0000gn/t/unfold-inapp-updates-2026-10-03-r4ct5xp2/tests/unfold.tests/bin/release/net10.0/unfold.tests.dll" id="7e5103c9-65ae-c20a-a555-291632cb7aa7">
      <Execution id="4ff67e6d-b2a2-4229-aaaf-715f39bebbe3" />
      <TestMethod codeBase="/private/var/folders/r6/7hjm96zd53g3dfxkbbb9jbnh0000gn/T/unfold-inapp-updates-2026-10-03-r4ct5xp2/Tests/Unfold.Tests/bin/Release/net10.0/Unfold.Tests.dll" adapterTypeName="executor://xunit/VsTestRunner3/netcore/" className="Unfold.Tests.AppUpdateTests" name="OperatingSystemsArchitecturesAndReleaseTracksHaveDistinctFeeds" />
    </UnitTest>
    <UnitTest name="Unfold.Tests.AppUpdateTests.OperatingSystemsArchitecturesAndReleaseTracksHaveDistinctFeeds(version: &quot;1.0.3-beta&quot;, runtime: &quot;osx-x64&quot;, expected: &quot;osx-x64-beta&quot;)" storage="/private/var/folders/r6/7hjm96zd53g3dfxkbbb9jbnh0000gn/t/unfold-inapp-updates-2026-10-03-r4ct5xp2/tests/unfold.tests/bin/release/net10.0/unfold.tests.dll" id="0a80a48f-b842-24cc-dc8d-802718c7f6be">
      <Execution id="6d6b93d6-ef9d-443b-9dd0-8e93869c9fc4" />
      <TestMethod codeBase="/private/var/folders/r6/7hjm96zd53g3dfxkbbb9jbnh0000gn/T/unfold-inapp-updates-2026-10-03-r4ct5xp2/Tests/Unfold.Tests/bin/Release/net10.0/Unfold.Tests.dll" adapterTypeName="executor://xunit/VsTestRunner3/netcore/" className="Unfold.Tests.AppUpdateTests" name="OperatingSystemsArchitecturesAndReleaseTracksHaveDistinctFeeds" />
    </UnitTest>
    <UnitTest name="Unfold.Tests.AppUpdateTests.ActualSdkRejectsCorruptDownloadsBeforeTheyCanBeApplied" storage="/private/var/folders/r6/7hjm96zd53g3dfxkbbb9jbnh0000gn/t/unfold-inapp-updates-2026-10-03-r4ct5xp2/tests/unfold.tests/bin/release/net10.0/unfold.tests.dll" id="37b84987-6a90-532d-1243-efa7ae0a1682">
      <Execution id="29d44308-a797-4273-a4fd-b17f1583f702" />
      <TestMethod codeBase="/private/var/folders/r6/7hjm96zd53g3dfxkbbb9jbnh0000gn/T/unfold-inapp-updates-2026-10-03-r4ct5xp2/Tests/Unfold.Tests/bin/Release/net10.0/Unfold.Tests.dll" adapterTypeName="executor://xunit/VsTestRunner3/netcore/" className="Unfold.Tests.AppUpdateTests" name="ActualSdkRejectsCorruptDownloadsBeforeTheyCanBeApplied" />
    </UnitTest>
  </TestDefinitions>
  <TestEntries>
    <TestEntry testId="0a80a48f-b842-24cc-dc8d-802718c7f6be" executionId="6d6b93d6-ef9d-443b-9dd0-8e93869c9fc4" testListId="8c84fa94-04c1-424b-9868-57a2d4851a1d" />
    <TestEntry testId="cd609b46-ceb0-6de1-ce53-1c6f095f6c16" executionId="52b4ec72-b4f3-4f29-a584-39196f4fb35f" testListId="8c84fa94-04c1-424b-9868-57a2d4851a1d" />
    <TestEntry testId="8c917d59-28a8-dba0-3bb8-2253afde9b0e" executionId="cd50a00c-7688-4080-9068-170ec0348ea2" testListId="8c84fa94-04c1-424b-9868-57a2d4851a1d" />
    <TestEntry testId="49aabd1d-4c18-2c6a-8c2e-10529d863ae1" executionId="33fe0864-f0dc-4527-a727-28c4033004b7" testListId="8c84fa94-04c1-424b-9868-57a2d4851a1d" />
    <TestEntry testId="5ec693b7-4372-82b2-a604-d5f5ac29ac41" executionId="075d9d4d-aa13-4ecb-bad9-e9c9d9843aa6" testListId="8c84fa94-04c1-424b-9868-57a2d4851a1d" />
    <TestEntry testId="d93e51e4-c7f2-f7a1-58df-a5ae4cd39086" executionId="d841d2ba-a032-43af-b6ec-07e88b18f67f" testListId="8c84fa94-04c1-424b-9868-57a2d4851a1d" />
    <TestEntry testId="4b2f4ae9-566b-a21f-cb5e-9578971796bc" executionId="a9bcc57f-e177-4271-ac46-a54433cf89f7" testListId="8c84fa94-04c1-424b-9868-57a2d4851a1d" />
    <TestEntry testId="7e5103c9-65ae-c20a-a555-291632cb7aa7" executionId="4ff67e6d-b2a2-4229-aaaf-715f39bebbe3" testListId="8c84fa94-04c1-424b-9868-57a2d4851a1d" />
    <TestEntry testId="bfe66598-0a42-010a-a72c-65de1c62810b" executionId="3333c4f2-6174-41d0-8406-4867f235bf55" testListId="8c84fa94-04c1-424b-9868-57a2d4851a1d" />
    <TestEntry testId="20e92a42-fc9f-f12c-3e47-abb822955269" executionId="8d949702-ca67-4cdf-8335-f4cc892a3711" testListId="8c84fa94-04c1-424b-9868-57a2d4851a1d" />
    <TestEntry testId="9c71dcce-8375-146e-4c36-8dbddef4b855" executionId="f505fc06-54d8-417c-812f-d3feb0e4b3fa" testListId="8c84fa94-04c1-424b-9868-57a2d4851a1d" />
    <TestEntry testId="3251ce63-04e8-f364-9840-b8f29ee30fe4" executionId="a47d527e-9bb4-4711-88ea-cf32d29a6db4" testListId="8c84fa94-04c1-424b-9868-57a2d4851a1d" />
    <TestEntry testId="37b84987-6a90-532d-1243-efa7ae0a1682" executionId="29d44308-a797-4273-a4fd-b17f1583f702" testListId="8c84fa94-04c1-424b-9868-57a2d4851a1d" />
    <TestEntry testId="95e70dc0-5cf0-6714-b5e2-af29207a4c04" executionId="2d3d7165-e8a7-4f0d-888b-a5610284656f" testListId="8c84fa94-04c1-424b-9868-57a2d4851a1d" />
    <TestEntry testId="50c21f89-88f5-d688-366d-dfbf6b99335c" executionId="2d9ebd7a-bf24-42ac-98a2-dfe88f9e9371" testListId="8c84fa94-04c1-424b-9868-57a2d4851a1d" />
    <TestEntry testId="10902704-4cd7-0eda-25f0-04f4ff4369ef" executionId="f41c90c7-6f87-4766-9f2e-1732cb0d3ba2" testListId="8c84fa94-04c1-424b-9868-57a2d4851a1d" />
    <TestEntry testId="717da6bc-4b58-ddb0-c41a-e088fd218125" executionId="7c2ff5b8-73d5-4c9e-b21e-c09c48b6c3c9" testListId="8c84fa94-04c1-424b-9868-57a2d4851a1d" />
    <TestEntry testId="1ff640d2-577a-4b21-a014-991af0f9f0a6" executionId="78708b60-fa78-44c1-80c3-3f5a079beeb4" testListId="8c84fa94-04c1-424b-9868-57a2d4851a1d" />
    <TestEntry testId="452f8b9f-d7ee-0982-4551-a01718a96e96" executionId="4e7e9451-a618-4e5b-a59b-051299987a3c" testListId="8c84fa94-04c1-424b-9868-57a2d4851a1d" />
    <TestEntry testId="ceec8879-878d-e4c4-7389-a8872545f2ce" executionId="d5fe80fc-f3e0-41e6-9d21-1143f5aa5f89" testListId="8c84fa94-04c1-424b-9868-57a2d4851a1d" />
    <TestEntry testId="c4dd4a52-93d5-b7d8-6d65-cf0a37555275" executionId="201d4477-7f53-4330-a785-46c25aa6ce26" testListId="8c84fa94-04c1-424b-9868-57a2d4851a1d" />
    <TestEntry testId="3f6812c7-c149-1cee-86fd-789b48d3c9e9" executionId="456f08a8-ab9e-4112-a31a-d22fc3775b17" testListId="8c84fa94-04c1-424b-9868-57a2d4851a1d" />
    <TestEntry testId="5a31999d-e892-d576-acfe-67bc71ef28f9" executionId="a038ad3f-41dd-42c3-b523-e4d9d87adf2b" testListId="8c84fa94-04c1-424b-9868-57a2d4851a1d" />
  </TestEntries>
  <TestLists>
    <TestList name="목록에 없는 결과" id="8c84fa94-04c1-424b-9868-57a2d4851a1d" />
    <TestList name="로드된 모든 결과" id="19431567-8539-422a-85d7-44ee4e166bda" />
  </TestLists>
  <ResultSummary outcome="Completed">
    <Counters total="23" executed="23" passed="23" failed="0" error="0" timeout="0" aborted="0" inconclusive="0" passedButRunAborted="0" notRunnable="0" notExecuted="0" disconnected="0" warning="0" completed="0" inProgress="0" pending="0" />
    <Output>
      <StdOut>[xUnit.net 00:00:00.00] xUnit.net VSTest Adapter v3.1.4+50e68bbb8b (64-bit .NET 10.0.12)
[xUnit.net 00:00:00.66]   Discovering: Unfold.Tests
[xUnit.net 00:00:00.91]   Discovered:  Unfold.Tests
[xUnit.net 00:00:01.38]   Starting:    Unfold.Tests
[xUnit.net 00:00:03.62]   Finished:    Unfold.Tests
</StdOut>
    </Output>
  </ResultSummary>
</TestRun>