<?xml version="1.0" encoding="utf-8"?>
<TestRun id="f42f23a9-9ee0-41a7-8658-8b0a15d1cb90" name="@hwanghyeonseong-ui-MacBookAir 2026-10-05 19:17:12" xmlns="http://microsoft.com/schemas/VisualStudio/TeamTest/2010">
  <Times creation="2026-10-05T19:17:12.2324070+09:00" queuing="2026-10-05T19:17:12.2324070+09:00" start="2026-10-05T19:17:08.9496550+09:00" finish="2026-10-05T19:17:14.1654440+09:00" />
  <TestSettings name="default" id="52f5f0f0-2a5f-486c-b4b7-08fea71559b9">
    <Deployment runDeploymentRoot="_hwanghyeonseong-ui-MacBookAir_2026-10-05_19_17_12" />
  </TestSettings>
  <Results>
    <UnitTestResult executionId="fa073abf-01c8-4a5a-95be-babf7abeb66a" testId="8f658fd9-df6a-ee2e-c408-6809c412c530" testName="Unfold.Tests.ThemeTests.FailedThemeSaveKeepsOldColorsAndAllowsRetry" computerName="hwanghyeonseong-ui-MacBookAir" duration="00:00:00.1625838" startTime="2026-10-05T19:17:11.8679630+09:00" endTime="2026-10-05T19:17:12.0306050+09:00" testType="13cdc9d9-ddb5-4fa4-a97d-d965ccfc6d4b" outcome="Passed" testListId="8c84fa94-04c1-424b-9868-57a2d4851a1d" relativeResultsDirectory="fa073abf-01c8-4a5a-95be-babf7abeb66a" />
    <UnitTestResult executionId="ccd3b5c0-bcde-4c3e-8ca9-a5ca0f5f6df4" testId="9267060e-fa60-ec85-7b01-8974887812f9" testName="Unfold.Tests.ResponsiveLayoutTests.CompactDashboardScrollsToEveryCardAndPreservesEditedControls" computerName="hwanghyeonseong-ui-MacBookAir" duration="00:00:00.0768846" startTime="2026-10-05T19:17:13.8276410+09:00" endTime="2026-10-05T19:17:13.9045680+09:00" testType="13cdc9d9-ddb5-4fa4-a97d-d965ccfc6d4b" outcome="Passed" testListId="8c84fa94-04c1-424b-9868-57a2d4851a1d" relativeResultsDirectory="ccd3b5c0-bcde-4c3e-8ca9-a5ca0f5f6df4" />
    <UnitTestResult executionId="724876ac-4588-4ff5-887b-f972641a24f2" testId="8a2fc367-1a82-8dfd-5191-99f55f762e9b" testName="Unfold.Tests.ThemeTests.ThemeChoicesUpdateExistingViewsPersistAndPreserveDraftsAndClock" computerName="hwanghyeonseong-ui-MacBookAir" duration="00:00:00.4066303" startTime="2026-10-05T19:17:12.0628400+09:00" endTime="2026-10-05T19:17:12.4695220+09:00" testType="13cdc9d9-ddb5-4fa4-a97d-d965ccfc6d4b" outcome="Passed" testListId="8c84fa94-04c1-424b-9868-57a2d4851a1d" relativeResultsDirectory="724876ac-4588-4ff5-887b-f972641a24f2" />
    <UnitTestResult executionId="2e837682-5fd8-4842-a16a-7a055ea762f2" testId="548a58a4-8f99-70de-1ba4-3064a2f2e3d5" testName="Unfold.Tests.WindowControlTests.NativeFrameFillsClientAreaAndKeepsContentBelowDecorationsAcrossStates(width: 640, height: 560)" computerName="hwanghyeonseong-ui-MacBookAir" duration="00:00:00.6226939" startTime="2026-10-05T19:17:10.7763970+09:00" endTime="2026-10-05T19:17:11.4032600+09:00" testType="13cdc9d9-ddb5-4fa4-a97d-d965ccfc6d4b" outcome="Passed" testListId="8c84fa94-04c1-424b-9868-57a2d4851a1d" relativeResultsDirectory="2e837682-5fd8-4842-a16a-7a055ea762f2" />
    <UnitTestResult executionId="fecc8030-55cc-47a1-9066-39d4a149ed88" testId="38580ba2-e677-1fbc-4f86-b80c24581733" testName="Unfold.Tests.WindowControlTests.CloseRequestHidesAndReopensTheSameContentWithoutChangingTheTimer(paused: False)" computerName="hwanghyeonseong-ui-MacBookAir" duration="00:00:00.1643397" startTime="2026-10-05T19:17:11.5657460+09:00" endTime="2026-10-05T19:17:11.7301330+09:00" testType="13cdc9d9-ddb5-4fa4-a97d-d965ccfc6d4b" outcome="Passed" testListId="8c84fa94-04c1-424b-9868-57a2d4851a1d" relativeResultsDirectory="fecc8030-55cc-47a1-9066-39d4a149ed88" />
    <UnitTestResult executionId="2fb275d8-22b7-439c-bd2f-0c266179fb2a" testId="6ac3e1b7-42f4-4edc-c190-c7547ef9fef9" testName="Unfold.Tests.WindowControlTests.NativeFrameFillsClientAreaAndKeepsContentBelowDecorationsAcrossStates(width: 860, height: 680)" computerName="hwanghyeonseong-ui-MacBookAir" duration="00:00:00.0583078" startTime="2026-10-05T19:17:11.4105490+09:00" endTime="2026-10-05T19:17:11.4689330+09:00" testType="13cdc9d9-ddb5-4fa4-a97d-d965ccfc6d4b" outcome="Passed" testListId="8c84fa94-04c1-424b-9868-57a2d4851a1d" relativeResultsDirectory="2fb275d8-22b7-439c-bd2f-0c266179fb2a" />
    <UnitTestResult executionId="a6fa20c8-bf4b-4b1c-8111-cec3298efb3a" testId="ae934a35-502d-e979-dd72-c10a489776fd" testName="Unfold.Tests.ThemeTests.AllPalettesKeepTextAndPrimaryActionsReadable" computerName="hwanghyeonseong-ui-MacBookAir" duration="00:00:00.0002959" startTime="2026-10-05T19:17:12.0360270+09:00" endTime="2026-10-05T19:17:12.0363740+09:00" testType="13cdc9d9-ddb5-4fa4-a97d-d965ccfc6d4b" outcome="Passed" testListId="8c84fa94-04c1-424b-9868-57a2d4851a1d" relativeResultsDirectory="a6fa20c8-bf4b-4b1c-8111-cec3298efb3a" />
    <UnitTestResult executionId="6612c91b-9d3c-45c9-b029-4e814cd57be1" testId="a3f638f9-27a4-1712-721b-822dafb3d4d8" testName="Unfold.Tests.SettingsDashboardTests.LongPetNameAndSaveFailureKeepHomeActionsInsideTheirCards" computerName="hwanghyeonseong-ui-MacBookAir" duration="00:00:00.0488889" startTime="2026-10-05T19:17:13.0274050+09:00" endTime="2026-10-05T19:17:13.0763390+09:00" testType="13cdc9d9-ddb5-4fa4-a97d-d965ccfc6d4b" outcome="Passed" testListId="8c84fa94-04c1-424b-9868-57a2d4851a1d" relativeResultsDirectory="6612c91b-9d3c-45c9-b029-4e814cd57be1" />
    <UnitTestResult executionId="ec39bc36-d117-41b3-9b64-bfa2a919f7ac" testId="23dcf263-114b-a158-d6a7-d1dea459ab37" testName="Unfold.Tests.ThemeTests.StoppedTimerColorStaysDistinctFromTheErrorColor" computerName="hwanghyeonseong-ui-MacBookAir" duration="00:00:00.0085162" startTime="2026-10-05T19:17:11.8491470+09:00" endTime="2026-10-05T19:17:11.8577130+09:00" testType="13cdc9d9-ddb5-4fa4-a97d-d965ccfc6d4b" outcome="Passed" testListId="8c84fa94-04c1-424b-9868-57a2d4851a1d" relativeResultsDirectory="ec39bc36-d117-41b3-9b64-bfa2a919f7ac" />
    <UnitTestResult executionId="d997c568-a0e0-4bfd-9195-14800a2078c5" testId="05c0fba0-4a84-8396-45a3-3f88cf514a41" testName="Unfold.Tests.WindowControlTests.CloseRequestHidesAndReopensTheSameContentWithoutChangingTheTimer(paused: True)" computerName="hwanghyeonseong-ui-MacBookAir" duration="00:00:00.1109444" startTime="2026-10-05T19:17:11.7332290+09:00" endTime="2026-10-05T19:17:11.8442340+09:00" testType="13cdc9d9-ddb5-4fa4-a97d-d965ccfc6d4b" outcome="Passed" testListId="8c84fa94-04c1-424b-9868-57a2d4851a1d" relativeResultsDirectory="d997c568-a0e0-4bfd-9195-14800a2078c5" />
    <UnitTestResult executionId="e20e37cb-14f9-46df-9210-a70887bfa9dc" testId="619c159c-b18a-3e2d-05bd-7f1596a7d15d" testName="Unfold.Tests.SettingsDashboardTests.PetScaleSitsAboveThePickerAndPersistsWithoutLegendLabels" computerName="hwanghyeonseong-ui-MacBookAir" duration="00:00:00.0844351" startTime="2026-10-05T19:17:12.5747750+09:00" endTime="2026-10-05T19:17:12.6592550+09:00" testType="13cdc9d9-ddb5-4fa4-a97d-d965ccfc6d4b" outcome="Passed" testListId="8c84fa94-04c1-424b-9868-57a2d4851a1d" relativeResultsDirectory="e20e37cb-14f9-46df-9210-a70887bfa9dc" />
    <UnitTestResult executionId="5e78525f-e7fc-407c-91f8-28fc8baa67c8" testId="21628371-5b16-5ca7-ef84-3d60be0b1744" testName="Unfold.Tests.SettingsDashboardTests.DebugPreviewButtonsAreOptInAndDoNotChangeLiveState" computerName="hwanghyeonseong-ui-MacBookAir" duration="00:00:00.0998340" startTime="2026-10-05T19:17:13.3572770+09:00" endTime="2026-10-05T19:17:13.4571560+09:00" testType="13cdc9d9-ddb5-4fa4-a97d-d965ccfc6d4b" outcome="Passed" testListId="8c84fa94-04c1-424b-9868-57a2d4851a1d" relativeResultsDirectory="5e78525f-e7fc-407c-91f8-28fc8baa67c8" />
    <UnitTestResult executionId="f1c22b6e-ff17-4646-beb3-046cb1c64a0b" testId="a00f8f85-d073-0647-03f5-1ea29ed76620" testName="Unfold.Tests.SettingsDashboardTests.PetManagementOpensBuilderAndPreservesDraftAcrossSidebarNavigation" computerName="hwanghyeonseong-ui-MacBookAir" duration="00:00:00.1718625" startTime="2026-10-05T19:17:13.4595960+09:00" endTime="2026-10-05T19:17:13.6315050+09:00" testType="13cdc9d9-ddb5-4fa4-a97d-d965ccfc6d4b" outcome="Passed" testListId="8c84fa94-04c1-424b-9868-57a2d4851a1d" relativeResultsDirectory="f1c22b6e-ff17-4646-beb3-046cb1c64a0b" />
    <UnitTestResult executionId="1a7170a4-0b29-44d4-8a70-c9fa0ebdf96b" testId="e4edc4ba-f57c-2eb9-4648-4171c539c076" testName="Unfold.Tests.SettingsDashboardTests.ResizingPreservesTimerDraftsAndLegacyRoutineData" computerName="hwanghyeonseong-ui-MacBookAir" duration="00:00:00.1404586" startTime="2026-10-05T19:17:12.8843450+09:00" endTime="2026-10-05T19:17:13.0248450+09:00" testType="13cdc9d9-ddb5-4fa4-a97d-d965ccfc6d4b" outcome="Passed" testListId="8c84fa94-04c1-424b-9868-57a2d4851a1d" relativeResultsDirectory="1a7170a4-0b29-44d4-8a70-c9fa0ebdf96b" />
    <UnitTestResult executionId="75c5fa4e-ef05-44be-8681-4aec821e9ad8" testId="0cac221d-ed51-f3c8-84ec-679d8c89002b" testName="Unfold.Tests.SettingsDashboardTests.SpeechPreferencesApplyWhileWorkingWithoutResettingTheTimer" computerName="hwanghyeonseong-ui-MacBookAir" duration="00:00:00.1260407" startTime="2026-10-05T19:17:12.6993250+09:00" endTime="2026-10-05T19:17:12.8254070+09:00" testType="13cdc9d9-ddb5-4fa4-a97d-d965ccfc6d4b" outcome="Passed" testListId="8c84fa94-04c1-424b-9868-57a2d4851a1d" relativeResultsDirectory="75c5fa4e-ef05-44be-8681-4aec821e9ad8" />
    <UnitTestResult executionId="4fc2c6ac-5939-413a-99e5-a66b3494c3a2" testId="359c83fb-88f8-76aa-37d9-f43b5fad5374" testName="Unfold.Tests.SettingsDashboardTests.HomeTimingApplyStaysAtTheCardTopRight" computerName="hwanghyeonseong-ui-MacBookAir" duration="00:00:00.0349039" startTime="2026-10-05T19:17:12.6620210+09:00" endTime="2026-10-05T19:17:12.6969670+09:00" testType="13cdc9d9-ddb5-4fa4-a97d-d965ccfc6d4b" outcome="Passed" testListId="8c84fa94-04c1-424b-9868-57a2d4851a1d" relativeResultsDirectory="4fc2c6ac-5939-413a-99e5-a66b3494c3a2" />
    <UnitTestResult executionId="e8101c6b-7d7a-4f72-bb72-c26d44c5a01b" testId="8b4e77d3-dc13-cf4f-dc52-19495c248c0e" testName="Unfold.Tests.SettingsDashboardTests.HomeSeparatesAllSixTimerStateTitlesWithoutHelperCopy" computerName="hwanghyeonseong-ui-MacBookAir" duration="00:00:00.0541835" startTime="2026-10-05T19:17:12.8277020+09:00" endTime="2026-10-05T19:17:12.8819250+09:00" testType="13cdc9d9-ddb5-4fa4-a97d-d965ccfc6d4b" outcome="Passed" testListId="8c84fa94-04c1-424b-9868-57a2d4851a1d" relativeResultsDirectory="e8101c6b-7d7a-4f72-bb72-c26d44c5a01b" />
    <UnitTestResult executionId="3db728d0-b057-43ae-b545-2fb032b9a31a" testId="d9b46d26-d82d-8b9e-c081-db48f531051f" testName="Unfold.Tests.SettingsDashboardTests.SidebarUsesInWindowTabsAndReturnsFocusToTheTimer" computerName="hwanghyeonseong-ui-MacBookAir" duration="00:00:00.1333270" startTime="2026-10-05T19:17:13.6915440+09:00" endTime="2026-10-05T19:17:13.8249160+09:00" testType="13cdc9d9-ddb5-4fa4-a97d-d965ccfc6d4b" outcome="Passed" testListId="8c84fa94-04c1-424b-9868-57a2d4851a1d" relativeResultsDirectory="3db728d0-b057-43ae-b545-2fb032b9a31a" />
    <UnitTestResult executionId="6cc8bca0-6492-4ad3-949d-6eb84ab8b85f" testId="0c34b5ba-c22c-3277-c877-8b3d199e187a" testName="Unfold.Tests.ResponsiveLayoutTests.AllTabsFitSmallWindowsAndResizingPreservesPreferencesAndPetDrafts" computerName="hwanghyeonseong-ui-MacBookAir" duration="00:00:00.2166657" startTime="2026-10-05T19:17:13.9066300+09:00" endTime="2026-10-05T19:17:14.1233390+09:00" testType="13cdc9d9-ddb5-4fa4-a97d-d965ccfc6d4b" outcome="Passed" testListId="8c84fa94-04c1-424b-9868-57a2d4851a1d" relativeResultsDirectory="6cc8bca0-6492-4ad3-949d-6eb84ab8b85f" />
    <UnitTestResult executionId="5ab75aa5-d340-4ed6-8043-ee65aa74561c" testId="757c0c5a-f86c-3c6b-779c-f31914c2b4e6" testName="Unfold.Tests.SettingsDashboardTests.PreferencesBodyUsesTheAvailableHeightWithoutSaveOrCancelActions" computerName="hwanghyeonseong-ui-MacBookAir" duration="00:00:00.0948592" startTime="2026-10-05T19:17:12.4774410+09:00" endTime="2026-10-05T19:17:12.5723470+09:00" testType="13cdc9d9-ddb5-4fa4-a97d-d965ccfc6d4b" outcome="Passed" testListId="8c84fa94-04c1-424b-9868-57a2d4851a1d" relativeResultsDirectory="5ab75aa5-d340-4ed6-8043-ee65aa74561c" />
    <UnitTestResult executionId="55a29376-51a3-4a43-8ed7-f695c6c2f3b0" testId="b44e6f25-af2f-7059-5b0f-65daca28c9fa" testName="Unfold.Tests.ThemeTests.MissingLegacyAndUnknownThemesUseLilacWithoutLosingSettings" computerName="hwanghyeonseong-ui-MacBookAir" duration="00:00:00.0238239" startTime="2026-10-05T19:17:12.0366260+09:00" endTime="2026-10-05T19:17:12.0604860+09:00" testType="13cdc9d9-ddb5-4fa4-a97d-d965ccfc6d4b" outcome="Passed" testListId="8c84fa94-04c1-424b-9868-57a2d4851a1d" relativeResultsDirectory="55a29376-51a3-4a43-8ed7-f695c6c2f3b0" />
    <UnitTestResult executionId="ca1fe626-7564-4e9f-be15-a82016dd37b8" testId="1fbd79ad-5d68-3921-c601-5e0a4add617a" testName="Unfold.Tests.WindowControlTests.MainWindowUsesNativeDecorationsWithoutDuplicateCaptionControls" computerName="hwanghyeonseong-ui-MacBookAir" duration="00:00:00.0424589" startTime="2026-10-05T19:17:11.5207280+09:00" endTime="2026-10-05T19:17:11.5632370+09:00" testType="13cdc9d9-ddb5-4fa4-a97d-d965ccfc6d4b" outcome="Passed" testListId="8c84fa94-04c1-424b-9868-57a2d4851a1d" relativeResultsDirectory="ca1fe626-7564-4e9f-be15-a82016dd37b8" />
    <UnitTestResult executionId="f28d7572-2531-4a6c-94ee-939406de48ff" testId="91453cac-20f3-2c1d-e726-061532a282ad" testName="Unfold.Tests.SettingsDashboardTests.DashboardKeepsThePetAndTimerVisibleWhileOnlyDetailsScroll" computerName="hwanghyeonseong-ui-MacBookAir" duration="00:00:00.0548029" startTime="2026-10-05T19:17:13.6342450+09:00" endTime="2026-10-05T19:17:13.6890980+09:00" testType="13cdc9d9-ddb5-4fa4-a97d-d965ccfc6d4b" outcome="Passed" testListId="8c84fa94-04c1-424b-9868-57a2d4851a1d" relativeResultsDirectory="f28d7572-2531-4a6c-94ee-939406de48ff" />
    <UnitTestResult executionId="225eadb8-946b-4389-a549-66b7717af778" testId="a2e61b70-046d-20d8-dd63-ce278c6ca62f" testName="Unfold.Tests.WindowControlTests.NativeFrameFillsClientAreaAndKeepsContentBelowDecorationsAcrossStates(width: 1120, height: 800)" computerName="hwanghyeonseong-ui-MacBookAir" duration="00:00:00.0461047" startTime="2026-10-05T19:17:11.4712480+09:00" endTime="2026-10-05T19:17:11.5173990+09:00" testType="13cdc9d9-ddb5-4fa4-a97d-d965ccfc6d4b" outcome="Passed" testListId="8c84fa94-04c1-424b-9868-57a2d4851a1d" relativeResultsDirectory="225eadb8-946b-4389-a549-66b7717af778" />
    <UnitTestResult executionId="8f676b9b-c621-4ee6-bc12-a02b7bfbd257" testId="027c4864-15fe-8184-0d1b-e95491349390" testName="Unfold.Tests.SettingsDashboardTests.SingleColumnTabContentIsCenteredAndStillFitsAtMinimumWidth" computerName="hwanghyeonseong-ui-MacBookAir" duration="00:00:00.2735207" startTime="2026-10-05T19:17:13.0810890+09:00" endTime="2026-10-05T19:17:13.3546620+09:00" testType="13cdc9d9-ddb5-4fa4-a97d-d965ccfc6d4b" outcome="Passed" testListId="8c84fa94-04c1-424b-9868-57a2d4851a1d" relativeResultsDirectory="8f676b9b-c621-4ee6-bc12-a02b7bfbd257" />
  </Results>
  <TestDefinitions>
    <UnitTest name="Unfold.Tests.WindowControlTests.NativeFrameFillsClientAreaAndKeepsContentBelowDecorationsAcrossStates(width: 1120, height: 800)" storage="/users/hwanghyeonseong/.codex/worktrees/6bca/unfold/tests/unfold.tests/bin/release/net10.0/unfold.tests.dll" id="a2e61b70-046d-20d8-dd63-ce278c6ca62f">
      <Execution id="225eadb8-946b-4389-a549-66b7717af778" />
      <TestMethod codeBase="/Users/hwanghyeonseong/.codex/worktrees/6bca/Unfold/Tests/Unfold.Tests/bin/Release/net10.0/Unfold.Tests.dll" adapterTypeName="executor://xunit/VsTestRunner3/netcore/" className="Unfold.Tests.WindowControlTests" name="NativeFrameFillsClientAreaAndKeepsContentBelowDecorationsAcrossStates" />
    </UnitTest>
    <UnitTest name="Unfold.Tests.ThemeTests.ThemeChoicesUpdateExistingViewsPersistAndPreserveDraftsAndClock" storage="/users/hwanghyeonseong/.codex/worktrees/6bca/unfold/tests/unfold.tests/bin/release/net10.0/unfold.tests.dll" id="8a2fc367-1a82-8dfd-5191-99f55f762e9b">
      <Execution id="724876ac-4588-4ff5-887b-f972641a24f2" />
      <TestMethod codeBase="/Users/hwanghyeonseong/.codex/worktrees/6bca/Unfold/Tests/Unfold.Tests/bin/Release/net10.0/Unfold.Tests.dll" adapterTypeName="executor://xunit/VsTestRunner3/netcore/" className="Unfold.Tests.ThemeTests" name="ThemeChoicesUpdateExistingViewsPersistAndPreserveDraftsAndClock" />
    </UnitTest>
    <UnitTest name="Unfold.Tests.SettingsDashboardTests.SidebarUsesInWindowTabsAndReturnsFocusToTheTimer" storage="/users/hwanghyeonseong/.codex/worktrees/6bca/unfold/tests/unfold.tests/bin/release/net10.0/unfold.tests.dll" id="d9b46d26-d82d-8b9e-c081-db48f531051f">
      <Execution id="3db728d0-b057-43ae-b545-2fb032b9a31a" />
      <TestMethod codeBase="/Users/hwanghyeonseong/.codex/worktrees/6bca/Unfold/Tests/Unfold.Tests/bin/Release/net10.0/Unfold.Tests.dll" adapterTypeName="executor://xunit/VsTestRunner3/netcore/" className="Unfold.Tests.SettingsDashboardTests" name="SidebarUsesInWindowTabsAndReturnsFocusToTheTimer" />
    </UnitTest>
    <UnitTest name="Unfold.Tests.SettingsDashboardTests.DashboardKeepsThePetAndTimerVisibleWhileOnlyDetailsScroll" storage="/users/hwanghyeonseong/.codex/worktrees/6bca/unfold/tests/unfold.tests/bin/release/net10.0/unfold.tests.dll" id="91453cac-20f3-2c1d-e726-061532a282ad">
      <Execution id="f28d7572-2531-4a6c-94ee-939406de48ff" />
      <TestMethod codeBase="/Users/hwanghyeonseong/.codex/worktrees/6bca/Unfold/Tests/Unfold.Tests/bin/Release/net10.0/Unfold.Tests.dll" adapterTypeName="executor://xunit/VsTestRunner3/netcore/" className="Unfold.Tests.SettingsDashboardTests" name="DashboardKeepsThePetAndTimerVisibleWhileOnlyDetailsScroll" />
    </UnitTest>
    <UnitTest name="Unfold.Tests.SettingsDashboardTests.SpeechPreferencesApplyWhileWorkingWithoutResettingTheTimer" storage="/users/hwanghyeonseong/.codex/worktrees/6bca/unfold/tests/unfold.tests/bin/release/net10.0/unfold.tests.dll" id="0cac221d-ed51-f3c8-84ec-679d8c89002b">
      <Execution id="75c5fa4e-ef05-44be-8681-4aec821e9ad8" />
      <TestMethod codeBase="/Users/hwanghyeonseong/.codex/worktrees/6bca/Unfold/Tests/Unfold.Tests/bin/Release/net10.0/Unfold.Tests.dll" adapterTypeName="executor://xunit/VsTestRunner3/netcore/" className="Unfold.Tests.SettingsDashboardTests" name="SpeechPreferencesApplyWhileWorkingWithoutResettingTheTimer" />
    </UnitTest>
    <UnitTest name="Unfold.Tests.SettingsDashboardTests.HomeTimingApplyStaysAtTheCardTopRight" storage="/users/hwanghyeonseong/.codex/worktrees/6bca/unfold/tests/unfold.tests/bin/release/net10.0/unfold.tests.dll" id="359c83fb-88f8-76aa-37d9-f43b5fad5374">
      <Execution id="4fc2c6ac-5939-413a-99e5-a66b3494c3a2" />
      <TestMethod codeBase="/Users/hwanghyeonseong/.codex/worktrees/6bca/Unfold/Tests/Unfold.Tests/bin/Release/net10.0/Unfold.Tests.dll" adapterTypeName="executor://xunit/VsTestRunner3/netcore/" className="Unfold.Tests.SettingsDashboardTests" name="HomeTimingApplyStaysAtTheCardTopRight" />
    </UnitTest>
    <UnitTest name="Unfold.Tests.SettingsDashboardTests.PetScaleSitsAboveThePickerAndPersistsWithoutLegendLabels" storage="/users/hwanghyeonseong/.codex/worktrees/6bca/unfold/tests/unfold.tests/bin/release/net10.0/unfold.tests.dll" id="619c159c-b18a-3e2d-05bd-7f1596a7d15d">
      <Execution id="e20e37cb-14f9-46df-9210-a70887bfa9dc" />
      <TestMethod codeBase="/Users/hwanghyeonseong/.codex/worktrees/6bca/Unfold/Tests/Unfold.Tests/bin/Release/net10.0/Unfold.Tests.dll" adapterTypeName="executor://xunit/VsTestRunner3/netcore/" className="Unfold.Tests.SettingsDashboardTests" name="PetScaleSitsAboveThePickerAndPersistsWithoutLegendLabels" />
    </UnitTest>
    <UnitTest name="Unfold.Tests.ThemeTests.AllPalettesKeepTextAndPrimaryActionsReadable" storage="/users/hwanghyeonseong/.codex/worktrees/6bca/unfold/tests/unfold.tests/bin/release/net10.0/unfold.tests.dll" id="ae934a35-502d-e979-dd72-c10a489776fd">
      <Execution id="a6fa20c8-bf4b-4b1c-8111-cec3298efb3a" />
      <TestMethod codeBase="/Users/hwanghyeonseong/.codex/worktrees/6bca/Unfold/Tests/Unfold.Tests/bin/Release/net10.0/Unfold.Tests.dll" adapterTypeName="executor://xunit/VsTestRunner3/netcore/" className="Unfold.Tests.ThemeTests" name="AllPalettesKeepTextAndPrimaryActionsReadable" />
    </UnitTest>
    <UnitTest name="Unfold.Tests.ResponsiveLayoutTests.AllTabsFitSmallWindowsAndResizingPreservesPreferencesAndPetDrafts" storage="/users/hwanghyeonseong/.codex/worktrees/6bca/unfold/tests/unfold.tests/bin/release/net10.0/unfold.tests.dll" id="0c34b5ba-c22c-3277-c877-8b3d199e187a">
      <Execution id="6cc8bca0-6492-4ad3-949d-6eb84ab8b85f" />
      <TestMethod codeBase="/Users/hwanghyeonseong/.codex/worktrees/6bca/Unfold/Tests/Unfold.Tests/bin/Release/net10.0/Unfold.Tests.dll" adapterTypeName="executor://xunit/VsTestRunner3/netcore/" className="Unfold.Tests.ResponsiveLayoutTests" name="AllTabsFitSmallWindowsAndResizingPreservesPreferencesAndPetDrafts" />
    </UnitTest>
    <UnitTest name="Unfold.Tests.ThemeTests.FailedThemeSaveKeepsOldColorsAndAllowsRetry" storage="/users/hwanghyeonseong/.codex/worktrees/6bca/unfold/tests/unfold.tests/bin/release/net10.0/unfold.tests.dll" id="8f658fd9-df6a-ee2e-c408-6809c412c530">
      <Execution id="fa073abf-01c8-4a5a-95be-babf7abeb66a" />
      <TestMethod codeBase="/Users/hwanghyeonseong/.codex/worktrees/6bca/Unfold/Tests/Unfold.Tests/bin/Release/net10.0/Unfold.Tests.dll" adapterTypeName="executor://xunit/VsTestRunner3/netcore/" className="Unfold.Tests.ThemeTests" name="FailedThemeSaveKeepsOldColorsAndAllowsRetry" />
    </UnitTest>
    <UnitTest name="Unfold.Tests.ThemeTests.StoppedTimerColorStaysDistinctFromTheErrorColor" storage="/users/hwanghyeonseong/.codex/worktrees/6bca/unfold/tests/unfold.tests/bin/release/net10.0/unfold.tests.dll" id="23dcf263-114b-a158-d6a7-d1dea459ab37">
      <Execution id="ec39bc36-d117-41b3-9b64-bfa2a919f7ac" />
      <TestMethod codeBase="/Users/hwanghyeonseong/.codex/worktrees/6bca/Unfold/Tests/Unfold.Tests/bin/Release/net10.0/Unfold.Tests.dll" adapterTypeName="executor://xunit/VsTestRunner3/netcore/" className="Unfold.Tests.ThemeTests" name="StoppedTimerColorStaysDistinctFromTheErrorColor" />
    </UnitTest>
    <UnitTest name="Unfold.Tests.SettingsDashboardTests.PetManagementOpensBuilderAndPreservesDraftAcrossSidebarNavigation" storage="/users/hwanghyeonseong/.codex/worktrees/6bca/unfold/tests/unfold.tests/bin/release/net10.0/unfold.tests.dll" id="a00f8f85-d073-0647-03f5-1ea29ed76620">
      <Execution id="f1c22b6e-ff17-4646-beb3-046cb1c64a0b" />
      <TestMethod codeBase="/Users/hwanghyeonseong/.codex/worktrees/6bca/Unfold/Tests/Unfold.Tests/bin/Release/net10.0/Unfold.Tests.dll" adapterTypeName="executor://xunit/VsTestRunner3/netcore/" className="Unfold.Tests.SettingsDashboardTests" name="PetManagementOpensBuilderAndPreservesDraftAcrossSidebarNavigation" />
    </UnitTest>
    <UnitTest name="Unfold.Tests.WindowControlTests.MainWindowUsesNativeDecorationsWithoutDuplicateCaptionControls" storage="/users/hwanghyeonseong/.codex/worktrees/6bca/unfold/tests/unfold.tests/bin/release/net10.0/unfold.tests.dll" id="1fbd79ad-5d68-3921-c601-5e0a4add617a">
      <Execution id="ca1fe626-7564-4e9f-be15-a82016dd37b8" />
      <TestMethod codeBase="/Users/hwanghyeonseong/.codex/worktrees/6bca/Unfold/Tests/Unfold.Tests/bin/Release/net10.0/Unfold.Tests.dll" adapterTypeName="executor://xunit/VsTestRunner3/netcore/" className="Unfold.Tests.WindowControlTests" name="MainWindowUsesNativeDecorationsWithoutDuplicateCaptionControls" />
    </UnitTest>
    <UnitTest name="Unfold.Tests.SettingsDashboardTests.ResizingPreservesTimerDraftsAndLegacyRoutineData" storage="/users/hwanghyeonseong/.codex/worktrees/6bca/unfold/tests/unfold.tests/bin/release/net10.0/unfold.tests.dll" id="e4edc4ba-f57c-2eb9-4648-4171c539c076">
      <Execution id="1a7170a4-0b29-44d4-8a70-c9fa0ebdf96b" />
      <TestMethod codeBase="/Users/hwanghyeonseong/.codex/worktrees/6bca/Unfold/Tests/Unfold.Tests/bin/Release/net10.0/Unfold.Tests.dll" adapterTypeName="executor://xunit/VsTestRunner3/netcore/" className="Unfold.Tests.SettingsDashboardTests" name="ResizingPreservesTimerDraftsAndLegacyRoutineData" />
    </UnitTest>
    <UnitTest name="Unfold.Tests.ThemeTests.MissingLegacyAndUnknownThemesUseLilacWithoutLosingSettings" storage="/users/hwanghyeonseong/.codex/worktrees/6bca/unfold/tests/unfold.tests/bin/release/net10.0/unfold.tests.dll" id="b44e6f25-af2f-7059-5b0f-65daca28c9fa">
      <Execution id="55a29376-51a3-4a43-8ed7-f695c6c2f3b0" />
      <TestMethod codeBase="/Users/hwanghyeonseong/.codex/worktrees/6bca/Unfold/Tests/Unfold.Tests/bin/Release/net10.0/Unfold.Tests.dll" adapterTypeName="executor://xunit/VsTestRunner3/netcore/" className="Unfold.Tests.ThemeTests" name="MissingLegacyAndUnknownThemesUseLilacWithoutLosingSettings" />
    </UnitTest>
    <UnitTest name="Unfold.Tests.WindowControlTests.NativeFrameFillsClientAreaAndKeepsContentBelowDecorationsAcrossStates(width: 860, height: 680)" storage="/users/hwanghyeonseong/.codex/worktrees/6bca/unfold/tests/unfold.tests/bin/release/net10.0/unfold.tests.dll" id="6ac3e1b7-42f4-4edc-c190-c7547ef9fef9">
      <Execution id="2fb275d8-22b7-439c-bd2f-0c266179fb2a" />
      <TestMethod codeBase="/Users/hwanghyeonseong/.codex/worktrees/6bca/Unfold/Tests/Unfold.Tests/bin/Release/net10.0/Unfold.Tests.dll" adapterTypeName="executor://xunit/VsTestRunner3/netcore/" className="Unfold.Tests.WindowControlTests" name="NativeFrameFillsClientAreaAndKeepsContentBelowDecorationsAcrossStates" />
    </UnitTest>
    <UnitTest name="Unfold.Tests.SettingsDashboardTests.LongPetNameAndSaveFailureKeepHomeActionsInsideTheirCards" storage="/users/hwanghyeonseong/.codex/worktrees/6bca/unfold/tests/unfold.tests/bin/release/net10.0/unfold.tests.dll" id="a3f638f9-27a4-1712-721b-822dafb3d4d8">
      <Execution id="6612c91b-9d3c-45c9-b029-4e814cd57be1" />
      <TestMethod codeBase="/Users/hwanghyeonseong/.codex/worktrees/6bca/Unfold/Tests/Unfold.Tests/bin/Release/net10.0/Unfold.Tests.dll" adapterTypeName="executor://xunit/VsTestRunner3/netcore/" className="Unfold.Tests.SettingsDashboardTests" name="LongPetNameAndSaveFailureKeepHomeActionsInsideTheirCards" />
    </UnitTest>
    <UnitTest name="Unfold.Tests.ResponsiveLayoutTests.CompactDashboardScrollsToEveryCardAndPreservesEditedControls" storage="/users/hwanghyeonseong/.codex/worktrees/6bca/unfold/tests/unfold.tests/bin/release/net10.0/unfold.tests.dll" id="9267060e-fa60-ec85-7b01-8974887812f9">
      <Execution id="ccd3b5c0-bcde-4c3e-8ca9-a5ca0f5f6df4" />
      <TestMethod codeBase="/Users/hwanghyeonseong/.codex/worktrees/6bca/Unfold/Tests/Unfold.Tests/bin/Release/net10.0/Unfold.Tests.dll" adapterTypeName="executor://xunit/VsTestRunner3/netcore/" className="Unfold.Tests.ResponsiveLayoutTests" name="CompactDashboardScrollsToEveryCardAndPreservesEditedControls" />
    </UnitTest>
    <UnitTest name="Unfold.Tests.SettingsDashboardTests.HomeSeparatesAllSixTimerStateTitlesWithoutHelperCopy" storage="/users/hwanghyeonseong/.codex/worktrees/6bca/unfold/tests/unfold.tests/bin/release/net10.0/unfold.tests.dll" id="8b4e77d3-dc13-cf4f-dc52-19495c248c0e">
      <Execution id="e8101c6b-7d7a-4f72-bb72-c26d44c5a01b" />
      <TestMethod codeBase="/Users/hwanghyeonseong/.codex/worktrees/6bca/Unfold/Tests/Unfold.Tests/bin/Release/net10.0/Unfold.Tests.dll" adapterTypeName="executor://xunit/VsTestRunner3/netcore/" className="Unfold.Tests.SettingsDashboardTests" name="HomeSeparatesAllSixTimerStateTitlesWithoutHelperCopy" />
    </UnitTest>
    <UnitTest name="Unfold.Tests.WindowControlTests.NativeFrameFillsClientAreaAndKeepsContentBelowDecorationsAcrossStates(width: 640, height: 560)" storage="/users/hwanghyeonseong/.codex/worktrees/6bca/unfold/tests/unfold.tests/bin/release/net10.0/unfold.tests.dll" id="548a58a4-8f99-70de-1ba4-3064a2f2e3d5">
      <Execution id="2e837682-5fd8-4842-a16a-7a055ea762f2" />
      <TestMethod codeBase="/Users/hwanghyeonseong/.codex/worktrees/6bca/Unfold/Tests/Unfold.Tests/bin/Release/net10.0/Unfold.Tests.dll" adapterTypeName="executor://xunit/VsTestRunner3/netcore/" className="Unfold.Tests.WindowControlTests" name="NativeFrameFillsClientAreaAndKeepsContentBelowDecorationsAcrossStates" />
    </UnitTest>
    <UnitTest name="Unfold.Tests.SettingsDashboardTests.DebugPreviewButtonsAreOptInAndDoNotChangeLiveState" storage="/users/hwanghyeonseong/.codex/worktrees/6bca/unfold/tests/unfold.tests/bin/release/net10.0/unfold.tests.dll" id="21628371-5b16-5ca7-ef84-3d60be0b1744">
      <Execution id="5e78525f-e7fc-407c-91f8-28fc8baa67c8" />
      <TestMethod codeBase="/Users/hwanghyeonseong/.codex/worktrees/6bca/Unfold/Tests/Unfold.Tests/bin/Release/net10.0/Unfold.Tests.dll" adapterTypeName="executor://xunit/VsTestRunner3/netcore/" className="Unfold.Tests.SettingsDashboardTests" name="DebugPreviewButtonsAreOptInAndDoNotChangeLiveState" />
    </UnitTest>
    <UnitTest name="Unfold.Tests.WindowControlTests.CloseRequestHidesAndReopensTheSameContentWithoutChangingTheTimer(paused: True)" storage="/users/hwanghyeonseong/.codex/worktrees/6bca/unfold/tests/unfold.tests/bin/release/net10.0/unfold.tests.dll" id="05c0fba0-4a84-8396-45a3-3f88cf514a41">
      <Execution id="d997c568-a0e0-4bfd-9195-14800a2078c5" />
      <TestMethod codeBase="/Users/hwanghyeonseong/.codex/worktrees/6bca/Unfold/Tests/Unfold.Tests/bin/Release/net10.0/Unfold.Tests.dll" adapterTypeName="executor://xunit/VsTestRunner3/netcore/" className="Unfold.Tests.WindowControlTests" name="CloseRequestHidesAndReopensTheSameContentWithoutChangingTheTimer" />
    </UnitTest>
    <UnitTest name="Unfold.Tests.WindowControlTests.CloseRequestHidesAndReopensTheSameContentWithoutChangingTheTimer(paused: False)" storage="/users/hwanghyeonseong/.codex/worktrees/6bca/unfold/tests/unfold.tests/bin/release/net10.0/unfold.tests.dll" id="38580ba2-e677-1fbc-4f86-b80c24581733">
      <Execution id="fecc8030-55cc-47a1-9066-39d4a149ed88" />
      <TestMethod codeBase="/Users/hwanghyeonseong/.codex/worktrees/6bca/Unfold/Tests/Unfold.Tests/bin/Release/net10.0/Unfold.Tests.dll" adapterTypeName="executor://xunit/VsTestRunner3/netcore/" className="Unfold.Tests.WindowControlTests" name="CloseRequestHidesAndReopensTheSameContentWithoutChangingTheTimer" />
    </UnitTest>
    <UnitTest name="Unfold.Tests.SettingsDashboardTests.PreferencesBodyUsesTheAvailableHeightWithoutSaveOrCancelActions" storage="/users/hwanghyeonseong/.codex/worktrees/6bca/unfold/tests/unfold.tests/bin/release/net10.0/unfold.tests.dll" id="757c0c5a-f86c-3c6b-779c-f31914c2b4e6">
      <Execution id="5ab75aa5-d340-4ed6-8043-ee65aa74561c" />
      <TestMethod codeBase="/Users/hwanghyeonseong/.codex/worktrees/6bca/Unfold/Tests/Unfold.Tests/bin/Release/net10.0/Unfold.Tests.dll" adapterTypeName="executor://xunit/VsTestRunner3/netcore/" className="Unfold.Tests.SettingsDashboardTests" name="PreferencesBodyUsesTheAvailableHeightWithoutSaveOrCancelActions" />
    </UnitTest>
    <UnitTest name="Unfold.Tests.SettingsDashboardTests.SingleColumnTabContentIsCenteredAndStillFitsAtMinimumWidth" storage="/users/hwanghyeonseong/.codex/worktrees/6bca/unfold/tests/unfold.tests/bin/release/net10.0/unfold.tests.dll" id="027c4864-15fe-8184-0d1b-e95491349390">
      <Execution id="8f676b9b-c621-4ee6-bc12-a02b7bfbd257" />
      <TestMethod codeBase="/Users/hwanghyeonseong/.codex/worktrees/6bca/Unfold/Tests/Unfold.Tests/bin/Release/net10.0/Unfold.Tests.dll" adapterTypeName="executor://xunit/VsTestRunner3/netcore/" className="Unfold.Tests.SettingsDashboardTests" name="SingleColumnTabContentIsCenteredAndStillFitsAtMinimumWidth" />
    </UnitTest>
  </TestDefinitions>
  <TestEntries>
    <TestEntry testId="8f658fd9-df6a-ee2e-c408-6809c412c530" executionId="fa073abf-01c8-4a5a-95be-babf7abeb66a" testListId="8c84fa94-04c1-424b-9868-57a2d4851a1d" />
    <TestEntry testId="9267060e-fa60-ec85-7b01-8974887812f9" executionId="ccd3b5c0-bcde-4c3e-8ca9-a5ca0f5f6df4" testListId="8c84fa94-04c1-424b-9868-57a2d4851a1d" />
    <TestEntry testId="8a2fc367-1a82-8dfd-5191-99f55f762e9b" executionId="724876ac-4588-4ff5-887b-f972641a24f2" testListId="8c84fa94-04c1-424b-9868-57a2d4851a1d" />
    <TestEntry testId="548a58a4-8f99-70de-1ba4-3064a2f2e3d5" executionId="2e837682-5fd8-4842-a16a-7a055ea762f2" testListId="8c84fa94-04c1-424b-9868-57a2d4851a1d" />
    <TestEntry testId="38580ba2-e677-1fbc-4f86-b80c24581733" executionId="fecc8030-55cc-47a1-9066-39d4a149ed88" testListId="8c84fa94-04c1-424b-9868-57a2d4851a1d" />
    <TestEntry testId="6ac3e1b7-42f4-4edc-c190-c7547ef9fef9" executionId="2fb275d8-22b7-439c-bd2f-0c266179fb2a" testListId="8c84fa94-04c1-424b-9868-57a2d4851a1d" />
    <TestEntry testId="ae934a35-502d-e979-dd72-c10a489776fd" executionId="a6fa20c8-bf4b-4b1c-8111-cec3298efb3a" testListId="8c84fa94-04c1-424b-9868-57a2d4851a1d" />
    <TestEntry testId="a3f638f9-27a4-1712-721b-822dafb3d4d8" executionId="6612c91b-9d3c-45c9-b029-4e814cd57be1" testListId="8c84fa94-04c1-424b-9868-57a2d4851a1d" />
    <TestEntry testId="23dcf263-114b-a158-d6a7-d1dea459ab37" executionId="ec39bc36-d117-41b3-9b64-bfa2a919f7ac" testListId="8c84fa94-04c1-424b-9868-57a2d4851a1d" />
    <TestEntry testId="05c0fba0-4a84-8396-45a3-3f88cf514a41" executionId="d997c568-a0e0-4bfd-9195-14800a2078c5" testListId="8c84fa94-04c1-424b-9868-57a2d4851a1d" />
    <TestEntry testId="619c159c-b18a-3e2d-05bd-7f1596a7d15d" executionId="e20e37cb-14f9-46df-9210-a70887bfa9dc" testListId="8c84fa94-04c1-424b-9868-57a2d4851a1d" />
    <TestEntry testId="21628371-5b16-5ca7-ef84-3d60be0b1744" executionId="5e78525f-e7fc-407c-91f8-28fc8baa67c8" testListId="8c84fa94-04c1-424b-9868-57a2d4851a1d" />
    <TestEntry testId="a00f8f85-d073-0647-03f5-1ea29ed76620" executionId="f1c22b6e-ff17-4646-beb3-046cb1c64a0b" testListId="8c84fa94-04c1-424b-9868-57a2d4851a1d" />
    <TestEntry testId="e4edc4ba-f57c-2eb9-4648-4171c539c076" executionId="1a7170a4-0b29-44d4-8a70-c9fa0ebdf96b" testListId="8c84fa94-04c1-424b-9868-57a2d4851a1d" />
    <TestEntry testId="0cac221d-ed51-f3c8-84ec-679d8c89002b" executionId="75c5fa4e-ef05-44be-8681-4aec821e9ad8" testListId="8c84fa94-04c1-424b-9868-57a2d4851a1d" />
    <TestEntry testId="359c83fb-88f8-76aa-37d9-f43b5fad5374" executionId="4fc2c6ac-5939-413a-99e5-a66b3494c3a2" testListId="8c84fa94-04c1-424b-9868-57a2d4851a1d" />
    <TestEntry testId="8b4e77d3-dc13-cf4f-dc52-19495c248c0e" executionId="e8101c6b-7d7a-4f72-bb72-c26d44c5a01b" testListId="8c84fa94-04c1-424b-9868-57a2d4851a1d" />
    <TestEntry testId="d9b46d26-d82d-8b9e-c081-db48f531051f" executionId="3db728d0-b057-43ae-b545-2fb032b9a31a" testListId="8c84fa94-04c1-424b-9868-57a2d4851a1d" />
    <TestEntry testId="0c34b5ba-c22c-3277-c877-8b3d199e187a" executionId="6cc8bca0-6492-4ad3-949d-6eb84ab8b85f" testListId="8c84fa94-04c1-424b-9868-57a2d4851a1d" />
    <TestEntry testId="757c0c5a-f86c-3c6b-779c-f31914c2b4e6" executionId="5ab75aa5-d340-4ed6-8043-ee65aa74561c" testListId="8c84fa94-04c1-424b-9868-57a2d4851a1d" />
    <TestEntry testId="b44e6f25-af2f-7059-5b0f-65daca28c9fa" executionId="55a29376-51a3-4a43-8ed7-f695c6c2f3b0" testListId="8c84fa94-04c1-424b-9868-57a2d4851a1d" />
    <TestEntry testId="1fbd79ad-5d68-3921-c601-5e0a4add617a" executionId="ca1fe626-7564-4e9f-be15-a82016dd37b8" testListId="8c84fa94-04c1-424b-9868-57a2d4851a1d" />
    <TestEntry testId="91453cac-20f3-2c1d-e726-061532a282ad" executionId="f28d7572-2531-4a6c-94ee-939406de48ff" testListId="8c84fa94-04c1-424b-9868-57a2d4851a1d" />
    <TestEntry testId="a2e61b70-046d-20d8-dd63-ce278c6ca62f" executionId="225eadb8-946b-4389-a549-66b7717af778" testListId="8c84fa94-04c1-424b-9868-57a2d4851a1d" />
    <TestEntry testId="027c4864-15fe-8184-0d1b-e95491349390" executionId="8f676b9b-c621-4ee6-bc12-a02b7bfbd257" testListId="8c84fa94-04c1-424b-9868-57a2d4851a1d" />
  </TestEntries>
  <TestLists>
    <TestList name="목록에 없는 결과" id="8c84fa94-04c1-424b-9868-57a2d4851a1d" />
    <TestList name="로드된 모든 결과" id="19431567-8539-422a-85d7-44ee4e166bda" />
  </TestLists>
  <ResultSummary outcome="Completed">
    <Counters total="25" executed="25" passed="25" failed="0" error="0" timeout="0" aborted="0" inconclusive="0" passedButRunAborted="0" notRunnable="0" notExecuted="0" disconnected="0" warning="0" completed="0" inProgress="0" pending="0" />
    <Output>
      <StdOut>[xUnit.net 00:00:00.00] xUnit.net VSTest Adapter v3.1.4+50e68bbb8b (64-bit .NET 10.0.12)
[xUnit.net 00:00:00.56]   Discovering: Unfold.Tests
[xUnit.net 00:00:00.86]   Discovered:  Unfold.Tests
[xUnit.net 00:00:01.35]   Starting:    Unfold.Tests
[xUnit.net 00:00:04.73]   Finished:    Unfold.Tests
</StdOut>
    </Output>
  </ResultSummary>
</TestRun>