<?xml version="1.0" encoding="utf-8"?>
<TestRun id="9bca30a6-9bac-4cff-af2d-80293479fafc" name="@hwanghyeonseong-ui-MacBookAir 2026-10-02 18:44:09" xmlns="http://microsoft.com/schemas/VisualStudio/TeamTest/2010">
  <Times creation="2026-10-02T18:44:09.5098100+09:00" queuing="2026-10-02T18:44:09.5098100+09:00" start="2026-10-02T18:44:06.1433480+09:00" finish="2026-10-02T18:44:11.2020610+09:00" />
  <TestSettings name="default" id="1270edbd-8bbe-4e24-8b08-5e8fcfb244a9">
    <Deployment runDeploymentRoot="_hwanghyeonseong-ui-MacBookAir_2026-10-02_18_44_09" />
  </TestSettings>
  <Results>
    <UnitTestResult executionId="3e1e7a61-fcdf-4d21-988e-4eae4039d135" testId="12e6ef0d-4e8f-311b-ef44-f746752c5040" testName="Unfold.Tests.TimerControlTests.HomeSaveAppearsOnlyForChangesAndRejectsInvalidRawInput" computerName="hwanghyeonseong-ui-MacBookAir" duration="00:00:00.0437106" startTime="2026-10-02T18:44:10.5990010+09:00" endTime="2026-10-02T18:44:10.6427430+09:00" testType="13cdc9d9-ddb5-4fa4-a97d-d965ccfc6d4b" outcome="Passed" testListId="8c84fa94-04c1-424b-9868-57a2d4851a1d" relativeResultsDirectory="3e1e7a61-fcdf-4d21-988e-4eae4039d135" />
    <UnitTestResult executionId="c1999ebe-f7cf-4b7c-b92f-1c96ccb87532" testId="9e536c7b-a81b-03d0-8767-5a45b227580b" testName="Unfold.Tests.TimerControlTests.ResetRestoresTheIntervalAndWaitsForExplicitResume" computerName="hwanghyeonseong-ui-MacBookAir" duration="00:00:00.0001862" startTime="2026-10-02T18:44:10.7911390+09:00" endTime="2026-10-02T18:44:10.7913520+09:00" testType="13cdc9d9-ddb5-4fa4-a97d-d965ccfc6d4b" outcome="Passed" testListId="8c84fa94-04c1-424b-9868-57a2d4851a1d" relativeResultsDirectory="c1999ebe-f7cf-4b7c-b92f-1c96ccb87532" />
    <UnitTestResult executionId="9c04bdf6-34f5-48fb-a4a8-e93d0817086c" testId="6f51d2e5-9584-a408-c426-c50e28ab9940" testName="Unfold.Tests.WindowControlTests.WindowButtonsAndDragRegionStayAboveTheExistingPageAtBothWindowSizes" computerName="hwanghyeonseong-ui-MacBookAir" duration="00:00:00.0671894" startTime="2026-10-02T18:44:08.5807010+09:00" endTime="2026-10-02T18:44:08.6479690+09:00" testType="13cdc9d9-ddb5-4fa4-a97d-d965ccfc6d4b" outcome="Passed" testListId="8c84fa94-04c1-424b-9868-57a2d4851a1d" relativeResultsDirectory="9c04bdf6-34f5-48fb-a4a8-e93d0817086c" />
    <UnitTestResult executionId="6ddd7a78-935f-40a6-a8a9-055b83d5376f" testId="e4edc4ba-f57c-2eb9-4648-4171c539c076" testName="Unfold.Tests.SettingsDashboardTests.ResizingPreservesTimerDraftsAndLegacyRoutineData" computerName="hwanghyeonseong-ui-MacBookAir" duration="00:00:00.1317927" startTime="2026-10-02T18:44:09.1214640+09:00" endTime="2026-10-02T18:44:09.2532900+09:00" testType="13cdc9d9-ddb5-4fa4-a97d-d965ccfc6d4b" outcome="Passed" testListId="8c84fa94-04c1-424b-9868-57a2d4851a1d" relativeResultsDirectory="6ddd7a78-935f-40a6-a8a9-055b83d5376f" />
    <UnitTestResult executionId="a3a15da6-eda4-4e57-a433-2b2f65ef64ff" testId="084a3eb4-a73f-d6eb-d788-6a8ba36039fd" testName="Unfold.Tests.TimerControlTests.CenteredPlayerKeepsButtonSurfacesSteadyAndDimsOnlyTheInactiveCountdown" computerName="hwanghyeonseong-ui-MacBookAir" duration="00:00:00.0901195" startTime="2026-10-02T18:44:10.5060370+09:00" endTime="2026-10-02T18:44:10.5961960+09:00" testType="13cdc9d9-ddb5-4fa4-a97d-d965ccfc6d4b" outcome="Passed" testListId="8c84fa94-04c1-424b-9868-57a2d4851a1d" relativeResultsDirectory="a3a15da6-eda4-4e57-a433-2b2f65ef64ff" />
    <UnitTestResult executionId="7f4b5dbe-f17d-4531-b872-20f84d0e2826" testId="91453cac-20f3-2c1d-e726-061532a282ad" testName="Unfold.Tests.SettingsDashboardTests.DashboardKeepsThePetAndTimerVisibleWhileOnlyDetailsScroll" computerName="hwanghyeonseong-ui-MacBookAir" duration="00:00:00.0474686" startTime="2026-10-02T18:44:09.9541810+09:00" endTime="2026-10-02T18:44:10.0016900+09:00" testType="13cdc9d9-ddb5-4fa4-a97d-d965ccfc6d4b" outcome="Passed" testListId="8c84fa94-04c1-424b-9868-57a2d4851a1d" relativeResultsDirectory="7f4b5dbe-f17d-4531-b872-20f84d0e2826" />
    <UnitTestResult executionId="2a256f32-f316-4a32-85eb-91046f59a0cb" testId="8b4e77d3-dc13-cf4f-dc52-19495c248c0e" testName="Unfold.Tests.SettingsDashboardTests.HomeSeparatesAllSixTimerStateTitlesWithoutHelperCopy" computerName="hwanghyeonseong-ui-MacBookAir" duration="00:00:00.0686948" startTime="2026-10-02T18:44:09.0501750+09:00" endTime="2026-10-02T18:44:09.1189090+09:00" testType="13cdc9d9-ddb5-4fa4-a97d-d965ccfc6d4b" outcome="Passed" testListId="8c84fa94-04c1-424b-9868-57a2d4851a1d" relativeResultsDirectory="2a256f32-f316-4a32-85eb-91046f59a0cb" />
    <UnitTestResult executionId="ba55d7a8-279f-4d50-91be-faf003f1754d" testId="21628371-5b16-5ca7-ef84-3d60be0b1744" testName="Unfold.Tests.SettingsDashboardTests.DebugPreviewButtonsAreOptInAndDoNotChangeLiveState" computerName="hwanghyeonseong-ui-MacBookAir" duration="00:00:00.1076987" startTime="2026-10-02T18:44:09.8441170+09:00" endTime="2026-10-02T18:44:09.9518530+09:00" testType="13cdc9d9-ddb5-4fa4-a97d-d965ccfc6d4b" outcome="Passed" testListId="8c84fa94-04c1-424b-9868-57a2d4851a1d" relativeResultsDirectory="ba55d7a8-279f-4d50-91be-faf003f1754d" />
    <UnitTestResult executionId="f7f6f441-639f-4e7c-9e42-bf89acb5d9e5" testId="0cac221d-ed51-f3c8-84ec-679d8c89002b" testName="Unfold.Tests.SettingsDashboardTests.SpeechPreferencesApplyWhileWorkingWithoutResettingTheTimer" computerName="hwanghyeonseong-ui-MacBookAir" duration="00:00:00.1772912" startTime="2026-10-02T18:44:08.8700270+09:00" endTime="2026-10-02T18:44:09.0473670+09:00" testType="13cdc9d9-ddb5-4fa4-a97d-d965ccfc6d4b" outcome="Passed" testListId="8c84fa94-04c1-424b-9868-57a2d4851a1d" relativeResultsDirectory="f7f6f441-639f-4e7c-9e42-bf89acb5d9e5" />
    <UnitTestResult executionId="0c6ecc9e-adcf-455d-9970-243c6723e27d" testId="3a2af169-e713-8536-c332-39844e2d8081" testName="Unfold.Tests.TimerControlTests.RuntimeRejectsIntervalChangesWhileRunningAndAllowsThemWhilePaused" computerName="hwanghyeonseong-ui-MacBookAir" duration="00:00:00.0495794" startTime="2026-10-02T18:44:10.3287550+09:00" endTime="2026-10-02T18:44:10.3783710+09:00" testType="13cdc9d9-ddb5-4fa4-a97d-d965ccfc6d4b" outcome="Passed" testListId="8c84fa94-04c1-424b-9868-57a2d4851a1d" relativeResultsDirectory="0c6ecc9e-adcf-455d-9970-243c6723e27d" />
    <UnitTestResult executionId="22f1c625-af32-4383-bfcf-93ea6425696e" testId="619c159c-b18a-3e2d-05bd-7f1596a7d15d" testName="Unfold.Tests.SettingsDashboardTests.PetScaleSitsAboveThePickerAndPersistsWithoutLegendLabels" computerName="hwanghyeonseong-ui-MacBookAir" duration="00:00:00.1100452" startTime="2026-10-02T18:44:08.7083280+09:00" endTime="2026-10-02T18:44:08.8184210+09:00" testType="13cdc9d9-ddb5-4fa4-a97d-d965ccfc6d4b" outcome="Passed" testListId="8c84fa94-04c1-424b-9868-57a2d4851a1d" relativeResultsDirectory="22f1c625-af32-4383-bfcf-93ea6425696e" />
    <UnitTestResult executionId="90477b64-7342-4905-978e-891eed6b5940" testId="7c8910e8-a17f-17d0-7da0-44443ff7573a" testName="Unfold.Tests.TimerControlTests.StoppedTimerStillAllowsCancellingAnActiveBreak" computerName="hwanghyeonseong-ui-MacBookAir" duration="00:00:00.0517342" startTime="2026-10-02T18:44:10.7936520+09:00" endTime="2026-10-02T18:44:10.8454190+09:00" testType="13cdc9d9-ddb5-4fa4-a97d-d965ccfc6d4b" outcome="Passed" testListId="8c84fa94-04c1-424b-9868-57a2d4851a1d" relativeResultsDirectory="90477b64-7342-4905-978e-891eed6b5940" />
    <UnitTestResult executionId="39079427-2b2a-49a5-87ff-13f4eb9626a5" testId="027c4864-15fe-8184-0d1b-e95491349390" testName="Unfold.Tests.SettingsDashboardTests.SingleColumnTabContentIsCenteredAndStillFitsAtMinimumWidth" computerName="hwanghyeonseong-ui-MacBookAir" duration="00:00:00.2516855" startTime="2026-10-02T18:44:09.5897080+09:00" endTime="2026-10-02T18:44:09.8414340+09:00" testType="13cdc9d9-ddb5-4fa4-a97d-d965ccfc6d4b" outcome="Passed" testListId="8c84fa94-04c1-424b-9868-57a2d4851a1d" relativeResultsDirectory="39079427-2b2a-49a5-87ff-13f4eb9626a5" />
    <UnitTestResult executionId="6dbc1929-a24f-4ca4-94a3-3af2022c0bda" testId="cc20e5fd-76f4-d75b-816c-2a87f2bb839a" testName="Unfold.Tests.WindowControlTests.WindowButtonsMinimizeMaximizeRestoreAndCloseWithoutStoppingTheTimer" computerName="hwanghyeonseong-ui-MacBookAir" duration="00:00:00.0497448" startTime="2026-10-02T18:44:08.6543690+09:00" endTime="2026-10-02T18:44:08.7041590+09:00" testType="13cdc9d9-ddb5-4fa4-a97d-d965ccfc6d4b" outcome="Passed" testListId="8c84fa94-04c1-424b-9868-57a2d4851a1d" relativeResultsDirectory="6dbc1929-a24f-4ca4-94a3-3af2022c0bda" />
    <UnitTestResult executionId="ddd59529-50c7-4814-902a-a81b91e39ae2" testId="0c34b5ba-c22c-3277-c877-8b3d199e187a" testName="Unfold.Tests.ResponsiveLayoutTests.AllTabsFitSmallWindowsAndResizingPreservesPreferencesAndPetDrafts" computerName="hwanghyeonseong-ui-MacBookAir" duration="00:00:00.2156447" startTime="2026-10-02T18:44:10.9444400+09:00" endTime="2026-10-02T18:44:11.1601240+09:00" testType="13cdc9d9-ddb5-4fa4-a97d-d965ccfc6d4b" outcome="Passed" testListId="8c84fa94-04c1-424b-9868-57a2d4851a1d" relativeResultsDirectory="ddd59529-50c7-4814-902a-a81b91e39ae2" />
    <UnitTestResult executionId="9aab07ed-33cd-4a62-bac3-c1524f8e1292" testId="951202a6-7324-ad2b-74e9-a390cc291126" testName="Unfold.Tests.TimerControlTests.HomeAndSettingsApplyPersistTheirOwnTimeValues" computerName="hwanghyeonseong-ui-MacBookAir" duration="00:00:00.1223055" startTime="2026-10-02T18:44:10.3809400+09:00" endTime="2026-10-02T18:44:10.5032850+09:00" testType="13cdc9d9-ddb5-4fa4-a97d-d965ccfc6d4b" outcome="Passed" testListId="8c84fa94-04c1-424b-9868-57a2d4851a1d" relativeResultsDirectory="9aab07ed-33cd-4a62-bac3-c1524f8e1292" />
    <UnitTestResult executionId="e00a7e9f-23e9-4fe4-9ceb-0cef9a946f51" testId="d9b46d26-d82d-8b9e-c081-db48f531051f" testName="Unfold.Tests.SettingsDashboardTests.SidebarUsesInWindowTabsAndReturnsFocusToTheTimer" computerName="hwanghyeonseong-ui-MacBookAir" duration="00:00:00.1285940" startTime="2026-10-02T18:44:10.1254480+09:00" endTime="2026-10-02T18:44:10.2540820+09:00" testType="13cdc9d9-ddb5-4fa4-a97d-d965ccfc6d4b" outcome="Passed" testListId="8c84fa94-04c1-424b-9868-57a2d4851a1d" relativeResultsDirectory="e00a7e9f-23e9-4fe4-9ceb-0cef9a946f51" />
    <UnitTestResult executionId="9494a160-7435-43fc-ba1d-1333b5ce2081" testId="a3f638f9-27a4-1712-721b-822dafb3d4d8" testName="Unfold.Tests.SettingsDashboardTests.LongPetNameAndSaveFailureKeepHomeActionsInsideTheirCards" computerName="hwanghyeonseong-ui-MacBookAir" duration="00:00:00.0598597" startTime="2026-10-02T18:44:09.2557960+09:00" endTime="2026-10-02T18:44:09.3156950+09:00" testType="13cdc9d9-ddb5-4fa4-a97d-d965ccfc6d4b" outcome="Passed" testListId="8c84fa94-04c1-424b-9868-57a2d4851a1d" relativeResultsDirectory="9494a160-7435-43fc-ba1d-1333b5ce2081" />
    <UnitTestResult executionId="48735997-4df2-40db-bdde-fba8451f8e0a" testId="01ee9b61-b23d-9b4e-0889-7262325dd123" testName="Unfold.Tests.TimerControlTests.TypedIntervalWaitsForApplyAndKeepsTheNewValuePaused" computerName="hwanghyeonseong-ui-MacBookAir" duration="00:00:00.0898791" startTime="2026-10-02T18:44:10.7001850+09:00" endTime="2026-10-02T18:44:10.7901050+09:00" testType="13cdc9d9-ddb5-4fa4-a97d-d965ccfc6d4b" outcome="Passed" testListId="8c84fa94-04c1-424b-9868-57a2d4851a1d" relativeResultsDirectory="48735997-4df2-40db-bdde-fba8451f8e0a" />
    <UnitTestResult executionId="5db10a25-984e-4600-b11e-fb85296137af" testId="00b18a7f-fdfc-56af-71fa-d0f4e7f473d0" testName="Unfold.Tests.TimerControlTests.RunningTimerLocksIntervalAndPausedTimerAppliesOneMinuteStepsExplicitly" computerName="hwanghyeonseong-ui-MacBookAir" duration="00:00:00.0510466" startTime="2026-10-02T18:44:10.6448400+09:00" endTime="2026-10-02T18:44:10.6959270+09:00" testType="13cdc9d9-ddb5-4fa4-a97d-d965ccfc6d4b" outcome="Passed" testListId="8c84fa94-04c1-424b-9868-57a2d4851a1d" relativeResultsDirectory="5db10a25-984e-4600-b11e-fb85296137af" />
    <UnitTestResult executionId="6398c3b6-bc8f-4e7c-b27c-464be5bbee58" testId="88eee16b-7c1d-182a-494a-ee157da8eddc" testName="Unfold.Tests.SettingsDashboardTests.PetPagePreservesDraftAcrossTabsAndSidebarNavigation" computerName="hwanghyeonseong-ui-MacBookAir" duration="00:00:00.2664760" startTime="2026-10-02T18:44:09.3205410+09:00" endTime="2026-10-02T18:44:09.5870620+09:00" testType="13cdc9d9-ddb5-4fa4-a97d-d965ccfc6d4b" outcome="Passed" testListId="8c84fa94-04c1-424b-9868-57a2d4851a1d" relativeResultsDirectory="6398c3b6-bc8f-4e7c-b27c-464be5bbee58" />
    <UnitTestResult executionId="2349c70c-ea30-49b1-9d0d-1a8a3a05637f" testId="9267060e-fa60-ec85-7b01-8974887812f9" testName="Unfold.Tests.ResponsiveLayoutTests.CompactDashboardScrollsToEveryCardAndPreservesEditedControls" computerName="hwanghyeonseong-ui-MacBookAir" duration="00:00:00.0940681" startTime="2026-10-02T18:44:10.8477670+09:00" endTime="2026-10-02T18:44:10.9418790+09:00" testType="13cdc9d9-ddb5-4fa4-a97d-d965ccfc6d4b" outcome="Passed" testListId="8c84fa94-04c1-424b-9868-57a2d4851a1d" relativeResultsDirectory="2349c70c-ea30-49b1-9d0d-1a8a3a05637f" />
    <UnitTestResult executionId="0d5bf093-bf37-4a1d-a91a-4ee4f57ec859" testId="359c83fb-88f8-76aa-37d9-f43b5fad5374" testName="Unfold.Tests.SettingsDashboardTests.HomeTimingApplyStaysAtTheCardTopRight" computerName="hwanghyeonseong-ui-MacBookAir" duration="00:00:00.0455969" startTime="2026-10-02T18:44:08.8216840+09:00" endTime="2026-10-02T18:44:08.8673280+09:00" testType="13cdc9d9-ddb5-4fa4-a97d-d965ccfc6d4b" outcome="Passed" testListId="8c84fa94-04c1-424b-9868-57a2d4851a1d" relativeResultsDirectory="0d5bf093-bf37-4a1d-a91a-4ee4f57ec859" />
    <UnitTestResult executionId="bfbe3a77-4c3c-4d86-a1e5-b35f19646fd0" testId="7b09609b-3ad0-e9ad-f18d-4a37165d4051" testName="Unfold.Tests.TimerControlTests.IconButtonsControlTheClockHaveLabelsAndFitAtMinimumSize" computerName="hwanghyeonseong-ui-MacBookAir" duration="00:00:00.0697833" startTime="2026-10-02T18:44:10.2566840+09:00" endTime="2026-10-02T18:44:10.3265080+09:00" testType="13cdc9d9-ddb5-4fa4-a97d-d965ccfc6d4b" outcome="Passed" testListId="8c84fa94-04c1-424b-9868-57a2d4851a1d" relativeResultsDirectory="bfbe3a77-4c3c-4d86-a1e5-b35f19646fd0" />
    <UnitTestResult executionId="bef4bf67-893b-451e-84ba-5768ffab1918" testId="94881387-6a93-1baf-6c8a-8401766206eb" testName="Unfold.Tests.TimerControlTests.StopPauseAndResetHaveDistinctResumeBehavior" computerName="hwanghyeonseong-ui-MacBookAir" duration="00:00:00.0002469" startTime="2026-10-02T18:44:10.6978980+09:00" endTime="2026-10-02T18:44:10.6981920+09:00" testType="13cdc9d9-ddb5-4fa4-a97d-d965ccfc6d4b" outcome="Passed" testListId="8c84fa94-04c1-424b-9868-57a2d4851a1d" relativeResultsDirectory="bef4bf67-893b-451e-84ba-5768ffab1918" />
    <UnitTestResult executionId="bc03c327-090d-41ab-bc0c-cd2a333b52e0" testId="5224b850-7d3d-79ce-e9ad-10e0540ef7d6" testName="Unfold.Tests.SettingsDashboardTests.PreferencesActionsStayBelowTheScrollableBodyAtBothWindowSizes" computerName="hwanghyeonseong-ui-MacBookAir" duration="00:00:00.1040243" startTime="2026-10-02T18:44:10.0187500+09:00" endTime="2026-10-02T18:44:10.1228310+09:00" testType="13cdc9d9-ddb5-4fa4-a97d-d965ccfc6d4b" outcome="Passed" testListId="8c84fa94-04c1-424b-9868-57a2d4851a1d" relativeResultsDirectory="bc03c327-090d-41ab-bc0c-cd2a333b52e0" />
    <UnitTestResult executionId="f49d75b7-841e-4717-80a9-b52ec4aed43d" testId="aa1574a4-855c-addd-9384-ae1ea06676d7" testName="Unfold.Tests.WindowControlTests.MacHeaderDragMovesTheWindowAndStopsOnReleaseAndCaptureLoss" computerName="hwanghyeonseong-ui-MacBookAir" duration="00:00:00.5642716" startTime="2026-10-02T18:44:08.0036050+09:00" endTime="2026-10-02T18:44:08.5720640+09:00" testType="13cdc9d9-ddb5-4fa4-a97d-d965ccfc6d4b" outcome="Passed" testListId="8c84fa94-04c1-424b-9868-57a2d4851a1d" relativeResultsDirectory="f49d75b7-841e-4717-80a9-b52ec4aed43d" />
  </Results>
  <TestDefinitions>
    <UnitTest name="Unfold.Tests.SettingsDashboardTests.SidebarUsesInWindowTabsAndReturnsFocusToTheTimer" storage="/users/hwanghyeonseong/.codex/worktrees/6bca/unfold/tests/unfold.tests/bin/release/net10.0/unfold.tests.dll" id="d9b46d26-d82d-8b9e-c081-db48f531051f">
      <Execution id="e00a7e9f-23e9-4fe4-9ceb-0cef9a946f51" />
      <TestMethod codeBase="/Users/hwanghyeonseong/.codex/worktrees/6bca/Unfold/Tests/Unfold.Tests/bin/Release/net10.0/Unfold.Tests.dll" adapterTypeName="executor://xunit/VsTestRunner3/netcore/" className="Unfold.Tests.SettingsDashboardTests" name="SidebarUsesInWindowTabsAndReturnsFocusToTheTimer" />
    </UnitTest>
    <UnitTest name="Unfold.Tests.SettingsDashboardTests.DashboardKeepsThePetAndTimerVisibleWhileOnlyDetailsScroll" storage="/users/hwanghyeonseong/.codex/worktrees/6bca/unfold/tests/unfold.tests/bin/release/net10.0/unfold.tests.dll" id="91453cac-20f3-2c1d-e726-061532a282ad">
      <Execution id="7f4b5dbe-f17d-4531-b872-20f84d0e2826" />
      <TestMethod codeBase="/Users/hwanghyeonseong/.codex/worktrees/6bca/Unfold/Tests/Unfold.Tests/bin/Release/net10.0/Unfold.Tests.dll" adapterTypeName="executor://xunit/VsTestRunner3/netcore/" className="Unfold.Tests.SettingsDashboardTests" name="DashboardKeepsThePetAndTimerVisibleWhileOnlyDetailsScroll" />
    </UnitTest>
    <UnitTest name="Unfold.Tests.TimerControlTests.StopPauseAndResetHaveDistinctResumeBehavior" storage="/users/hwanghyeonseong/.codex/worktrees/6bca/unfold/tests/unfold.tests/bin/release/net10.0/unfold.tests.dll" id="94881387-6a93-1baf-6c8a-8401766206eb">
      <Execution id="bef4bf67-893b-451e-84ba-5768ffab1918" />
      <TestMethod codeBase="/Users/hwanghyeonseong/.codex/worktrees/6bca/Unfold/Tests/Unfold.Tests/bin/Release/net10.0/Unfold.Tests.dll" adapterTypeName="executor://xunit/VsTestRunner3/netcore/" className="Unfold.Tests.TimerControlTests" name="StopPauseAndResetHaveDistinctResumeBehavior" />
    </UnitTest>
    <UnitTest name="Unfold.Tests.SettingsDashboardTests.SpeechPreferencesApplyWhileWorkingWithoutResettingTheTimer" storage="/users/hwanghyeonseong/.codex/worktrees/6bca/unfold/tests/unfold.tests/bin/release/net10.0/unfold.tests.dll" id="0cac221d-ed51-f3c8-84ec-679d8c89002b">
      <Execution id="f7f6f441-639f-4e7c-9e42-bf89acb5d9e5" />
      <TestMethod codeBase="/Users/hwanghyeonseong/.codex/worktrees/6bca/Unfold/Tests/Unfold.Tests/bin/Release/net10.0/Unfold.Tests.dll" adapterTypeName="executor://xunit/VsTestRunner3/netcore/" className="Unfold.Tests.SettingsDashboardTests" name="SpeechPreferencesApplyWhileWorkingWithoutResettingTheTimer" />
    </UnitTest>
    <UnitTest name="Unfold.Tests.TimerControlTests.HomeAndSettingsApplyPersistTheirOwnTimeValues" storage="/users/hwanghyeonseong/.codex/worktrees/6bca/unfold/tests/unfold.tests/bin/release/net10.0/unfold.tests.dll" id="951202a6-7324-ad2b-74e9-a390cc291126">
      <Execution id="9aab07ed-33cd-4a62-bac3-c1524f8e1292" />
      <TestMethod codeBase="/Users/hwanghyeonseong/.codex/worktrees/6bca/Unfold/Tests/Unfold.Tests/bin/Release/net10.0/Unfold.Tests.dll" adapterTypeName="executor://xunit/VsTestRunner3/netcore/" className="Unfold.Tests.TimerControlTests" name="HomeAndSettingsApplyPersistTheirOwnTimeValues" />
    </UnitTest>
    <UnitTest name="Unfold.Tests.SettingsDashboardTests.HomeTimingApplyStaysAtTheCardTopRight" storage="/users/hwanghyeonseong/.codex/worktrees/6bca/unfold/tests/unfold.tests/bin/release/net10.0/unfold.tests.dll" id="359c83fb-88f8-76aa-37d9-f43b5fad5374">
      <Execution id="0d5bf093-bf37-4a1d-a91a-4ee4f57ec859" />
      <TestMethod codeBase="/Users/hwanghyeonseong/.codex/worktrees/6bca/Unfold/Tests/Unfold.Tests/bin/Release/net10.0/Unfold.Tests.dll" adapterTypeName="executor://xunit/VsTestRunner3/netcore/" className="Unfold.Tests.SettingsDashboardTests" name="HomeTimingApplyStaysAtTheCardTopRight" />
    </UnitTest>
    <UnitTest name="Unfold.Tests.SettingsDashboardTests.PetScaleSitsAboveThePickerAndPersistsWithoutLegendLabels" storage="/users/hwanghyeonseong/.codex/worktrees/6bca/unfold/tests/unfold.tests/bin/release/net10.0/unfold.tests.dll" id="619c159c-b18a-3e2d-05bd-7f1596a7d15d">
      <Execution id="22f1c625-af32-4383-bfcf-93ea6425696e" />
      <TestMethod codeBase="/Users/hwanghyeonseong/.codex/worktrees/6bca/Unfold/Tests/Unfold.Tests/bin/Release/net10.0/Unfold.Tests.dll" adapterTypeName="executor://xunit/VsTestRunner3/netcore/" className="Unfold.Tests.SettingsDashboardTests" name="PetScaleSitsAboveThePickerAndPersistsWithoutLegendLabels" />
    </UnitTest>
    <UnitTest name="Unfold.Tests.TimerControlTests.RuntimeRejectsIntervalChangesWhileRunningAndAllowsThemWhilePaused" storage="/users/hwanghyeonseong/.codex/worktrees/6bca/unfold/tests/unfold.tests/bin/release/net10.0/unfold.tests.dll" id="3a2af169-e713-8536-c332-39844e2d8081">
      <Execution id="0c6ecc9e-adcf-455d-9970-243c6723e27d" />
      <TestMethod codeBase="/Users/hwanghyeonseong/.codex/worktrees/6bca/Unfold/Tests/Unfold.Tests/bin/Release/net10.0/Unfold.Tests.dll" adapterTypeName="executor://xunit/VsTestRunner3/netcore/" className="Unfold.Tests.TimerControlTests" name="RuntimeRejectsIntervalChangesWhileRunningAndAllowsThemWhilePaused" />
    </UnitTest>
    <UnitTest name="Unfold.Tests.TimerControlTests.RunningTimerLocksIntervalAndPausedTimerAppliesOneMinuteStepsExplicitly" storage="/users/hwanghyeonseong/.codex/worktrees/6bca/unfold/tests/unfold.tests/bin/release/net10.0/unfold.tests.dll" id="00b18a7f-fdfc-56af-71fa-d0f4e7f473d0">
      <Execution id="5db10a25-984e-4600-b11e-fb85296137af" />
      <TestMethod codeBase="/Users/hwanghyeonseong/.codex/worktrees/6bca/Unfold/Tests/Unfold.Tests/bin/Release/net10.0/Unfold.Tests.dll" adapterTypeName="executor://xunit/VsTestRunner3/netcore/" className="Unfold.Tests.TimerControlTests" name="RunningTimerLocksIntervalAndPausedTimerAppliesOneMinuteStepsExplicitly" />
    </UnitTest>
    <UnitTest name="Unfold.Tests.WindowControlTests.WindowButtonsAndDragRegionStayAboveTheExistingPageAtBothWindowSizes" storage="/users/hwanghyeonseong/.codex/worktrees/6bca/unfold/tests/unfold.tests/bin/release/net10.0/unfold.tests.dll" id="6f51d2e5-9584-a408-c426-c50e28ab9940">
      <Execution id="9c04bdf6-34f5-48fb-a4a8-e93d0817086c" />
      <TestMethod codeBase="/Users/hwanghyeonseong/.codex/worktrees/6bca/Unfold/Tests/Unfold.Tests/bin/Release/net10.0/Unfold.Tests.dll" adapterTypeName="executor://xunit/VsTestRunner3/netcore/" className="Unfold.Tests.WindowControlTests" name="WindowButtonsAndDragRegionStayAboveTheExistingPageAtBothWindowSizes" />
    </UnitTest>
    <UnitTest name="Unfold.Tests.TimerControlTests.IconButtonsControlTheClockHaveLabelsAndFitAtMinimumSize" storage="/users/hwanghyeonseong/.codex/worktrees/6bca/unfold/tests/unfold.tests/bin/release/net10.0/unfold.tests.dll" id="7b09609b-3ad0-e9ad-f18d-4a37165d4051">
      <Execution id="bfbe3a77-4c3c-4d86-a1e5-b35f19646fd0" />
      <TestMethod codeBase="/Users/hwanghyeonseong/.codex/worktrees/6bca/Unfold/Tests/Unfold.Tests/bin/Release/net10.0/Unfold.Tests.dll" adapterTypeName="executor://xunit/VsTestRunner3/netcore/" className="Unfold.Tests.TimerControlTests" name="IconButtonsControlTheClockHaveLabelsAndFitAtMinimumSize" />
    </UnitTest>
    <UnitTest name="Unfold.Tests.TimerControlTests.HomeSaveAppearsOnlyForChangesAndRejectsInvalidRawInput" storage="/users/hwanghyeonseong/.codex/worktrees/6bca/unfold/tests/unfold.tests/bin/release/net10.0/unfold.tests.dll" id="12e6ef0d-4e8f-311b-ef44-f746752c5040">
      <Execution id="3e1e7a61-fcdf-4d21-988e-4eae4039d135" />
      <TestMethod codeBase="/Users/hwanghyeonseong/.codex/worktrees/6bca/Unfold/Tests/Unfold.Tests/bin/Release/net10.0/Unfold.Tests.dll" adapterTypeName="executor://xunit/VsTestRunner3/netcore/" className="Unfold.Tests.TimerControlTests" name="HomeSaveAppearsOnlyForChangesAndRejectsInvalidRawInput" />
    </UnitTest>
    <UnitTest name="Unfold.Tests.TimerControlTests.CenteredPlayerKeepsButtonSurfacesSteadyAndDimsOnlyTheInactiveCountdown" storage="/users/hwanghyeonseong/.codex/worktrees/6bca/unfold/tests/unfold.tests/bin/release/net10.0/unfold.tests.dll" id="084a3eb4-a73f-d6eb-d788-6a8ba36039fd">
      <Execution id="a3a15da6-eda4-4e57-a433-2b2f65ef64ff" />
      <TestMethod codeBase="/Users/hwanghyeonseong/.codex/worktrees/6bca/Unfold/Tests/Unfold.Tests/bin/Release/net10.0/Unfold.Tests.dll" adapterTypeName="executor://xunit/VsTestRunner3/netcore/" className="Unfold.Tests.TimerControlTests" name="CenteredPlayerKeepsButtonSurfacesSteadyAndDimsOnlyTheInactiveCountdown" />
    </UnitTest>
    <UnitTest name="Unfold.Tests.ResponsiveLayoutTests.AllTabsFitSmallWindowsAndResizingPreservesPreferencesAndPetDrafts" storage="/users/hwanghyeonseong/.codex/worktrees/6bca/unfold/tests/unfold.tests/bin/release/net10.0/unfold.tests.dll" id="0c34b5ba-c22c-3277-c877-8b3d199e187a">
      <Execution id="ddd59529-50c7-4814-902a-a81b91e39ae2" />
      <TestMethod codeBase="/Users/hwanghyeonseong/.codex/worktrees/6bca/Unfold/Tests/Unfold.Tests/bin/Release/net10.0/Unfold.Tests.dll" adapterTypeName="executor://xunit/VsTestRunner3/netcore/" className="Unfold.Tests.ResponsiveLayoutTests" name="AllTabsFitSmallWindowsAndResizingPreservesPreferencesAndPetDrafts" />
    </UnitTest>
    <UnitTest name="Unfold.Tests.TimerControlTests.ResetRestoresTheIntervalAndWaitsForExplicitResume" storage="/users/hwanghyeonseong/.codex/worktrees/6bca/unfold/tests/unfold.tests/bin/release/net10.0/unfold.tests.dll" id="9e536c7b-a81b-03d0-8767-5a45b227580b">
      <Execution id="c1999ebe-f7cf-4b7c-b92f-1c96ccb87532" />
      <TestMethod codeBase="/Users/hwanghyeonseong/.codex/worktrees/6bca/Unfold/Tests/Unfold.Tests/bin/Release/net10.0/Unfold.Tests.dll" adapterTypeName="executor://xunit/VsTestRunner3/netcore/" className="Unfold.Tests.TimerControlTests" name="ResetRestoresTheIntervalAndWaitsForExplicitResume" />
    </UnitTest>
    <UnitTest name="Unfold.Tests.TimerControlTests.StoppedTimerStillAllowsCancellingAnActiveBreak" storage="/users/hwanghyeonseong/.codex/worktrees/6bca/unfold/tests/unfold.tests/bin/release/net10.0/unfold.tests.dll" id="7c8910e8-a17f-17d0-7da0-44443ff7573a">
      <Execution id="90477b64-7342-4905-978e-891eed6b5940" />
      <TestMethod codeBase="/Users/hwanghyeonseong/.codex/worktrees/6bca/Unfold/Tests/Unfold.Tests/bin/Release/net10.0/Unfold.Tests.dll" adapterTypeName="executor://xunit/VsTestRunner3/netcore/" className="Unfold.Tests.TimerControlTests" name="StoppedTimerStillAllowsCancellingAnActiveBreak" />
    </UnitTest>
    <UnitTest name="Unfold.Tests.SettingsDashboardTests.PetPagePreservesDraftAcrossTabsAndSidebarNavigation" storage="/users/hwanghyeonseong/.codex/worktrees/6bca/unfold/tests/unfold.tests/bin/release/net10.0/unfold.tests.dll" id="88eee16b-7c1d-182a-494a-ee157da8eddc">
      <Execution id="6398c3b6-bc8f-4e7c-b27c-464be5bbee58" />
      <TestMethod codeBase="/Users/hwanghyeonseong/.codex/worktrees/6bca/Unfold/Tests/Unfold.Tests/bin/Release/net10.0/Unfold.Tests.dll" adapterTypeName="executor://xunit/VsTestRunner3/netcore/" className="Unfold.Tests.SettingsDashboardTests" name="PetPagePreservesDraftAcrossTabsAndSidebarNavigation" />
    </UnitTest>
    <UnitTest name="Unfold.Tests.SettingsDashboardTests.ResizingPreservesTimerDraftsAndLegacyRoutineData" storage="/users/hwanghyeonseong/.codex/worktrees/6bca/unfold/tests/unfold.tests/bin/release/net10.0/unfold.tests.dll" id="e4edc4ba-f57c-2eb9-4648-4171c539c076">
      <Execution id="6ddd7a78-935f-40a6-a8a9-055b83d5376f" />
      <TestMethod codeBase="/Users/hwanghyeonseong/.codex/worktrees/6bca/Unfold/Tests/Unfold.Tests/bin/Release/net10.0/Unfold.Tests.dll" adapterTypeName="executor://xunit/VsTestRunner3/netcore/" className="Unfold.Tests.SettingsDashboardTests" name="ResizingPreservesTimerDraftsAndLegacyRoutineData" />
    </UnitTest>
    <UnitTest name="Unfold.Tests.SettingsDashboardTests.PreferencesActionsStayBelowTheScrollableBodyAtBothWindowSizes" storage="/users/hwanghyeonseong/.codex/worktrees/6bca/unfold/tests/unfold.tests/bin/release/net10.0/unfold.tests.dll" id="5224b850-7d3d-79ce-e9ad-10e0540ef7d6">
      <Execution id="bc03c327-090d-41ab-bc0c-cd2a333b52e0" />
      <TestMethod codeBase="/Users/hwanghyeonseong/.codex/worktrees/6bca/Unfold/Tests/Unfold.Tests/bin/Release/net10.0/Unfold.Tests.dll" adapterTypeName="executor://xunit/VsTestRunner3/netcore/" className="Unfold.Tests.SettingsDashboardTests" name="PreferencesActionsStayBelowTheScrollableBodyAtBothWindowSizes" />
    </UnitTest>
    <UnitTest name="Unfold.Tests.WindowControlTests.WindowButtonsMinimizeMaximizeRestoreAndCloseWithoutStoppingTheTimer" storage="/users/hwanghyeonseong/.codex/worktrees/6bca/unfold/tests/unfold.tests/bin/release/net10.0/unfold.tests.dll" id="cc20e5fd-76f4-d75b-816c-2a87f2bb839a">
      <Execution id="6dbc1929-a24f-4ca4-94a3-3af2022c0bda" />
      <TestMethod codeBase="/Users/hwanghyeonseong/.codex/worktrees/6bca/Unfold/Tests/Unfold.Tests/bin/Release/net10.0/Unfold.Tests.dll" adapterTypeName="executor://xunit/VsTestRunner3/netcore/" className="Unfold.Tests.WindowControlTests" name="WindowButtonsMinimizeMaximizeRestoreAndCloseWithoutStoppingTheTimer" />
    </UnitTest>
    <UnitTest name="Unfold.Tests.SettingsDashboardTests.LongPetNameAndSaveFailureKeepHomeActionsInsideTheirCards" storage="/users/hwanghyeonseong/.codex/worktrees/6bca/unfold/tests/unfold.tests/bin/release/net10.0/unfold.tests.dll" id="a3f638f9-27a4-1712-721b-822dafb3d4d8">
      <Execution id="9494a160-7435-43fc-ba1d-1333b5ce2081" />
      <TestMethod codeBase="/Users/hwanghyeonseong/.codex/worktrees/6bca/Unfold/Tests/Unfold.Tests/bin/Release/net10.0/Unfold.Tests.dll" adapterTypeName="executor://xunit/VsTestRunner3/netcore/" className="Unfold.Tests.SettingsDashboardTests" name="LongPetNameAndSaveFailureKeepHomeActionsInsideTheirCards" />
    </UnitTest>
    <UnitTest name="Unfold.Tests.ResponsiveLayoutTests.CompactDashboardScrollsToEveryCardAndPreservesEditedControls" storage="/users/hwanghyeonseong/.codex/worktrees/6bca/unfold/tests/unfold.tests/bin/release/net10.0/unfold.tests.dll" id="9267060e-fa60-ec85-7b01-8974887812f9">
      <Execution id="2349c70c-ea30-49b1-9d0d-1a8a3a05637f" />
      <TestMethod codeBase="/Users/hwanghyeonseong/.codex/worktrees/6bca/Unfold/Tests/Unfold.Tests/bin/Release/net10.0/Unfold.Tests.dll" adapterTypeName="executor://xunit/VsTestRunner3/netcore/" className="Unfold.Tests.ResponsiveLayoutTests" name="CompactDashboardScrollsToEveryCardAndPreservesEditedControls" />
    </UnitTest>
    <UnitTest name="Unfold.Tests.SettingsDashboardTests.HomeSeparatesAllSixTimerStateTitlesWithoutHelperCopy" storage="/users/hwanghyeonseong/.codex/worktrees/6bca/unfold/tests/unfold.tests/bin/release/net10.0/unfold.tests.dll" id="8b4e77d3-dc13-cf4f-dc52-19495c248c0e">
      <Execution id="2a256f32-f316-4a32-85eb-91046f59a0cb" />
      <TestMethod codeBase="/Users/hwanghyeonseong/.codex/worktrees/6bca/Unfold/Tests/Unfold.Tests/bin/Release/net10.0/Unfold.Tests.dll" adapterTypeName="executor://xunit/VsTestRunner3/netcore/" className="Unfold.Tests.SettingsDashboardTests" name="HomeSeparatesAllSixTimerStateTitlesWithoutHelperCopy" />
    </UnitTest>
    <UnitTest name="Unfold.Tests.SettingsDashboardTests.DebugPreviewButtonsAreOptInAndDoNotChangeLiveState" storage="/users/hwanghyeonseong/.codex/worktrees/6bca/unfold/tests/unfold.tests/bin/release/net10.0/unfold.tests.dll" id="21628371-5b16-5ca7-ef84-3d60be0b1744">
      <Execution id="ba55d7a8-279f-4d50-91be-faf003f1754d" />
      <TestMethod codeBase="/Users/hwanghyeonseong/.codex/worktrees/6bca/Unfold/Tests/Unfold.Tests/bin/Release/net10.0/Unfold.Tests.dll" adapterTypeName="executor://xunit/VsTestRunner3/netcore/" className="Unfold.Tests.SettingsDashboardTests" name="DebugPreviewButtonsAreOptInAndDoNotChangeLiveState" />
    </UnitTest>
    <UnitTest name="Unfold.Tests.TimerControlTests.TypedIntervalWaitsForApplyAndKeepsTheNewValuePaused" storage="/users/hwanghyeonseong/.codex/worktrees/6bca/unfold/tests/unfold.tests/bin/release/net10.0/unfold.tests.dll" id="01ee9b61-b23d-9b4e-0889-7262325dd123">
      <Execution id="48735997-4df2-40db-bdde-fba8451f8e0a" />
      <TestMethod codeBase="/Users/hwanghyeonseong/.codex/worktrees/6bca/Unfold/Tests/Unfold.Tests/bin/Release/net10.0/Unfold.Tests.dll" adapterTypeName="executor://xunit/VsTestRunner3/netcore/" className="Unfold.Tests.TimerControlTests" name="TypedIntervalWaitsForApplyAndKeepsTheNewValuePaused" />
    </UnitTest>
    <UnitTest name="Unfold.Tests.SettingsDashboardTests.SingleColumnTabContentIsCenteredAndStillFitsAtMinimumWidth" storage="/users/hwanghyeonseong/.codex/worktrees/6bca/unfold/tests/unfold.tests/bin/release/net10.0/unfold.tests.dll" id="027c4864-15fe-8184-0d1b-e95491349390">
      <Execution id="39079427-2b2a-49a5-87ff-13f4eb9626a5" />
      <TestMethod codeBase="/Users/hwanghyeonseong/.codex/worktrees/6bca/Unfold/Tests/Unfold.Tests/bin/Release/net10.0/Unfold.Tests.dll" adapterTypeName="executor://xunit/VsTestRunner3/netcore/" className="Unfold.Tests.SettingsDashboardTests" name="SingleColumnTabContentIsCenteredAndStillFitsAtMinimumWidth" />
    </UnitTest>
    <UnitTest name="Unfold.Tests.WindowControlTests.MacHeaderDragMovesTheWindowAndStopsOnReleaseAndCaptureLoss" storage="/users/hwanghyeonseong/.codex/worktrees/6bca/unfold/tests/unfold.tests/bin/release/net10.0/unfold.tests.dll" id="aa1574a4-855c-addd-9384-ae1ea06676d7">
      <Execution id="f49d75b7-841e-4717-80a9-b52ec4aed43d" />
      <TestMethod codeBase="/Users/hwanghyeonseong/.codex/worktrees/6bca/Unfold/Tests/Unfold.Tests/bin/Release/net10.0/Unfold.Tests.dll" adapterTypeName="executor://xunit/VsTestRunner3/netcore/" className="Unfold.Tests.WindowControlTests" name="MacHeaderDragMovesTheWindowAndStopsOnReleaseAndCaptureLoss" />
    </UnitTest>
  </TestDefinitions>
  <TestEntries>
    <TestEntry testId="12e6ef0d-4e8f-311b-ef44-f746752c5040" executionId="3e1e7a61-fcdf-4d21-988e-4eae4039d135" testListId="8c84fa94-04c1-424b-9868-57a2d4851a1d" />
    <TestEntry testId="9e536c7b-a81b-03d0-8767-5a45b227580b" executionId="c1999ebe-f7cf-4b7c-b92f-1c96ccb87532" testListId="8c84fa94-04c1-424b-9868-57a2d4851a1d" />
    <TestEntry testId="6f51d2e5-9584-a408-c426-c50e28ab9940" executionId="9c04bdf6-34f5-48fb-a4a8-e93d0817086c" testListId="8c84fa94-04c1-424b-9868-57a2d4851a1d" />
    <TestEntry testId="e4edc4ba-f57c-2eb9-4648-4171c539c076" executionId="6ddd7a78-935f-40a6-a8a9-055b83d5376f" testListId="8c84fa94-04c1-424b-9868-57a2d4851a1d" />
    <TestEntry testId="084a3eb4-a73f-d6eb-d788-6a8ba36039fd" executionId="a3a15da6-eda4-4e57-a433-2b2f65ef64ff" testListId="8c84fa94-04c1-424b-9868-57a2d4851a1d" />
    <TestEntry testId="91453cac-20f3-2c1d-e726-061532a282ad" executionId="7f4b5dbe-f17d-4531-b872-20f84d0e2826" testListId="8c84fa94-04c1-424b-9868-57a2d4851a1d" />
    <TestEntry testId="8b4e77d3-dc13-cf4f-dc52-19495c248c0e" executionId="2a256f32-f316-4a32-85eb-91046f59a0cb" testListId="8c84fa94-04c1-424b-9868-57a2d4851a1d" />
    <TestEntry testId="21628371-5b16-5ca7-ef84-3d60be0b1744" executionId="ba55d7a8-279f-4d50-91be-faf003f1754d" testListId="8c84fa94-04c1-424b-9868-57a2d4851a1d" />
    <TestEntry testId="0cac221d-ed51-f3c8-84ec-679d8c89002b" executionId="f7f6f441-639f-4e7c-9e42-bf89acb5d9e5" testListId="8c84fa94-04c1-424b-9868-57a2d4851a1d" />
    <TestEntry testId="3a2af169-e713-8536-c332-39844e2d8081" executionId="0c6ecc9e-adcf-455d-9970-243c6723e27d" testListId="8c84fa94-04c1-424b-9868-57a2d4851a1d" />
    <TestEntry testId="619c159c-b18a-3e2d-05bd-7f1596a7d15d" executionId="22f1c625-af32-4383-bfcf-93ea6425696e" testListId="8c84fa94-04c1-424b-9868-57a2d4851a1d" />
    <TestEntry testId="7c8910e8-a17f-17d0-7da0-44443ff7573a" executionId="90477b64-7342-4905-978e-891eed6b5940" testListId="8c84fa94-04c1-424b-9868-57a2d4851a1d" />
    <TestEntry testId="027c4864-15fe-8184-0d1b-e95491349390" executionId="39079427-2b2a-49a5-87ff-13f4eb9626a5" testListId="8c84fa94-04c1-424b-9868-57a2d4851a1d" />
    <TestEntry testId="cc20e5fd-76f4-d75b-816c-2a87f2bb839a" executionId="6dbc1929-a24f-4ca4-94a3-3af2022c0bda" testListId="8c84fa94-04c1-424b-9868-57a2d4851a1d" />
    <TestEntry testId="0c34b5ba-c22c-3277-c877-8b3d199e187a" executionId="ddd59529-50c7-4814-902a-a81b91e39ae2" testListId="8c84fa94-04c1-424b-9868-57a2d4851a1d" />
    <TestEntry testId="951202a6-7324-ad2b-74e9-a390cc291126" executionId="9aab07ed-33cd-4a62-bac3-c1524f8e1292" testListId="8c84fa94-04c1-424b-9868-57a2d4851a1d" />
    <TestEntry testId="d9b46d26-d82d-8b9e-c081-db48f531051f" executionId="e00a7e9f-23e9-4fe4-9ceb-0cef9a946f51" testListId="8c84fa94-04c1-424b-9868-57a2d4851a1d" />
    <TestEntry testId="a3f638f9-27a4-1712-721b-822dafb3d4d8" executionId="9494a160-7435-43fc-ba1d-1333b5ce2081" testListId="8c84fa94-04c1-424b-9868-57a2d4851a1d" />
    <TestEntry testId="01ee9b61-b23d-9b4e-0889-7262325dd123" executionId="48735997-4df2-40db-bdde-fba8451f8e0a" testListId="8c84fa94-04c1-424b-9868-57a2d4851a1d" />
    <TestEntry testId="00b18a7f-fdfc-56af-71fa-d0f4e7f473d0" executionId="5db10a25-984e-4600-b11e-fb85296137af" testListId="8c84fa94-04c1-424b-9868-57a2d4851a1d" />
    <TestEntry testId="88eee16b-7c1d-182a-494a-ee157da8eddc" executionId="6398c3b6-bc8f-4e7c-b27c-464be5bbee58" testListId="8c84fa94-04c1-424b-9868-57a2d4851a1d" />
    <TestEntry testId="9267060e-fa60-ec85-7b01-8974887812f9" executionId="2349c70c-ea30-49b1-9d0d-1a8a3a05637f" testListId="8c84fa94-04c1-424b-9868-57a2d4851a1d" />
    <TestEntry testId="359c83fb-88f8-76aa-37d9-f43b5fad5374" executionId="0d5bf093-bf37-4a1d-a91a-4ee4f57ec859" testListId="8c84fa94-04c1-424b-9868-57a2d4851a1d" />
    <TestEntry testId="7b09609b-3ad0-e9ad-f18d-4a37165d4051" executionId="bfbe3a77-4c3c-4d86-a1e5-b35f19646fd0" testListId="8c84fa94-04c1-424b-9868-57a2d4851a1d" />
    <TestEntry testId="94881387-6a93-1baf-6c8a-8401766206eb" executionId="bef4bf67-893b-451e-84ba-5768ffab1918" testListId="8c84fa94-04c1-424b-9868-57a2d4851a1d" />
    <TestEntry testId="5224b850-7d3d-79ce-e9ad-10e0540ef7d6" executionId="bc03c327-090d-41ab-bc0c-cd2a333b52e0" testListId="8c84fa94-04c1-424b-9868-57a2d4851a1d" />
    <TestEntry testId="aa1574a4-855c-addd-9384-ae1ea06676d7" executionId="f49d75b7-841e-4717-80a9-b52ec4aed43d" testListId="8c84fa94-04c1-424b-9868-57a2d4851a1d" />
  </TestEntries>
  <TestLists>
    <TestList name="목록에 없는 결과" id="8c84fa94-04c1-424b-9868-57a2d4851a1d" />
    <TestList name="로드된 모든 결과" id="19431567-8539-422a-85d7-44ee4e166bda" />
  </TestLists>
  <ResultSummary outcome="Completed">
    <Counters total="27" executed="27" passed="27" failed="0" error="0" timeout="0" aborted="0" inconclusive="0" passedButRunAborted="0" notRunnable="0" notExecuted="0" disconnected="0" warning="0" completed="0" inProgress="0" pending="0" />
    <Output>
      <StdOut>[xUnit.net 00:00:00.00] xUnit.net VSTest Adapter v3.1.4+50e68bbb8b (64-bit .NET 10.0.12)
[xUnit.net 00:00:00.53]   Discovering: Unfold.Tests
[xUnit.net 00:00:00.80]   Discovered:  Unfold.Tests
[xUnit.net 00:00:01.27]   Starting:    Unfold.Tests
[xUnit.net 00:00:04.52]   Finished:    Unfold.Tests
</StdOut>
    </Output>
  </ResultSummary>
</TestRun>