<?xml version="1.0" encoding="utf-8"?>
<TestRun id="d6860543-584a-4903-8a59-75086acd528e" name="@hwanghyeonseong-ui-MacBookAir 2026-10-05 18:37:50" xmlns="http://microsoft.com/schemas/VisualStudio/TeamTest/2010">
  <Times creation="2026-10-05T18:37:50.3619780+09:00" queuing="2026-10-05T18:37:50.3619780+09:00" start="2026-10-05T18:37:47.0570750+09:00" finish="2026-10-05T18:37:53.1333520+09:00" />
  <TestSettings name="default" id="12849162-61fc-4c43-b66b-e89d83ff8364">
    <Deployment runDeploymentRoot="_hwanghyeonseong-ui-MacBookAir_2026-10-05_18_37_50" />
  </TestSettings>
  <Results>
    <UnitTestResult executionId="316d5d9e-e2be-48e0-b7bf-0f7c546de6fb" testId="63b2f842-dd37-45b6-ad06-1532b653913f" testName="Unfold.Tests.WindowControlTests.HoverKeepsMacSurfaceClearAndMinimizeStrokeHorizontal(windows: False, scale: 2)" computerName="hwanghyeonseong-ui-MacBookAir" duration="00:00:00.0482179" startTime="2026-10-05T18:37:49.7828570+09:00" endTime="2026-10-05T18:37:49.8311310+09:00" testType="13cdc9d9-ddb5-4fa4-a97d-d965ccfc6d4b" outcome="Passed" testListId="8c84fa94-04c1-424b-9868-57a2d4851a1d" relativeResultsDirectory="316d5d9e-e2be-48e0-b7bf-0f7c546de6fb" />
    <UnitTestResult executionId="9e47e976-ecb5-4d03-b22f-27a4479d226c" testId="7f8a9f98-c0cf-87da-508e-e74e9ec177a3" testName="Unfold.Tests.WindowControlTests.HoverKeepsMacSurfaceClearAndMinimizeStrokeHorizontal(windows: False, scale: 1)" computerName="hwanghyeonseong-ui-MacBookAir" duration="00:00:00.0497886" startTime="2026-10-05T18:37:49.8341370+09:00" endTime="2026-10-05T18:37:49.8839730+09:00" testType="13cdc9d9-ddb5-4fa4-a97d-d965ccfc6d4b" outcome="Passed" testListId="8c84fa94-04c1-424b-9868-57a2d4851a1d" relativeResultsDirectory="9e47e976-ecb5-4d03-b22f-27a4479d226c" />
    <UnitTestResult executionId="c75eee52-a029-4169-b78f-60efda6a7e3a" testId="892f5043-960e-d8c3-ef54-1e21c505757f" testName="Unfold.Tests.WindowControlTests.PlatformButtonsKeepOrderHitTargetsAndRestoreGlyph(windows: True)" computerName="hwanghyeonseong-ui-MacBookAir" duration="00:00:00.0885040" startTime="2026-10-05T18:37:49.9452280+09:00" endTime="2026-10-05T18:37:50.0337920+09:00" testType="13cdc9d9-ddb5-4fa4-a97d-d965ccfc6d4b" outcome="Passed" testListId="8c84fa94-04c1-424b-9868-57a2d4851a1d" relativeResultsDirectory="c75eee52-a029-4169-b78f-60efda6a7e3a" />
    <UnitTestResult executionId="cca12821-ff2c-45b5-8b6f-1c0587ae100a" testId="6f51d2e5-9584-a408-c426-c50e28ab9940" testName="Unfold.Tests.WindowControlTests.WindowButtonsAndDragRegionStayAboveTheExistingPageAtBothWindowSizes" computerName="hwanghyeonseong-ui-MacBookAir" duration="00:00:00.0688341" startTime="2026-10-05T18:37:49.6346580+09:00" endTime="2026-10-05T18:37:49.7035650+09:00" testType="13cdc9d9-ddb5-4fa4-a97d-d965ccfc6d4b" outcome="Passed" testListId="8c84fa94-04c1-424b-9868-57a2d4851a1d" relativeResultsDirectory="cca12821-ff2c-45b5-8b6f-1c0587ae100a" />
    <UnitTestResult executionId="575829e1-d928-465c-9022-5e96fd95365e" testId="8f658fd9-df6a-ee2e-c408-6809c412c530" testName="Unfold.Tests.ThemeTests.FailedThemeSaveKeepsOldColorsAndAllowsRetry" computerName="hwanghyeonseong-ui-MacBookAir" duration="00:00:00.2988250" startTime="2026-10-05T18:37:50.2433120+09:00" endTime="2026-10-05T18:37:50.5421850+09:00" testType="13cdc9d9-ddb5-4fa4-a97d-d965ccfc6d4b" outcome="Passed" testListId="8c84fa94-04c1-424b-9868-57a2d4851a1d" relativeResultsDirectory="575829e1-d928-465c-9022-5e96fd95365e" />
    <UnitTestResult executionId="98aa89f8-64b6-431a-9998-ea943e807b52" testId="0c34b5ba-c22c-3277-c877-8b3d199e187a" testName="Unfold.Tests.ResponsiveLayoutTests.AllTabsFitSmallWindowsAndResizingPreservesPreferencesAndPetDrafts" computerName="hwanghyeonseong-ui-MacBookAir" duration="00:00:00.1941235" startTime="2026-10-05T18:37:52.8938330+09:00" endTime="2026-10-05T18:37:53.0880110+09:00" testType="13cdc9d9-ddb5-4fa4-a97d-d965ccfc6d4b" outcome="Passed" testListId="8c84fa94-04c1-424b-9868-57a2d4851a1d" relativeResultsDirectory="98aa89f8-64b6-431a-9998-ea943e807b52" />
    <UnitTestResult executionId="a18349a6-5ff2-4f9a-a7b9-3a408033d4f9" testId="ae934a35-502d-e979-dd72-c10a489776fd" testName="Unfold.Tests.ThemeTests.AllPalettesKeepTextAndPrimaryActionsReadable" computerName="hwanghyeonseong-ui-MacBookAir" duration="00:00:00.0003033" startTime="2026-10-05T18:37:50.5444630+09:00" endTime="2026-10-05T18:37:50.5448160+09:00" testType="13cdc9d9-ddb5-4fa4-a97d-d965ccfc6d4b" outcome="Passed" testListId="8c84fa94-04c1-424b-9868-57a2d4851a1d" relativeResultsDirectory="a18349a6-5ff2-4f9a-a7b9-3a408033d4f9" />
    <UnitTestResult executionId="3c52331f-233a-48c6-bd41-5279331a97b4" testId="8b659b50-cf9f-4cef-35b3-c15141b2b89d" testName="Unfold.Tests.WindowControlTests.PlatformButtonsKeepOrderHitTargetsAndRestoreGlyph(windows: False)" computerName="hwanghyeonseong-ui-MacBookAir" duration="00:00:00.0647633" startTime="2026-10-05T18:37:50.0367070+09:00" endTime="2026-10-05T18:37:50.1015230+09:00" testType="13cdc9d9-ddb5-4fa4-a97d-d965ccfc6d4b" outcome="Passed" testListId="8c84fa94-04c1-424b-9868-57a2d4851a1d" relativeResultsDirectory="3c52331f-233a-48c6-bd41-5279331a97b4" />
    <UnitTestResult executionId="6ad8ce4e-6328-40ef-a08a-3e7f9bc0bbb8" testId="0cac221d-ed51-f3c8-84ec-679d8c89002b" testName="Unfold.Tests.SettingsDashboardTests.SpeechPreferencesApplyWhileWorkingWithoutResettingTheTimer" computerName="hwanghyeonseong-ui-MacBookAir" duration="00:00:00.1496630" startTime="2026-10-05T18:37:51.4041170+09:00" endTime="2026-10-05T18:37:51.5538340+09:00" testType="13cdc9d9-ddb5-4fa4-a97d-d965ccfc6d4b" outcome="Passed" testListId="8c84fa94-04c1-424b-9868-57a2d4851a1d" relativeResultsDirectory="6ad8ce4e-6328-40ef-a08a-3e7f9bc0bbb8" />
    <UnitTestResult executionId="c8f9fd07-1d21-4430-a987-08b0e2142d0d" testId="a00f8f85-d073-0647-03f5-1ea29ed76620" testName="Unfold.Tests.SettingsDashboardTests.PetManagementOpensBuilderAndPreservesDraftAcrossSidebarNavigation" computerName="hwanghyeonseong-ui-MacBookAir" duration="00:00:00.1422547" startTime="2026-10-05T18:37:52.3933900+09:00" endTime="2026-10-05T18:37:52.5356970+09:00" testType="13cdc9d9-ddb5-4fa4-a97d-d965ccfc6d4b" outcome="Passed" testListId="8c84fa94-04c1-424b-9868-57a2d4851a1d" relativeResultsDirectory="c8f9fd07-1d21-4430-a987-08b0e2142d0d" />
    <UnitTestResult executionId="b9573245-847e-498a-bc18-9277a4bd7863" testId="91453cac-20f3-2c1d-e726-061532a282ad" testName="Unfold.Tests.SettingsDashboardTests.DashboardKeepsThePetAndTimerVisibleWhileOnlyDetailsScroll" computerName="hwanghyeonseong-ui-MacBookAir" duration="00:00:00.0756401" startTime="2026-10-05T18:37:52.5382970+09:00" endTime="2026-10-05T18:37:52.6139880+09:00" testType="13cdc9d9-ddb5-4fa4-a97d-d965ccfc6d4b" outcome="Passed" testListId="8c84fa94-04c1-424b-9868-57a2d4851a1d" relativeResultsDirectory="b9573245-847e-498a-bc18-9277a4bd7863" />
    <UnitTestResult executionId="94c13322-a54b-44ca-9097-2740899c1e87" testId="8a2fc367-1a82-8dfd-5191-99f55f762e9b" testName="Unfold.Tests.ThemeTests.ThemeChoicesUpdateExistingViewsPersistAndPreserveDraftsAndClock" computerName="hwanghyeonseong-ui-MacBookAir" duration="00:00:00.4923447" startTime="2026-10-05T18:37:50.5939980+09:00" endTime="2026-10-05T18:37:51.0863940+09:00" testType="13cdc9d9-ddb5-4fa4-a97d-d965ccfc6d4b" outcome="Passed" testListId="8c84fa94-04c1-424b-9868-57a2d4851a1d" relativeResultsDirectory="94c13322-a54b-44ca-9097-2740899c1e87" />
    <UnitTestResult executionId="e9ea0d1b-f397-4f93-a272-3bc37628cabc" testId="8b4e77d3-dc13-cf4f-dc52-19495c248c0e" testName="Unfold.Tests.SettingsDashboardTests.HomeSeparatesAllSixTimerStateTitlesWithoutHelperCopy" computerName="hwanghyeonseong-ui-MacBookAir" duration="00:00:00.1078610" startTime="2026-10-05T18:37:51.5655470+09:00" endTime="2026-10-05T18:37:51.6734670+09:00" testType="13cdc9d9-ddb5-4fa4-a97d-d965ccfc6d4b" outcome="Passed" testListId="8c84fa94-04c1-424b-9868-57a2d4851a1d" relativeResultsDirectory="e9ea0d1b-f397-4f93-a272-3bc37628cabc" />
    <UnitTestResult executionId="7bfe6281-cf80-47ba-9ab1-18507a988a81" testId="9267060e-fa60-ec85-7b01-8974887812f9" testName="Unfold.Tests.ResponsiveLayoutTests.CompactDashboardScrollsToEveryCardAndPreservesEditedControls" computerName="hwanghyeonseong-ui-MacBookAir" duration="00:00:00.0994989" startTime="2026-10-05T18:37:52.7906140+09:00" endTime="2026-10-05T18:37:52.8901660+09:00" testType="13cdc9d9-ddb5-4fa4-a97d-d965ccfc6d4b" outcome="Passed" testListId="8c84fa94-04c1-424b-9868-57a2d4851a1d" relativeResultsDirectory="7bfe6281-cf80-47ba-9ab1-18507a988a81" />
    <UnitTestResult executionId="93226ce5-dfbe-42a8-b480-7108167af1e9" testId="aa1574a4-855c-addd-9384-ae1ea06676d7" testName="Unfold.Tests.WindowControlTests.MacHeaderDragMovesTheWindowAndStopsOnReleaseAndCaptureLoss" computerName="hwanghyeonseong-ui-MacBookAir" duration="00:00:00.6102908" startTime="2026-10-05T18:37:49.0119670+09:00" endTime="2026-10-05T18:37:49.6265140+09:00" testType="13cdc9d9-ddb5-4fa4-a97d-d965ccfc6d4b" outcome="Passed" testListId="8c84fa94-04c1-424b-9868-57a2d4851a1d" relativeResultsDirectory="93226ce5-dfbe-42a8-b480-7108167af1e9" />
    <UnitTestResult executionId="16ae478f-ca22-4941-9a9e-521f2ce0b362" testId="38d3ab67-4d5f-b52a-582d-3415baf19320" testName="Unfold.Tests.WindowControlTests.HoverKeepsMacSurfaceClearAndMinimizeStrokeHorizontal(windows: True, scale: 2)" computerName="hwanghyeonseong-ui-MacBookAir" duration="00:00:00.0547795" startTime="2026-10-05T18:37:49.8874810+09:00" endTime="2026-10-05T18:37:49.9423280+09:00" testType="13cdc9d9-ddb5-4fa4-a97d-d965ccfc6d4b" outcome="Passed" testListId="8c84fa94-04c1-424b-9868-57a2d4851a1d" relativeResultsDirectory="16ae478f-ca22-4941-9a9e-521f2ce0b362" />
    <UnitTestResult executionId="66ccb866-82c3-4062-a9df-1e3da3442cc4" testId="e4edc4ba-f57c-2eb9-4648-4171c539c076" testName="Unfold.Tests.SettingsDashboardTests.ResizingPreservesTimerDraftsAndLegacyRoutineData" computerName="hwanghyeonseong-ui-MacBookAir" duration="00:00:00.2123727" startTime="2026-10-05T18:37:51.6774530+09:00" endTime="2026-10-05T18:37:51.8898730+09:00" testType="13cdc9d9-ddb5-4fa4-a97d-d965ccfc6d4b" outcome="Passed" testListId="8c84fa94-04c1-424b-9868-57a2d4851a1d" relativeResultsDirectory="66ccb866-82c3-4062-a9df-1e3da3442cc4" />
    <UnitTestResult executionId="874bdb39-593d-4134-90d6-657ca7f35be8" testId="21628371-5b16-5ca7-ef84-3d60be0b1744" testName="Unfold.Tests.SettingsDashboardTests.DebugPreviewButtonsAreOptInAndDoNotChangeLiveState" computerName="hwanghyeonseong-ui-MacBookAir" duration="00:00:00.1166695" startTime="2026-10-05T18:37:52.2742610+09:00" endTime="2026-10-05T18:37:52.3909820+09:00" testType="13cdc9d9-ddb5-4fa4-a97d-d965ccfc6d4b" outcome="Passed" testListId="8c84fa94-04c1-424b-9868-57a2d4851a1d" relativeResultsDirectory="874bdb39-593d-4134-90d6-657ca7f35be8" />
    <UnitTestResult executionId="62325af3-32f2-4db3-b4e9-d9f7af1a96f5" testId="619c159c-b18a-3e2d-05bd-7f1596a7d15d" testName="Unfold.Tests.SettingsDashboardTests.PetScaleSitsAboveThePickerAndPersistsWithoutLegendLabels" computerName="hwanghyeonseong-ui-MacBookAir" duration="00:00:00.1620286" startTime="2026-10-05T18:37:51.1989830+09:00" endTime="2026-10-05T18:37:51.3610640+09:00" testType="13cdc9d9-ddb5-4fa4-a97d-d965ccfc6d4b" outcome="Passed" testListId="8c84fa94-04c1-424b-9868-57a2d4851a1d" relativeResultsDirectory="62325af3-32f2-4db3-b4e9-d9f7af1a96f5" />
    <UnitTestResult executionId="96a404ef-94f8-46d4-b2e4-490e16e0ab18" testId="23dcf263-114b-a158-d6a7-d1dea459ab37" testName="Unfold.Tests.ThemeTests.StoppedTimerColorStaysDistinctFromTheErrorColor" computerName="hwanghyeonseong-ui-MacBookAir" duration="00:00:00.0025110" startTime="2026-10-05T18:37:50.2386260+09:00" endTime="2026-10-05T18:37:50.2411750+09:00" testType="13cdc9d9-ddb5-4fa4-a97d-d965ccfc6d4b" outcome="Passed" testListId="8c84fa94-04c1-424b-9868-57a2d4851a1d" relativeResultsDirectory="96a404ef-94f8-46d4-b2e4-490e16e0ab18" />
    <UnitTestResult executionId="bc998ad7-4f43-4758-a9bd-6bec3084a306" testId="d9b46d26-d82d-8b9e-c081-db48f531051f" testName="Unfold.Tests.SettingsDashboardTests.SidebarUsesInWindowTabsAndReturnsFocusToTheTimer" computerName="hwanghyeonseong-ui-MacBookAir" duration="00:00:00.1710373" startTime="2026-10-05T18:37:52.6165670+09:00" endTime="2026-10-05T18:37:52.7876530+09:00" testType="13cdc9d9-ddb5-4fa4-a97d-d965ccfc6d4b" outcome="Passed" testListId="8c84fa94-04c1-424b-9868-57a2d4851a1d" relativeResultsDirectory="bc998ad7-4f43-4758-a9bd-6bec3084a306" />
    <UnitTestResult executionId="2efaff52-1fd9-4e7d-85f1-1bf39c0f145d" testId="359c83fb-88f8-76aa-37d9-f43b5fad5374" testName="Unfold.Tests.SettingsDashboardTests.HomeTimingApplyStaysAtTheCardTopRight" computerName="hwanghyeonseong-ui-MacBookAir" duration="00:00:00.0378651" startTime="2026-10-05T18:37:51.3639550+09:00" endTime="2026-10-05T18:37:51.4018670+09:00" testType="13cdc9d9-ddb5-4fa4-a97d-d965ccfc6d4b" outcome="Passed" testListId="8c84fa94-04c1-424b-9868-57a2d4851a1d" relativeResultsDirectory="2efaff52-1fd9-4e7d-85f1-1bf39c0f145d" />
    <UnitTestResult executionId="546468fd-196e-404d-8ca4-339baa11de65" testId="215941ed-a2c7-1757-e4d6-7fb1081900aa" testName="Unfold.Tests.WindowControlTests.RoundedOuterSurfaceReplacesTheInnerFrameAndKeepsContentBounds" computerName="hwanghyeonseong-ui-MacBookAir" duration="00:00:00.0664405" startTime="2026-10-05T18:37:50.1674180+09:00" endTime="2026-10-05T18:37:50.2339410+09:00" testType="13cdc9d9-ddb5-4fa4-a97d-d965ccfc6d4b" outcome="Passed" testListId="8c84fa94-04c1-424b-9868-57a2d4851a1d" relativeResultsDirectory="546468fd-196e-404d-8ca4-339baa11de65" />
    <UnitTestResult executionId="b9e0af53-c999-42da-961a-f2e4b5446083" testId="027c4864-15fe-8184-0d1b-e95491349390" testName="Unfold.Tests.SettingsDashboardTests.SingleColumnTabContentIsCenteredAndStillFitsAtMinimumWidth" computerName="hwanghyeonseong-ui-MacBookAir" duration="00:00:00.3145526" startTime="2026-10-05T18:37:51.9568680+09:00" endTime="2026-10-05T18:37:52.2714760+09:00" testType="13cdc9d9-ddb5-4fa4-a97d-d965ccfc6d4b" outcome="Passed" testListId="8c84fa94-04c1-424b-9868-57a2d4851a1d" relativeResultsDirectory="b9e0af53-c999-42da-961a-f2e4b5446083" />
    <UnitTestResult executionId="e59348df-8d9a-43ae-a817-139bd46cd3c9" testId="99f7cd8c-54e7-6751-010c-40e72ba322ed" testName="Unfold.Tests.WindowControlTests.HoverKeepsMacSurfaceClearAndMinimizeStrokeHorizontal(windows: True, scale: 1)" computerName="hwanghyeonseong-ui-MacBookAir" duration="00:00:00.0736843" startTime="2026-10-05T18:37:49.7066660+09:00" endTime="2026-10-05T18:37:49.7804030+09:00" testType="13cdc9d9-ddb5-4fa4-a97d-d965ccfc6d4b" outcome="Passed" testListId="8c84fa94-04c1-424b-9868-57a2d4851a1d" relativeResultsDirectory="e59348df-8d9a-43ae-a817-139bd46cd3c9" />
    <UnitTestResult executionId="300dec94-a227-44fa-91a3-e04dc9514a39" testId="b44e6f25-af2f-7059-5b0f-65daca28c9fa" testName="Unfold.Tests.ThemeTests.MissingLegacyAndUnknownThemesUseLilacWithoutLosingSettings" computerName="hwanghyeonseong-ui-MacBookAir" duration="00:00:00.0467563" startTime="2026-10-05T18:37:50.5450440+09:00" endTime="2026-10-05T18:37:50.5918420+09:00" testType="13cdc9d9-ddb5-4fa4-a97d-d965ccfc6d4b" outcome="Passed" testListId="8c84fa94-04c1-424b-9868-57a2d4851a1d" relativeResultsDirectory="300dec94-a227-44fa-91a3-e04dc9514a39" />
    <UnitTestResult executionId="6805658e-fcd8-41d9-98a6-fcdbaba1b460" testId="cc20e5fd-76f4-d75b-816c-2a87f2bb839a" testName="Unfold.Tests.WindowControlTests.WindowButtonsMinimizeMaximizeRestoreAndCloseWithoutStoppingTheTimer" computerName="hwanghyeonseong-ui-MacBookAir" duration="00:00:00.0557938" startTime="2026-10-05T18:37:50.1046800+09:00" endTime="2026-10-05T18:37:50.1605250+09:00" testType="13cdc9d9-ddb5-4fa4-a97d-d965ccfc6d4b" outcome="Passed" testListId="8c84fa94-04c1-424b-9868-57a2d4851a1d" relativeResultsDirectory="6805658e-fcd8-41d9-98a6-fcdbaba1b460" />
    <UnitTestResult executionId="28f2c01b-0b4c-46cb-8f06-c7af5eec2e31" testId="757c0c5a-f86c-3c6b-779c-f31914c2b4e6" testName="Unfold.Tests.SettingsDashboardTests.PreferencesBodyUsesTheAvailableHeightWithoutSaveOrCancelActions" computerName="hwanghyeonseong-ui-MacBookAir" duration="00:00:00.1072283" startTime="2026-10-05T18:37:51.0891640+09:00" endTime="2026-10-05T18:37:51.1964500+09:00" testType="13cdc9d9-ddb5-4fa4-a97d-d965ccfc6d4b" outcome="Passed" testListId="8c84fa94-04c1-424b-9868-57a2d4851a1d" relativeResultsDirectory="28f2c01b-0b4c-46cb-8f06-c7af5eec2e31" />
    <UnitTestResult executionId="d371881a-af94-492a-99bb-ce6d98e73113" testId="a3f638f9-27a4-1712-721b-822dafb3d4d8" testName="Unfold.Tests.SettingsDashboardTests.LongPetNameAndSaveFailureKeepHomeActionsInsideTheirCards" computerName="hwanghyeonseong-ui-MacBookAir" duration="00:00:00.0595791" startTime="2026-10-05T18:37:51.8924450+09:00" endTime="2026-10-05T18:37:51.9520700+09:00" testType="13cdc9d9-ddb5-4fa4-a97d-d965ccfc6d4b" outcome="Passed" testListId="8c84fa94-04c1-424b-9868-57a2d4851a1d" relativeResultsDirectory="d371881a-af94-492a-99bb-ce6d98e73113" />
  </Results>
  <TestDefinitions>
    <UnitTest name="Unfold.Tests.ThemeTests.ThemeChoicesUpdateExistingViewsPersistAndPreserveDraftsAndClock" storage="/users/hwanghyeonseong/.codex/worktrees/6bca/unfold/tests/unfold.tests/bin/release/net10.0/unfold.tests.dll" id="8a2fc367-1a82-8dfd-5191-99f55f762e9b">
      <Execution id="94c13322-a54b-44ca-9097-2740899c1e87" />
      <TestMethod codeBase="/Users/hwanghyeonseong/.codex/worktrees/6bca/Unfold/Tests/Unfold.Tests/bin/Release/net10.0/Unfold.Tests.dll" adapterTypeName="executor://xunit/VsTestRunner3/netcore/" className="Unfold.Tests.ThemeTests" name="ThemeChoicesUpdateExistingViewsPersistAndPreserveDraftsAndClock" />
    </UnitTest>
    <UnitTest name="Unfold.Tests.SettingsDashboardTests.SidebarUsesInWindowTabsAndReturnsFocusToTheTimer" storage="/users/hwanghyeonseong/.codex/worktrees/6bca/unfold/tests/unfold.tests/bin/release/net10.0/unfold.tests.dll" id="d9b46d26-d82d-8b9e-c081-db48f531051f">
      <Execution id="bc998ad7-4f43-4758-a9bd-6bec3084a306" />
      <TestMethod codeBase="/Users/hwanghyeonseong/.codex/worktrees/6bca/Unfold/Tests/Unfold.Tests/bin/Release/net10.0/Unfold.Tests.dll" adapterTypeName="executor://xunit/VsTestRunner3/netcore/" className="Unfold.Tests.SettingsDashboardTests" name="SidebarUsesInWindowTabsAndReturnsFocusToTheTimer" />
    </UnitTest>
    <UnitTest name="Unfold.Tests.SettingsDashboardTests.DashboardKeepsThePetAndTimerVisibleWhileOnlyDetailsScroll" storage="/users/hwanghyeonseong/.codex/worktrees/6bca/unfold/tests/unfold.tests/bin/release/net10.0/unfold.tests.dll" id="91453cac-20f3-2c1d-e726-061532a282ad">
      <Execution id="b9573245-847e-498a-bc18-9277a4bd7863" />
      <TestMethod codeBase="/Users/hwanghyeonseong/.codex/worktrees/6bca/Unfold/Tests/Unfold.Tests/bin/Release/net10.0/Unfold.Tests.dll" adapterTypeName="executor://xunit/VsTestRunner3/netcore/" className="Unfold.Tests.SettingsDashboardTests" name="DashboardKeepsThePetAndTimerVisibleWhileOnlyDetailsScroll" />
    </UnitTest>
    <UnitTest name="Unfold.Tests.SettingsDashboardTests.SpeechPreferencesApplyWhileWorkingWithoutResettingTheTimer" storage="/users/hwanghyeonseong/.codex/worktrees/6bca/unfold/tests/unfold.tests/bin/release/net10.0/unfold.tests.dll" id="0cac221d-ed51-f3c8-84ec-679d8c89002b">
      <Execution id="6ad8ce4e-6328-40ef-a08a-3e7f9bc0bbb8" />
      <TestMethod codeBase="/Users/hwanghyeonseong/.codex/worktrees/6bca/Unfold/Tests/Unfold.Tests/bin/Release/net10.0/Unfold.Tests.dll" adapterTypeName="executor://xunit/VsTestRunner3/netcore/" className="Unfold.Tests.SettingsDashboardTests" name="SpeechPreferencesApplyWhileWorkingWithoutResettingTheTimer" />
    </UnitTest>
    <UnitTest name="Unfold.Tests.SettingsDashboardTests.HomeTimingApplyStaysAtTheCardTopRight" storage="/users/hwanghyeonseong/.codex/worktrees/6bca/unfold/tests/unfold.tests/bin/release/net10.0/unfold.tests.dll" id="359c83fb-88f8-76aa-37d9-f43b5fad5374">
      <Execution id="2efaff52-1fd9-4e7d-85f1-1bf39c0f145d" />
      <TestMethod codeBase="/Users/hwanghyeonseong/.codex/worktrees/6bca/Unfold/Tests/Unfold.Tests/bin/Release/net10.0/Unfold.Tests.dll" adapterTypeName="executor://xunit/VsTestRunner3/netcore/" className="Unfold.Tests.SettingsDashboardTests" name="HomeTimingApplyStaysAtTheCardTopRight" />
    </UnitTest>
    <UnitTest name="Unfold.Tests.SettingsDashboardTests.PetScaleSitsAboveThePickerAndPersistsWithoutLegendLabels" storage="/users/hwanghyeonseong/.codex/worktrees/6bca/unfold/tests/unfold.tests/bin/release/net10.0/unfold.tests.dll" id="619c159c-b18a-3e2d-05bd-7f1596a7d15d">
      <Execution id="62325af3-32f2-4db3-b4e9-d9f7af1a96f5" />
      <TestMethod codeBase="/Users/hwanghyeonseong/.codex/worktrees/6bca/Unfold/Tests/Unfold.Tests/bin/Release/net10.0/Unfold.Tests.dll" adapterTypeName="executor://xunit/VsTestRunner3/netcore/" className="Unfold.Tests.SettingsDashboardTests" name="PetScaleSitsAboveThePickerAndPersistsWithoutLegendLabels" />
    </UnitTest>
    <UnitTest name="Unfold.Tests.WindowControlTests.HoverKeepsMacSurfaceClearAndMinimizeStrokeHorizontal(windows: True, scale: 2)" storage="/users/hwanghyeonseong/.codex/worktrees/6bca/unfold/tests/unfold.tests/bin/release/net10.0/unfold.tests.dll" id="38d3ab67-4d5f-b52a-582d-3415baf19320">
      <Execution id="16ae478f-ca22-4941-9a9e-521f2ce0b362" />
      <TestMethod codeBase="/Users/hwanghyeonseong/.codex/worktrees/6bca/Unfold/Tests/Unfold.Tests/bin/Release/net10.0/Unfold.Tests.dll" adapterTypeName="executor://xunit/VsTestRunner3/netcore/" className="Unfold.Tests.WindowControlTests" name="HoverKeepsMacSurfaceClearAndMinimizeStrokeHorizontal" />
    </UnitTest>
    <UnitTest name="Unfold.Tests.WindowControlTests.HoverKeepsMacSurfaceClearAndMinimizeStrokeHorizontal(windows: False, scale: 2)" storage="/users/hwanghyeonseong/.codex/worktrees/6bca/unfold/tests/unfold.tests/bin/release/net10.0/unfold.tests.dll" id="63b2f842-dd37-45b6-ad06-1532b653913f">
      <Execution id="316d5d9e-e2be-48e0-b7bf-0f7c546de6fb" />
      <TestMethod codeBase="/Users/hwanghyeonseong/.codex/worktrees/6bca/Unfold/Tests/Unfold.Tests/bin/Release/net10.0/Unfold.Tests.dll" adapterTypeName="executor://xunit/VsTestRunner3/netcore/" className="Unfold.Tests.WindowControlTests" name="HoverKeepsMacSurfaceClearAndMinimizeStrokeHorizontal" />
    </UnitTest>
    <UnitTest name="Unfold.Tests.WindowControlTests.WindowButtonsAndDragRegionStayAboveTheExistingPageAtBothWindowSizes" storage="/users/hwanghyeonseong/.codex/worktrees/6bca/unfold/tests/unfold.tests/bin/release/net10.0/unfold.tests.dll" id="6f51d2e5-9584-a408-c426-c50e28ab9940">
      <Execution id="cca12821-ff2c-45b5-8b6f-1c0587ae100a" />
      <TestMethod codeBase="/Users/hwanghyeonseong/.codex/worktrees/6bca/Unfold/Tests/Unfold.Tests/bin/Release/net10.0/Unfold.Tests.dll" adapterTypeName="executor://xunit/VsTestRunner3/netcore/" className="Unfold.Tests.WindowControlTests" name="WindowButtonsAndDragRegionStayAboveTheExistingPageAtBothWindowSizes" />
    </UnitTest>
    <UnitTest name="Unfold.Tests.ThemeTests.AllPalettesKeepTextAndPrimaryActionsReadable" storage="/users/hwanghyeonseong/.codex/worktrees/6bca/unfold/tests/unfold.tests/bin/release/net10.0/unfold.tests.dll" id="ae934a35-502d-e979-dd72-c10a489776fd">
      <Execution id="a18349a6-5ff2-4f9a-a7b9-3a408033d4f9" />
      <TestMethod codeBase="/Users/hwanghyeonseong/.codex/worktrees/6bca/Unfold/Tests/Unfold.Tests/bin/Release/net10.0/Unfold.Tests.dll" adapterTypeName="executor://xunit/VsTestRunner3/netcore/" className="Unfold.Tests.ThemeTests" name="AllPalettesKeepTextAndPrimaryActionsReadable" />
    </UnitTest>
    <UnitTest name="Unfold.Tests.WindowControlTests.RoundedOuterSurfaceReplacesTheInnerFrameAndKeepsContentBounds" storage="/users/hwanghyeonseong/.codex/worktrees/6bca/unfold/tests/unfold.tests/bin/release/net10.0/unfold.tests.dll" id="215941ed-a2c7-1757-e4d6-7fb1081900aa">
      <Execution id="546468fd-196e-404d-8ca4-339baa11de65" />
      <TestMethod codeBase="/Users/hwanghyeonseong/.codex/worktrees/6bca/Unfold/Tests/Unfold.Tests/bin/Release/net10.0/Unfold.Tests.dll" adapterTypeName="executor://xunit/VsTestRunner3/netcore/" className="Unfold.Tests.WindowControlTests" name="RoundedOuterSurfaceReplacesTheInnerFrameAndKeepsContentBounds" />
    </UnitTest>
    <UnitTest name="Unfold.Tests.WindowControlTests.PlatformButtonsKeepOrderHitTargetsAndRestoreGlyph(windows: False)" storage="/users/hwanghyeonseong/.codex/worktrees/6bca/unfold/tests/unfold.tests/bin/release/net10.0/unfold.tests.dll" id="8b659b50-cf9f-4cef-35b3-c15141b2b89d">
      <Execution id="3c52331f-233a-48c6-bd41-5279331a97b4" />
      <TestMethod codeBase="/Users/hwanghyeonseong/.codex/worktrees/6bca/Unfold/Tests/Unfold.Tests/bin/Release/net10.0/Unfold.Tests.dll" adapterTypeName="executor://xunit/VsTestRunner3/netcore/" className="Unfold.Tests.WindowControlTests" name="PlatformButtonsKeepOrderHitTargetsAndRestoreGlyph" />
    </UnitTest>
    <UnitTest name="Unfold.Tests.ResponsiveLayoutTests.AllTabsFitSmallWindowsAndResizingPreservesPreferencesAndPetDrafts" storage="/users/hwanghyeonseong/.codex/worktrees/6bca/unfold/tests/unfold.tests/bin/release/net10.0/unfold.tests.dll" id="0c34b5ba-c22c-3277-c877-8b3d199e187a">
      <Execution id="98aa89f8-64b6-431a-9998-ea943e807b52" />
      <TestMethod codeBase="/Users/hwanghyeonseong/.codex/worktrees/6bca/Unfold/Tests/Unfold.Tests/bin/Release/net10.0/Unfold.Tests.dll" adapterTypeName="executor://xunit/VsTestRunner3/netcore/" className="Unfold.Tests.ResponsiveLayoutTests" name="AllTabsFitSmallWindowsAndResizingPreservesPreferencesAndPetDrafts" />
    </UnitTest>
    <UnitTest name="Unfold.Tests.WindowControlTests.HoverKeepsMacSurfaceClearAndMinimizeStrokeHorizontal(windows: True, scale: 1)" storage="/users/hwanghyeonseong/.codex/worktrees/6bca/unfold/tests/unfold.tests/bin/release/net10.0/unfold.tests.dll" id="99f7cd8c-54e7-6751-010c-40e72ba322ed">
      <Execution id="e59348df-8d9a-43ae-a817-139bd46cd3c9" />
      <TestMethod codeBase="/Users/hwanghyeonseong/.codex/worktrees/6bca/Unfold/Tests/Unfold.Tests/bin/Release/net10.0/Unfold.Tests.dll" adapterTypeName="executor://xunit/VsTestRunner3/netcore/" className="Unfold.Tests.WindowControlTests" name="HoverKeepsMacSurfaceClearAndMinimizeStrokeHorizontal" />
    </UnitTest>
    <UnitTest name="Unfold.Tests.ThemeTests.FailedThemeSaveKeepsOldColorsAndAllowsRetry" storage="/users/hwanghyeonseong/.codex/worktrees/6bca/unfold/tests/unfold.tests/bin/release/net10.0/unfold.tests.dll" id="8f658fd9-df6a-ee2e-c408-6809c412c530">
      <Execution id="575829e1-d928-465c-9022-5e96fd95365e" />
      <TestMethod codeBase="/Users/hwanghyeonseong/.codex/worktrees/6bca/Unfold/Tests/Unfold.Tests/bin/Release/net10.0/Unfold.Tests.dll" adapterTypeName="executor://xunit/VsTestRunner3/netcore/" className="Unfold.Tests.ThemeTests" name="FailedThemeSaveKeepsOldColorsAndAllowsRetry" />
    </UnitTest>
    <UnitTest name="Unfold.Tests.ThemeTests.StoppedTimerColorStaysDistinctFromTheErrorColor" storage="/users/hwanghyeonseong/.codex/worktrees/6bca/unfold/tests/unfold.tests/bin/release/net10.0/unfold.tests.dll" id="23dcf263-114b-a158-d6a7-d1dea459ab37">
      <Execution id="96a404ef-94f8-46d4-b2e4-490e16e0ab18" />
      <TestMethod codeBase="/Users/hwanghyeonseong/.codex/worktrees/6bca/Unfold/Tests/Unfold.Tests/bin/Release/net10.0/Unfold.Tests.dll" adapterTypeName="executor://xunit/VsTestRunner3/netcore/" className="Unfold.Tests.ThemeTests" name="StoppedTimerColorStaysDistinctFromTheErrorColor" />
    </UnitTest>
    <UnitTest name="Unfold.Tests.SettingsDashboardTests.PetManagementOpensBuilderAndPreservesDraftAcrossSidebarNavigation" storage="/users/hwanghyeonseong/.codex/worktrees/6bca/unfold/tests/unfold.tests/bin/release/net10.0/unfold.tests.dll" id="a00f8f85-d073-0647-03f5-1ea29ed76620">
      <Execution id="c8f9fd07-1d21-4430-a987-08b0e2142d0d" />
      <TestMethod codeBase="/Users/hwanghyeonseong/.codex/worktrees/6bca/Unfold/Tests/Unfold.Tests/bin/Release/net10.0/Unfold.Tests.dll" adapterTypeName="executor://xunit/VsTestRunner3/netcore/" className="Unfold.Tests.SettingsDashboardTests" name="PetManagementOpensBuilderAndPreservesDraftAcrossSidebarNavigation" />
    </UnitTest>
    <UnitTest name="Unfold.Tests.SettingsDashboardTests.ResizingPreservesTimerDraftsAndLegacyRoutineData" storage="/users/hwanghyeonseong/.codex/worktrees/6bca/unfold/tests/unfold.tests/bin/release/net10.0/unfold.tests.dll" id="e4edc4ba-f57c-2eb9-4648-4171c539c076">
      <Execution id="66ccb866-82c3-4062-a9df-1e3da3442cc4" />
      <TestMethod codeBase="/Users/hwanghyeonseong/.codex/worktrees/6bca/Unfold/Tests/Unfold.Tests/bin/Release/net10.0/Unfold.Tests.dll" adapterTypeName="executor://xunit/VsTestRunner3/netcore/" className="Unfold.Tests.SettingsDashboardTests" name="ResizingPreservesTimerDraftsAndLegacyRoutineData" />
    </UnitTest>
    <UnitTest name="Unfold.Tests.ThemeTests.MissingLegacyAndUnknownThemesUseLilacWithoutLosingSettings" storage="/users/hwanghyeonseong/.codex/worktrees/6bca/unfold/tests/unfold.tests/bin/release/net10.0/unfold.tests.dll" id="b44e6f25-af2f-7059-5b0f-65daca28c9fa">
      <Execution id="300dec94-a227-44fa-91a3-e04dc9514a39" />
      <TestMethod codeBase="/Users/hwanghyeonseong/.codex/worktrees/6bca/Unfold/Tests/Unfold.Tests/bin/Release/net10.0/Unfold.Tests.dll" adapterTypeName="executor://xunit/VsTestRunner3/netcore/" className="Unfold.Tests.ThemeTests" name="MissingLegacyAndUnknownThemesUseLilacWithoutLosingSettings" />
    </UnitTest>
    <UnitTest name="Unfold.Tests.WindowControlTests.PlatformButtonsKeepOrderHitTargetsAndRestoreGlyph(windows: True)" storage="/users/hwanghyeonseong/.codex/worktrees/6bca/unfold/tests/unfold.tests/bin/release/net10.0/unfold.tests.dll" id="892f5043-960e-d8c3-ef54-1e21c505757f">
      <Execution id="c75eee52-a029-4169-b78f-60efda6a7e3a" />
      <TestMethod codeBase="/Users/hwanghyeonseong/.codex/worktrees/6bca/Unfold/Tests/Unfold.Tests/bin/Release/net10.0/Unfold.Tests.dll" adapterTypeName="executor://xunit/VsTestRunner3/netcore/" className="Unfold.Tests.WindowControlTests" name="PlatformButtonsKeepOrderHitTargetsAndRestoreGlyph" />
    </UnitTest>
    <UnitTest name="Unfold.Tests.WindowControlTests.HoverKeepsMacSurfaceClearAndMinimizeStrokeHorizontal(windows: False, scale: 1)" storage="/users/hwanghyeonseong/.codex/worktrees/6bca/unfold/tests/unfold.tests/bin/release/net10.0/unfold.tests.dll" id="7f8a9f98-c0cf-87da-508e-e74e9ec177a3">
      <Execution id="9e47e976-ecb5-4d03-b22f-27a4479d226c" />
      <TestMethod codeBase="/Users/hwanghyeonseong/.codex/worktrees/6bca/Unfold/Tests/Unfold.Tests/bin/Release/net10.0/Unfold.Tests.dll" adapterTypeName="executor://xunit/VsTestRunner3/netcore/" className="Unfold.Tests.WindowControlTests" name="HoverKeepsMacSurfaceClearAndMinimizeStrokeHorizontal" />
    </UnitTest>
    <UnitTest name="Unfold.Tests.SettingsDashboardTests.LongPetNameAndSaveFailureKeepHomeActionsInsideTheirCards" storage="/users/hwanghyeonseong/.codex/worktrees/6bca/unfold/tests/unfold.tests/bin/release/net10.0/unfold.tests.dll" id="a3f638f9-27a4-1712-721b-822dafb3d4d8">
      <Execution id="d371881a-af94-492a-99bb-ce6d98e73113" />
      <TestMethod codeBase="/Users/hwanghyeonseong/.codex/worktrees/6bca/Unfold/Tests/Unfold.Tests/bin/Release/net10.0/Unfold.Tests.dll" adapterTypeName="executor://xunit/VsTestRunner3/netcore/" className="Unfold.Tests.SettingsDashboardTests" name="LongPetNameAndSaveFailureKeepHomeActionsInsideTheirCards" />
    </UnitTest>
    <UnitTest name="Unfold.Tests.WindowControlTests.WindowButtonsMinimizeMaximizeRestoreAndCloseWithoutStoppingTheTimer" storage="/users/hwanghyeonseong/.codex/worktrees/6bca/unfold/tests/unfold.tests/bin/release/net10.0/unfold.tests.dll" id="cc20e5fd-76f4-d75b-816c-2a87f2bb839a">
      <Execution id="6805658e-fcd8-41d9-98a6-fcdbaba1b460" />
      <TestMethod codeBase="/Users/hwanghyeonseong/.codex/worktrees/6bca/Unfold/Tests/Unfold.Tests/bin/Release/net10.0/Unfold.Tests.dll" adapterTypeName="executor://xunit/VsTestRunner3/netcore/" className="Unfold.Tests.WindowControlTests" name="WindowButtonsMinimizeMaximizeRestoreAndCloseWithoutStoppingTheTimer" />
    </UnitTest>
    <UnitTest name="Unfold.Tests.ResponsiveLayoutTests.CompactDashboardScrollsToEveryCardAndPreservesEditedControls" storage="/users/hwanghyeonseong/.codex/worktrees/6bca/unfold/tests/unfold.tests/bin/release/net10.0/unfold.tests.dll" id="9267060e-fa60-ec85-7b01-8974887812f9">
      <Execution id="7bfe6281-cf80-47ba-9ab1-18507a988a81" />
      <TestMethod codeBase="/Users/hwanghyeonseong/.codex/worktrees/6bca/Unfold/Tests/Unfold.Tests/bin/Release/net10.0/Unfold.Tests.dll" adapterTypeName="executor://xunit/VsTestRunner3/netcore/" className="Unfold.Tests.ResponsiveLayoutTests" name="CompactDashboardScrollsToEveryCardAndPreservesEditedControls" />
    </UnitTest>
    <UnitTest name="Unfold.Tests.SettingsDashboardTests.HomeSeparatesAllSixTimerStateTitlesWithoutHelperCopy" storage="/users/hwanghyeonseong/.codex/worktrees/6bca/unfold/tests/unfold.tests/bin/release/net10.0/unfold.tests.dll" id="8b4e77d3-dc13-cf4f-dc52-19495c248c0e">
      <Execution id="e9ea0d1b-f397-4f93-a272-3bc37628cabc" />
      <TestMethod codeBase="/Users/hwanghyeonseong/.codex/worktrees/6bca/Unfold/Tests/Unfold.Tests/bin/Release/net10.0/Unfold.Tests.dll" adapterTypeName="executor://xunit/VsTestRunner3/netcore/" className="Unfold.Tests.SettingsDashboardTests" name="HomeSeparatesAllSixTimerStateTitlesWithoutHelperCopy" />
    </UnitTest>
    <UnitTest name="Unfold.Tests.SettingsDashboardTests.DebugPreviewButtonsAreOptInAndDoNotChangeLiveState" storage="/users/hwanghyeonseong/.codex/worktrees/6bca/unfold/tests/unfold.tests/bin/release/net10.0/unfold.tests.dll" id="21628371-5b16-5ca7-ef84-3d60be0b1744">
      <Execution id="874bdb39-593d-4134-90d6-657ca7f35be8" />
      <TestMethod codeBase="/Users/hwanghyeonseong/.codex/worktrees/6bca/Unfold/Tests/Unfold.Tests/bin/Release/net10.0/Unfold.Tests.dll" adapterTypeName="executor://xunit/VsTestRunner3/netcore/" className="Unfold.Tests.SettingsDashboardTests" name="DebugPreviewButtonsAreOptInAndDoNotChangeLiveState" />
    </UnitTest>
    <UnitTest name="Unfold.Tests.SettingsDashboardTests.PreferencesBodyUsesTheAvailableHeightWithoutSaveOrCancelActions" storage="/users/hwanghyeonseong/.codex/worktrees/6bca/unfold/tests/unfold.tests/bin/release/net10.0/unfold.tests.dll" id="757c0c5a-f86c-3c6b-779c-f31914c2b4e6">
      <Execution id="28f2c01b-0b4c-46cb-8f06-c7af5eec2e31" />
      <TestMethod codeBase="/Users/hwanghyeonseong/.codex/worktrees/6bca/Unfold/Tests/Unfold.Tests/bin/Release/net10.0/Unfold.Tests.dll" adapterTypeName="executor://xunit/VsTestRunner3/netcore/" className="Unfold.Tests.SettingsDashboardTests" name="PreferencesBodyUsesTheAvailableHeightWithoutSaveOrCancelActions" />
    </UnitTest>
    <UnitTest name="Unfold.Tests.SettingsDashboardTests.SingleColumnTabContentIsCenteredAndStillFitsAtMinimumWidth" storage="/users/hwanghyeonseong/.codex/worktrees/6bca/unfold/tests/unfold.tests/bin/release/net10.0/unfold.tests.dll" id="027c4864-15fe-8184-0d1b-e95491349390">
      <Execution id="b9e0af53-c999-42da-961a-f2e4b5446083" />
      <TestMethod codeBase="/Users/hwanghyeonseong/.codex/worktrees/6bca/Unfold/Tests/Unfold.Tests/bin/Release/net10.0/Unfold.Tests.dll" adapterTypeName="executor://xunit/VsTestRunner3/netcore/" className="Unfold.Tests.SettingsDashboardTests" name="SingleColumnTabContentIsCenteredAndStillFitsAtMinimumWidth" />
    </UnitTest>
    <UnitTest name="Unfold.Tests.WindowControlTests.MacHeaderDragMovesTheWindowAndStopsOnReleaseAndCaptureLoss" storage="/users/hwanghyeonseong/.codex/worktrees/6bca/unfold/tests/unfold.tests/bin/release/net10.0/unfold.tests.dll" id="aa1574a4-855c-addd-9384-ae1ea06676d7">
      <Execution id="93226ce5-dfbe-42a8-b480-7108167af1e9" />
      <TestMethod codeBase="/Users/hwanghyeonseong/.codex/worktrees/6bca/Unfold/Tests/Unfold.Tests/bin/Release/net10.0/Unfold.Tests.dll" adapterTypeName="executor://xunit/VsTestRunner3/netcore/" className="Unfold.Tests.WindowControlTests" name="MacHeaderDragMovesTheWindowAndStopsOnReleaseAndCaptureLoss" />
    </UnitTest>
  </TestDefinitions>
  <TestEntries>
    <TestEntry testId="63b2f842-dd37-45b6-ad06-1532b653913f" executionId="316d5d9e-e2be-48e0-b7bf-0f7c546de6fb" testListId="8c84fa94-04c1-424b-9868-57a2d4851a1d" />
    <TestEntry testId="7f8a9f98-c0cf-87da-508e-e74e9ec177a3" executionId="9e47e976-ecb5-4d03-b22f-27a4479d226c" testListId="8c84fa94-04c1-424b-9868-57a2d4851a1d" />
    <TestEntry testId="892f5043-960e-d8c3-ef54-1e21c505757f" executionId="c75eee52-a029-4169-b78f-60efda6a7e3a" testListId="8c84fa94-04c1-424b-9868-57a2d4851a1d" />
    <TestEntry testId="6f51d2e5-9584-a408-c426-c50e28ab9940" executionId="cca12821-ff2c-45b5-8b6f-1c0587ae100a" testListId="8c84fa94-04c1-424b-9868-57a2d4851a1d" />
    <TestEntry testId="8f658fd9-df6a-ee2e-c408-6809c412c530" executionId="575829e1-d928-465c-9022-5e96fd95365e" testListId="8c84fa94-04c1-424b-9868-57a2d4851a1d" />
    <TestEntry testId="0c34b5ba-c22c-3277-c877-8b3d199e187a" executionId="98aa89f8-64b6-431a-9998-ea943e807b52" testListId="8c84fa94-04c1-424b-9868-57a2d4851a1d" />
    <TestEntry testId="ae934a35-502d-e979-dd72-c10a489776fd" executionId="a18349a6-5ff2-4f9a-a7b9-3a408033d4f9" testListId="8c84fa94-04c1-424b-9868-57a2d4851a1d" />
    <TestEntry testId="8b659b50-cf9f-4cef-35b3-c15141b2b89d" executionId="3c52331f-233a-48c6-bd41-5279331a97b4" testListId="8c84fa94-04c1-424b-9868-57a2d4851a1d" />
    <TestEntry testId="0cac221d-ed51-f3c8-84ec-679d8c89002b" executionId="6ad8ce4e-6328-40ef-a08a-3e7f9bc0bbb8" testListId="8c84fa94-04c1-424b-9868-57a2d4851a1d" />
    <TestEntry testId="a00f8f85-d073-0647-03f5-1ea29ed76620" executionId="c8f9fd07-1d21-4430-a987-08b0e2142d0d" testListId="8c84fa94-04c1-424b-9868-57a2d4851a1d" />
    <TestEntry testId="91453cac-20f3-2c1d-e726-061532a282ad" executionId="b9573245-847e-498a-bc18-9277a4bd7863" testListId="8c84fa94-04c1-424b-9868-57a2d4851a1d" />
    <TestEntry testId="8a2fc367-1a82-8dfd-5191-99f55f762e9b" executionId="94c13322-a54b-44ca-9097-2740899c1e87" testListId="8c84fa94-04c1-424b-9868-57a2d4851a1d" />
    <TestEntry testId="8b4e77d3-dc13-cf4f-dc52-19495c248c0e" executionId="e9ea0d1b-f397-4f93-a272-3bc37628cabc" testListId="8c84fa94-04c1-424b-9868-57a2d4851a1d" />
    <TestEntry testId="9267060e-fa60-ec85-7b01-8974887812f9" executionId="7bfe6281-cf80-47ba-9ab1-18507a988a81" testListId="8c84fa94-04c1-424b-9868-57a2d4851a1d" />
    <TestEntry testId="aa1574a4-855c-addd-9384-ae1ea06676d7" executionId="93226ce5-dfbe-42a8-b480-7108167af1e9" testListId="8c84fa94-04c1-424b-9868-57a2d4851a1d" />
    <TestEntry testId="38d3ab67-4d5f-b52a-582d-3415baf19320" executionId="16ae478f-ca22-4941-9a9e-521f2ce0b362" testListId="8c84fa94-04c1-424b-9868-57a2d4851a1d" />
    <TestEntry testId="e4edc4ba-f57c-2eb9-4648-4171c539c076" executionId="66ccb866-82c3-4062-a9df-1e3da3442cc4" testListId="8c84fa94-04c1-424b-9868-57a2d4851a1d" />
    <TestEntry testId="21628371-5b16-5ca7-ef84-3d60be0b1744" executionId="874bdb39-593d-4134-90d6-657ca7f35be8" testListId="8c84fa94-04c1-424b-9868-57a2d4851a1d" />
    <TestEntry testId="619c159c-b18a-3e2d-05bd-7f1596a7d15d" executionId="62325af3-32f2-4db3-b4e9-d9f7af1a96f5" testListId="8c84fa94-04c1-424b-9868-57a2d4851a1d" />
    <TestEntry testId="23dcf263-114b-a158-d6a7-d1dea459ab37" executionId="96a404ef-94f8-46d4-b2e4-490e16e0ab18" testListId="8c84fa94-04c1-424b-9868-57a2d4851a1d" />
    <TestEntry testId="d9b46d26-d82d-8b9e-c081-db48f531051f" executionId="bc998ad7-4f43-4758-a9bd-6bec3084a306" testListId="8c84fa94-04c1-424b-9868-57a2d4851a1d" />
    <TestEntry testId="359c83fb-88f8-76aa-37d9-f43b5fad5374" executionId="2efaff52-1fd9-4e7d-85f1-1bf39c0f145d" testListId="8c84fa94-04c1-424b-9868-57a2d4851a1d" />
    <TestEntry testId="215941ed-a2c7-1757-e4d6-7fb1081900aa" executionId="546468fd-196e-404d-8ca4-339baa11de65" testListId="8c84fa94-04c1-424b-9868-57a2d4851a1d" />
    <TestEntry testId="027c4864-15fe-8184-0d1b-e95491349390" executionId="b9e0af53-c999-42da-961a-f2e4b5446083" testListId="8c84fa94-04c1-424b-9868-57a2d4851a1d" />
    <TestEntry testId="99f7cd8c-54e7-6751-010c-40e72ba322ed" executionId="e59348df-8d9a-43ae-a817-139bd46cd3c9" testListId="8c84fa94-04c1-424b-9868-57a2d4851a1d" />
    <TestEntry testId="b44e6f25-af2f-7059-5b0f-65daca28c9fa" executionId="300dec94-a227-44fa-91a3-e04dc9514a39" testListId="8c84fa94-04c1-424b-9868-57a2d4851a1d" />
    <TestEntry testId="cc20e5fd-76f4-d75b-816c-2a87f2bb839a" executionId="6805658e-fcd8-41d9-98a6-fcdbaba1b460" testListId="8c84fa94-04c1-424b-9868-57a2d4851a1d" />
    <TestEntry testId="757c0c5a-f86c-3c6b-779c-f31914c2b4e6" executionId="28f2c01b-0b4c-46cb-8f06-c7af5eec2e31" testListId="8c84fa94-04c1-424b-9868-57a2d4851a1d" />
    <TestEntry testId="a3f638f9-27a4-1712-721b-822dafb3d4d8" executionId="d371881a-af94-492a-99bb-ce6d98e73113" testListId="8c84fa94-04c1-424b-9868-57a2d4851a1d" />
  </TestEntries>
  <TestLists>
    <TestList name="목록에 없는 결과" id="8c84fa94-04c1-424b-9868-57a2d4851a1d" />
    <TestList name="로드된 모든 결과" id="19431567-8539-422a-85d7-44ee4e166bda" />
  </TestLists>
  <ResultSummary outcome="Completed">
    <Counters total="29" executed="29" passed="29" failed="0" error="0" timeout="0" aborted="0" inconclusive="0" passedButRunAborted="0" notRunnable="0" notExecuted="0" disconnected="0" warning="0" completed="0" inProgress="0" pending="0" />
    <Output>
      <StdOut>[xUnit.net 00:00:00.00] xUnit.net VSTest Adapter v3.1.4+50e68bbb8b (64-bit .NET 10.0.12)
[xUnit.net 00:00:00.54]   Discovering: Unfold.Tests
[xUnit.net 00:00:00.82]   Discovered:  Unfold.Tests
[xUnit.net 00:00:01.31]   Starting:    Unfold.Tests
[xUnit.net 00:00:05.55]   Finished:    Unfold.Tests
</StdOut>
    </Output>
  </ResultSummary>
</TestRun>