<?xml version="1.0" encoding="utf-8"?>
<TestRun id="4869e96f-a0ed-4e46-bc24-d8b2d6a8bc95" name="@hwanghyeonseong-ui-MacBookAir 2026-10-06 00:44:32" xmlns="http://microsoft.com/schemas/VisualStudio/TeamTest/2010">
  <Times creation="2026-10-06T00:44:32.7107230+09:00" queuing="2026-10-06T00:44:32.7107230+09:00" start="2026-10-06T00:44:30.5953650+09:00" finish="2026-10-06T00:44:33.9085070+09:00" />
  <TestSettings name="default" id="4f0d4ec3-48b2-420f-a2bb-c826056eb3e7">
    <Deployment runDeploymentRoot="_hwanghyeonseong-ui-MacBookAir_2026-10-06_00_44_32" />
  </TestSettings>
  <Results>
    <UnitTestResult executionId="19dcfe5c-cf5d-4694-a300-36de71b7d8fa" testId="209db283-3536-3d1f-7574-6c46b02b19ad" testName="Unfold.Tests.PetHoverTests.TimeAndCountdownRefreshAndShowPausedStoppedAndIdleStates" computerName="hwanghyeonseong-ui-MacBookAir" duration="00:00:00.0113116" startTime="2026-10-06T00:44:33.6375080+09:00" endTime="2026-10-06T00:44:33.6488530+09:00" testType="13cdc9d9-ddb5-4fa4-a97d-d965ccfc6d4b" outcome="Passed" testListId="8c84fa94-04c1-424b-9868-57a2d4851a1d" relativeResultsDirectory="19dcfe5c-cf5d-4694-a300-36de71b7d8fa" />
    <UnitTestResult executionId="b9bd30a9-e9fc-49a2-9c31-92032255d430" testId="f711a0ee-3f48-55ba-9bf7-1853a9757238" testName="Unfold.Tests.PetHoverTests.CursorPollingRequiresANonzeroWindowsNativeHandle(descriptor: &quot;NSWindow&quot;, value: 1, expected: False)" computerName="hwanghyeonseong-ui-MacBookAir" duration="00:00:00.0000088" startTime="2026-10-06T00:44:31.8691070+09:00" endTime="2026-10-06T00:44:31.8691280+09:00" testType="13cdc9d9-ddb5-4fa4-a97d-d965ccfc6d4b" outcome="Passed" testListId="8c84fa94-04c1-424b-9868-57a2d4851a1d" relativeResultsDirectory="b9bd30a9-e9fc-49a2-9c31-92032255d430" />
    <UnitTestResult executionId="36948a83-62d9-4f82-a627-339a419a1b68" testId="a1eccb7b-65fa-6431-42d3-b34f13c4c64f" testName="Unfold.Tests.PetHoverTests.HoverWindowMovesOnlyAfterThePetVisualHasItsNewOffset(direction: Bottom)" computerName="hwanghyeonseong-ui-MacBookAir" duration="00:00:00.0377195" startTime="2026-10-06T00:44:33.1343270+09:00" endTime="2026-10-06T00:44:33.1720800+09:00" testType="13cdc9d9-ddb5-4fa4-a97d-d965ccfc6d4b" outcome="Passed" testListId="8c84fa94-04c1-424b-9868-57a2d4851a1d" relativeResultsDirectory="36948a83-62d9-4f82-a627-339a419a1b68" />
    <UnitTestResult executionId="9e6f0ef5-f65a-4942-94bd-3701c2b9e681" testId="858ef1e5-45c6-5bff-8573-fa9167adbe78" testName="Unfold.Tests.PetHoverTests.HoverFitsAtEveryMonitorCornerWithoutMovingThePet(scale: 1.5, size: 192)" computerName="hwanghyeonseong-ui-MacBookAir" duration="00:00:00.0001356" startTime="2026-10-06T00:44:33.3738550+09:00" endTime="2026-10-06T00:44:33.3740050+09:00" testType="13cdc9d9-ddb5-4fa4-a97d-d965ccfc6d4b" outcome="Passed" testListId="8c84fa94-04c1-424b-9868-57a2d4851a1d" relativeResultsDirectory="9e6f0ef5-f65a-4942-94bd-3701c2b9e681" />
    <UnitTestResult executionId="bcdd7964-4d27-4327-a487-39929a097f5d" testId="8ba4b042-8776-b2db-9f19-2c3030f02a77" testName="Unfold.Tests.PetHoverTests.HoverFitsAtEveryMonitorCornerWithoutMovingThePet(scale: 2, size: 288)" computerName="hwanghyeonseong-ui-MacBookAir" duration="00:00:00.0000679" startTime="2026-10-06T00:44:33.3741190+09:00" endTime="2026-10-06T00:44:33.3742030+09:00" testType="13cdc9d9-ddb5-4fa4-a97d-d965ccfc6d4b" outcome="Passed" testListId="8c84fa94-04c1-424b-9868-57a2d4851a1d" relativeResultsDirectory="bcdd7964-4d27-4327-a487-39929a097f5d" />
    <UnitTestResult executionId="9fb7c248-8ab7-4f16-90ea-29652a843870" testId="e800fad4-cfa2-707c-458d-8e31a315ed49" testName="Unfold.Tests.PetHoverTests.HoverEntryAndExitNeverResizeOrMoveTheNativePetSurface(direction: Left)" computerName="hwanghyeonseong-ui-MacBookAir" duration="00:00:00.0325699" startTime="2026-10-06T00:44:33.4108200+09:00" endTime="2026-10-06T00:44:33.4434180+09:00" testType="13cdc9d9-ddb5-4fa4-a97d-d965ccfc6d4b" outcome="Passed" testListId="8c84fa94-04c1-424b-9868-57a2d4851a1d" relativeResultsDirectory="9fb7c248-8ab7-4f16-90ea-29652a843870" />
    <UnitTestResult executionId="f4243f01-590b-484e-8483-c4998ce041a6" testId="b1e7a139-d9d9-8e8f-8498-412ff1a08baf" testName="Unfold.Tests.PetClickThroughTests.PixelPickingFollowsSizeAndFacingDirection(scale: 150, mirrored: False)" computerName="hwanghyeonseong-ui-MacBookAir" duration="00:00:00.0231542" startTime="2026-10-06T00:44:33.7151140+09:00" endTime="2026-10-06T00:44:33.7382950+09:00" testType="13cdc9d9-ddb5-4fa4-a97d-d965ccfc6d4b" outcome="Passed" testListId="8c84fa94-04c1-424b-9868-57a2d4851a1d" relativeResultsDirectory="f4243f01-590b-484e-8483-c4998ce041a6" />
    <UnitTestResult executionId="e09c3199-80e6-4a89-8bf5-c0bfb75a351a" testId="ca50678b-5159-c5ef-3da6-f069222a9987" testName="Unfold.Tests.PetClickThroughTests.PixelPickingFollowsSizeAndFacingDirection(scale: 100, mirrored: True)" computerName="hwanghyeonseong-ui-MacBookAir" duration="00:00:00.0228714" startTime="2026-10-06T00:44:33.7403010+09:00" endTime="2026-10-06T00:44:33.7632000+09:00" testType="13cdc9d9-ddb5-4fa4-a97d-d965ccfc6d4b" outcome="Passed" testListId="8c84fa94-04c1-424b-9868-57a2d4851a1d" relativeResultsDirectory="e09c3199-80e6-4a89-8bf5-c0bfb75a351a" />
    <UnitTestResult executionId="feecf61d-4968-4d93-893a-9705406c5c84" testId="ef0c72a6-3488-1f29-59c3-321de3d6b643" testName="Unfold.Tests.PetClickThroughTests.TransparentMarginsHolesAndEdgePixelsPassThrough" computerName="hwanghyeonseong-ui-MacBookAir" duration="00:00:00.0202690" startTime="2026-10-06T00:44:33.6548510+09:00" endTime="2026-10-06T00:44:33.6751470+09:00" testType="13cdc9d9-ddb5-4fa4-a97d-d965ccfc6d4b" outcome="Passed" testListId="8c84fa94-04c1-424b-9868-57a2d4851a1d" relativeResultsDirectory="feecf61d-4968-4d93-893a-9705406c5c84" />
    <UnitTestResult executionId="b098e55d-ea2c-4af4-8933-4e2988e10ef1" testId="a1e9bb70-15de-1bd7-e4cd-2ae78dcc72b5" testName="Unfold.Tests.PetClickThroughTests.CapturedDragRetainsInputUntilReleaseAndHiddenPetCannotCapture" computerName="hwanghyeonseong-ui-MacBookAir" duration="00:00:00.0300924" startTime="2026-10-06T00:44:33.8189250+09:00" endTime="2026-10-06T00:44:33.8490520+09:00" testType="13cdc9d9-ddb5-4fa4-a97d-d965ccfc6d4b" outcome="Passed" testListId="8c84fa94-04c1-424b-9868-57a2d4851a1d" relativeResultsDirectory="b098e55d-ea2c-4af4-8933-4e2988e10ef1" />
    <UnitTestResult executionId="b70a737a-8bee-47eb-a44a-48803ca76bc2" testId="b7d84f69-7180-fd6c-5399-6354c0c8376e" testName="Unfold.Tests.PetHoverTests.HoverWindowMovesOnlyAfterThePetVisualHasItsNewOffset(direction: Top)" computerName="hwanghyeonseong-ui-MacBookAir" duration="00:00:00.0296355" startTime="2026-10-06T00:44:33.2503360+09:00" endTime="2026-10-06T00:44:33.2800060+09:00" testType="13cdc9d9-ddb5-4fa4-a97d-d965ccfc6d4b" outcome="Passed" testListId="8c84fa94-04c1-424b-9868-57a2d4851a1d" relativeResultsDirectory="b70a737a-8bee-47eb-a44a-48803ca76bc2" />
    <UnitTestResult executionId="bc10595a-ca95-44ff-b60a-c60020a04c4b" testId="d8a7ad2f-a209-e41e-4f64-103ab2dd7ab0" testName="Unfold.Tests.PetClickThroughTests.MacInputRequiresARealNativeWindow(descriptor: &quot;NSWindow&quot;, value: 1, expected: True)" computerName="hwanghyeonseong-ui-MacBookAir" duration="00:00:00.0001377" startTime="2026-10-06T00:44:33.8165740+09:00" endTime="2026-10-06T00:44:33.8167250+09:00" testType="13cdc9d9-ddb5-4fa4-a97d-d965ccfc6d4b" outcome="Passed" testListId="8c84fa94-04c1-424b-9868-57a2d4851a1d" relativeResultsDirectory="bc10595a-ca95-44ff-b60a-c60020a04c4b" />
    <UnitTestResult executionId="2f78150f-49c1-4ff9-a81f-d70552be0811" testId="b7647d16-5b47-e669-3377-b6d421cf86bb" testName="Unfold.Tests.PetHoverTests.RepeatedClicksDoNotResizeOrMoveTheHoverWindow(original: False)" computerName="hwanghyeonseong-ui-MacBookAir" duration="00:00:00.3236085" startTime="2026-10-06T00:44:32.5427200+09:00" endTime="2026-10-06T00:44:32.8663730+09:00" testType="13cdc9d9-ddb5-4fa4-a97d-d965ccfc6d4b" outcome="Passed" testListId="8c84fa94-04c1-424b-9868-57a2d4851a1d" relativeResultsDirectory="2f78150f-49c1-4ff9-a81f-d70552be0811" />
    <UnitTestResult executionId="8ddccbc9-eec2-4e47-bc23-b4db80601f36" testId="36fb043c-c0a5-601a-b1c5-c3b1cb9aec59" testName="Unfold.Tests.PetHoverTests.PoseChangesCannotCancelHoverButLeavingTheStationaryPetAreaDoes" computerName="hwanghyeonseong-ui-MacBookAir" duration="00:00:00.0225332" startTime="2026-10-06T00:44:33.6125140+09:00" endTime="2026-10-06T00:44:33.6350840+09:00" testType="13cdc9d9-ddb5-4fa4-a97d-d965ccfc6d4b" outcome="Passed" testListId="8c84fa94-04c1-424b-9868-57a2d4851a1d" relativeResultsDirectory="8ddccbc9-eec2-4e47-bc23-b4db80601f36" />
    <UnitTestResult executionId="1b3d7893-475f-4491-9e6c-f924230cfa88" testId="507ff52c-1190-ff45-300f-e2e0deaca1a9" testName="Unfold.Tests.PetHoverTests.HoverWindowMovesOnlyAfterThePetVisualHasItsNewOffset(direction: Left)" computerName="hwanghyeonseong-ui-MacBookAir" duration="00:00:00.0360056" startTime="2026-10-06T00:44:33.2116920+09:00" endTime="2026-10-06T00:44:33.2477310+09:00" testType="13cdc9d9-ddb5-4fa4-a97d-d965ccfc6d4b" outcome="Passed" testListId="8c84fa94-04c1-424b-9868-57a2d4851a1d" relativeResultsDirectory="1b3d7893-475f-4491-9e6c-f924230cfa88" />
    <UnitTestResult executionId="741c3f4c-3f3c-4474-84ec-93f939dbfab2" testId="ff44931f-2356-80af-9739-1d5bd5698924" testName="Unfold.Tests.PetClickThroughTests.MacInputRequiresARealNativeWindow(descriptor: &quot;HWND&quot;, value: 1, expected: False)" computerName="hwanghyeonseong-ui-MacBookAir" duration="00:00:00.0000715" startTime="2026-10-06T00:44:33.8163750+09:00" endTime="2026-10-06T00:44:33.8164640+09:00" testType="13cdc9d9-ddb5-4fa4-a97d-d965ccfc6d4b" outcome="Passed" testListId="8c84fa94-04c1-424b-9868-57a2d4851a1d" relativeResultsDirectory="741c3f4c-3f3c-4474-84ec-93f939dbfab2" />
    <UnitTestResult executionId="fa57ae51-fcd7-46e1-9a5b-beb308306d62" testId="28bf5f89-69a6-2f0e-5117-f949418f9186" testName="Unfold.Tests.PetHoverTests.HoverEntryAndExitNeverResizeOrMoveTheNativePetSurface(direction: Bottom)" computerName="hwanghyeonseong-ui-MacBookAir" duration="00:00:00.0322318" startTime="2026-10-06T00:44:33.3764250+09:00" endTime="2026-10-06T00:44:33.4086820+09:00" testType="13cdc9d9-ddb5-4fa4-a97d-d965ccfc6d4b" outcome="Passed" testListId="8c84fa94-04c1-424b-9868-57a2d4851a1d" relativeResultsDirectory="fa57ae51-fcd7-46e1-9a5b-beb308306d62" />
    <UnitTestResult executionId="52c939f8-c352-4914-8fb6-953de3ed9646" testId="c56b4e51-b2b3-0c03-8699-76f969a8eac1" testName="Unfold.Tests.PetClickThroughTests.HoverBubblePassesThroughAndReminderRemainsInteractive" computerName="hwanghyeonseong-ui-MacBookAir" duration="00:00:00.0223276" startTime="2026-10-06T00:44:33.7936160+09:00" endTime="2026-10-06T00:44:33.8159680+09:00" testType="13cdc9d9-ddb5-4fa4-a97d-d965ccfc6d4b" outcome="Passed" testListId="8c84fa94-04c1-424b-9868-57a2d4851a1d" relativeResultsDirectory="52c939f8-c352-4914-8fb6-953de3ed9646" />
    <UnitTestResult executionId="e14f123f-0608-410a-95b3-6c489acb4627" testId="a1ea9808-7025-716f-c478-fbd24cb7337f" testName="Unfold.Tests.PetHoverTests.RepeatedClicksDoNotResizeOrMoveTheHoverWindow(original: True)" computerName="hwanghyeonseong-ui-MacBookAir" duration="00:00:00.2619339" startTime="2026-10-06T00:44:32.8692550+09:00" endTime="2026-10-06T00:44:33.1312380+09:00" testType="13cdc9d9-ddb5-4fa4-a97d-d965ccfc6d4b" outcome="Passed" testListId="8c84fa94-04c1-424b-9868-57a2d4851a1d" relativeResultsDirectory="e14f123f-0608-410a-95b3-6c489acb4627" />
    <UnitTestResult executionId="f6b158ce-fc3b-4536-b56e-80e18214484c" testId="7be37723-653b-2a00-1582-5f212c36e0ea" testName="Unfold.Tests.PetHoverTests.HoverWindowMovesOnlyAfterThePetVisualHasItsNewOffset(direction: Right)" computerName="hwanghyeonseong-ui-MacBookAir" duration="00:00:00.0340602" startTime="2026-10-06T00:44:33.1750370+09:00" endTime="2026-10-06T00:44:33.2091260+09:00" testType="13cdc9d9-ddb5-4fa4-a97d-d965ccfc6d4b" outcome="Passed" testListId="8c84fa94-04c1-424b-9868-57a2d4851a1d" relativeResultsDirectory="f6b158ce-fc3b-4536-b56e-80e18214484c" />
    <UnitTestResult executionId="d85b3a60-2e0d-4d6e-98df-a958783eb99a" testId="2f062efd-1c0a-817d-dfc5-681c50b013e7" testName="Unfold.Tests.PetHoverTests.PressBeforeQueuedHoverLayoutDoesNotJumpWhenDraggingStarts" computerName="hwanghyeonseong-ui-MacBookAir" duration="00:00:00.0508642" startTime="2026-10-06T00:44:33.5587860+09:00" endTime="2026-10-06T00:44:33.6096900+09:00" testType="13cdc9d9-ddb5-4fa4-a97d-d965ccfc6d4b" outcome="Passed" testListId="8c84fa94-04c1-424b-9868-57a2d4851a1d" relativeResultsDirectory="d85b3a60-2e0d-4d6e-98df-a958783eb99a" />
    <UnitTestResult executionId="bdd7008d-4a86-4a0d-97c9-b70b7d7daeb5" testId="c7741de6-8e03-74de-162a-42c2cb7d0350" testName="Unfold.Tests.PetHoverTests.HeadlessPetNeverQualifiesForNativeCursorPolling" computerName="hwanghyeonseong-ui-MacBookAir" duration="00:00:00.0356638" startTime="2026-10-06T00:44:33.5205090+09:00" endTime="2026-10-06T00:44:33.5562130+09:00" testType="13cdc9d9-ddb5-4fa4-a97d-d965ccfc6d4b" outcome="Passed" testListId="8c84fa94-04c1-424b-9868-57a2d4851a1d" relativeResultsDirectory="bdd7008d-4a86-4a0d-97c9-b70b7d7daeb5" />
    <UnitTestResult executionId="db3a1fab-ca1e-403e-b781-c9434d8ff147" testId="ce198e5a-79ed-d4c8-0b27-95afad401980" testName="Unfold.Tests.PetHoverTests.PointerHoverShowsBothLinesAndLeavingOrHidingClosesIt" computerName="hwanghyeonseong-ui-MacBookAir" duration="00:00:00.0395747" startTime="2026-10-06T00:44:33.3326010+09:00" endTime="2026-10-06T00:44:33.3722090+09:00" testType="13cdc9d9-ddb5-4fa4-a97d-d965ccfc6d4b" outcome="Passed" testListId="8c84fa94-04c1-424b-9868-57a2d4851a1d" relativeResultsDirectory="db3a1fab-ca1e-403e-b781-c9434d8ff147" />
    <UnitTestResult executionId="6b7f5a1d-ee4e-4f94-8661-b4ecff142c61" testId="1156c7f0-a957-f5d6-1dbc-d401208fe8f8" testName="Unfold.Tests.PetClickThroughTests.MacInputRequiresARealNativeWindow(descriptor: &quot;Headless&quot;, value: 1, expected: False)" computerName="hwanghyeonseong-ui-MacBookAir" duration="00:00:00.0000086" startTime="2026-10-06T00:44:33.8169510+09:00" endTime="2026-10-06T00:44:33.8169700+09:00" testType="13cdc9d9-ddb5-4fa4-a97d-d965ccfc6d4b" outcome="Passed" testListId="8c84fa94-04c1-424b-9868-57a2d4851a1d" relativeResultsDirectory="6b7f5a1d-ee4e-4f94-8661-b4ecff142c61" />
    <UnitTestResult executionId="b2a3a6e8-95d7-493e-b9f1-7fdfb6606f80" testId="6af71f90-3617-1cd3-6157-909f4ad541b2" testName="Unfold.Tests.PetHoverTests.HoverFitsAtEveryMonitorCornerWithoutMovingThePet(scale: 1, size: 96)" computerName="hwanghyeonseong-ui-MacBookAir" duration="00:00:00.0006621" startTime="2026-10-06T00:44:33.3730360+09:00" endTime="2026-10-06T00:44:33.3737220+09:00" testType="13cdc9d9-ddb5-4fa4-a97d-d965ccfc6d4b" outcome="Passed" testListId="8c84fa94-04c1-424b-9868-57a2d4851a1d" relativeResultsDirectory="b2a3a6e8-95d7-493e-b9f1-7fdfb6606f80" />
    <UnitTestResult executionId="f61d1886-fca3-4398-a5db-7aacac8fd4c8" testId="6cd0f131-358f-23ce-e115-4a3d14927e55" testName="Unfold.Tests.PetClickThroughTests.PixelPickingFollowsSizeAndFacingDirection(scale: 50, mirrored: False)" computerName="hwanghyeonseong-ui-MacBookAir" duration="00:00:00.0260250" startTime="2026-10-06T00:44:33.7652750+09:00" endTime="2026-10-06T00:44:33.7913270+09:00" testType="13cdc9d9-ddb5-4fa4-a97d-d965ccfc6d4b" outcome="Passed" testListId="8c84fa94-04c1-424b-9868-57a2d4851a1d" relativeResultsDirectory="f61d1886-fca3-4398-a5db-7aacac8fd4c8" />
    <UnitTestResult executionId="99bf4c18-6a14-44a2-95a0-deae99a23c8d" testId="6bc89ae7-e7e8-f36b-55e3-9e77106a6787" testName="Unfold.Tests.PetHoverTests.CursorPollingRequiresANonzeroWindowsNativeHandle(descriptor: &quot;HWND&quot;, value: 1, expected: True)" computerName="hwanghyeonseong-ui-MacBookAir" duration="00:00:00.0000098" startTime="2026-10-06T00:44:31.8692310+09:00" endTime="2026-10-06T00:44:31.8692510+09:00" testType="13cdc9d9-ddb5-4fa4-a97d-d965ccfc6d4b" outcome="Passed" testListId="8c84fa94-04c1-424b-9868-57a2d4851a1d" relativeResultsDirectory="99bf4c18-6a14-44a2-95a0-deae99a23c8d" />
    <UnitTestResult executionId="9fea5085-0a43-43ce-9469-0bbb42487899" testId="1ac4a4f9-1c07-ebfa-cc47-4fea8de725c2" testName="Unfold.Tests.PetClickThroughTests.NativePollingNeverUsesHeadlessHandles" computerName="hwanghyeonseong-ui-MacBookAir" duration="00:00:00.0219886" startTime="2026-10-06T00:44:33.8511320+09:00" endTime="2026-10-06T00:44:33.8731500+09:00" testType="13cdc9d9-ddb5-4fa4-a97d-d965ccfc6d4b" outcome="Passed" testListId="8c84fa94-04c1-424b-9868-57a2d4851a1d" relativeResultsDirectory="9fea5085-0a43-43ce-9469-0bbb42487899" />
    <UnitTestResult executionId="39fdc08d-5038-4c86-8e80-da14a3601143" testId="2550bbfd-1af2-c33e-a3a3-8aeb15a72a6e" testName="Unfold.Tests.PetClickThroughTests.CaptureMovingToAnotherWindowDoesNotBlockTransparentPixels" computerName="hwanghyeonseong-ui-MacBookAir" duration="00:00:00.0351396" startTime="2026-10-06T00:44:33.6772470+09:00" endTime="2026-10-06T00:44:33.7124190+09:00" testType="13cdc9d9-ddb5-4fa4-a97d-d965ccfc6d4b" outcome="Passed" testListId="8c84fa94-04c1-424b-9868-57a2d4851a1d" relativeResultsDirectory="39fdc08d-5038-4c86-8e80-da14a3601143" />
    <UnitTestResult executionId="e5e9646c-74a4-4f44-98ad-e9414bc3c1b7" testId="0e5651d4-b151-b8f2-b851-502b954d5480" testName="Unfold.Tests.PetHoverTests.CursorPollingRequiresANonzeroWindowsNativeHandle(descriptor: &quot;Headless&quot;, value: 1, expected: False)" computerName="hwanghyeonseong-ui-MacBookAir" duration="00:00:00.0001941" startTime="2026-10-06T00:44:31.8687450+09:00" endTime="2026-10-06T00:44:31.8689740+09:00" testType="13cdc9d9-ddb5-4fa4-a97d-d965ccfc6d4b" outcome="Passed" testListId="8c84fa94-04c1-424b-9868-57a2d4851a1d" relativeResultsDirectory="e5e9646c-74a4-4f44-98ad-e9414bc3c1b7" />
    <UnitTestResult executionId="923aaacf-50bb-4e6e-a212-c9910d8f4740" testId="bc0b1a50-d727-cacb-cb8a-51a91452dc2f" testName="Unfold.Tests.PetClickThroughTests.MacInputRequiresARealNativeWindow(descriptor: &quot;NSWindow&quot;, value: 0, expected: False)" computerName="hwanghyeonseong-ui-MacBookAir" duration="00:00:00.0000086" startTime="2026-10-06T00:44:33.8168310+09:00" endTime="2026-10-06T00:44:33.8168510+09:00" testType="13cdc9d9-ddb5-4fa4-a97d-d965ccfc6d4b" outcome="Passed" testListId="8c84fa94-04c1-424b-9868-57a2d4851a1d" relativeResultsDirectory="923aaacf-50bb-4e6e-a212-c9910d8f4740" />
    <UnitTestResult executionId="8f5bec5d-fe54-438e-8938-2cb03e2d1ab8" testId="7f5a63b1-3c0f-0be1-5976-b28c30f69f48" testName="Unfold.Tests.PetHoverTests.HoverEntryAndExitNeverResizeOrMoveTheNativePetSurface(direction: Right)" computerName="hwanghyeonseong-ui-MacBookAir" duration="00:00:00.0360749" startTime="2026-10-06T00:44:33.4456610+09:00" endTime="2026-10-06T00:44:33.4817820+09:00" testType="13cdc9d9-ddb5-4fa4-a97d-d965ccfc6d4b" outcome="Passed" testListId="8c84fa94-04c1-424b-9868-57a2d4851a1d" relativeResultsDirectory="8f5bec5d-fe54-438e-8938-2cb03e2d1ab8" />
    <UnitTestResult executionId="f64290b1-707f-41c6-86fe-d70705ab39a9" testId="c0242da2-1514-f8c6-56c5-11efa016a499" testName="Unfold.Tests.PetHoverTests.HoverEntryAndExitNeverResizeOrMoveTheNativePetSurface(direction: Top)" computerName="hwanghyeonseong-ui-MacBookAir" duration="00:00:00.0307189" startTime="2026-10-06T00:44:33.4874170+09:00" endTime="2026-10-06T00:44:33.5181730+09:00" testType="13cdc9d9-ddb5-4fa4-a97d-d965ccfc6d4b" outcome="Passed" testListId="8c84fa94-04c1-424b-9868-57a2d4851a1d" relativeResultsDirectory="f64290b1-707f-41c6-86fe-d70705ab39a9" />
    <UnitTestResult executionId="9cfd673c-d3b9-452a-9011-2a9b1b760396" testId="61a7fcc5-dcae-801b-25ad-ae01360b6541" testName="Unfold.Tests.PetHoverTests.CursorPollingRequiresANonzeroWindowsNativeHandle(descriptor: &quot;HWND&quot;, value: 0, expected: False)" computerName="hwanghyeonseong-ui-MacBookAir" duration="00:00:00.0172298" startTime="2026-10-06T00:44:31.8456920+09:00" endTime="2026-10-06T00:44:31.8668000+09:00" testType="13cdc9d9-ddb5-4fa4-a97d-d965ccfc6d4b" outcome="Passed" testListId="8c84fa94-04c1-424b-9868-57a2d4851a1d" relativeResultsDirectory="9cfd673c-d3b9-452a-9011-2a9b1b760396" />
    <UnitTestResult executionId="205d6d1d-1f61-4e4f-b346-8f467809ea79" testId="203d6de7-496a-9ff9-1826-7876eab96400" testName="Unfold.Tests.PetHoverTests.ReminderTakesPriorityAndTheHoverCannotReplaceItsActions" computerName="hwanghyeonseong-ui-MacBookAir" duration="00:00:00.0479093" startTime="2026-10-06T00:44:33.2823590+09:00" endTime="2026-10-06T00:44:33.3303010+09:00" testType="13cdc9d9-ddb5-4fa4-a97d-d965ccfc6d4b" outcome="Passed" testListId="8c84fa94-04c1-424b-9868-57a2d4851a1d" relativeResultsDirectory="205d6d1d-1f61-4e4f-b346-8f467809ea79" />
    <UnitTestResult executionId="71330abd-8cfb-49bb-8e72-ce644e1c50eb" testId="7a9cbd22-d4c1-4969-ecee-8debe260ace7" testName="Unfold.Tests.PetHoverTests.HoverDoesNotInterfereWithDraggingOrPersistAnAutomaticPosition" computerName="hwanghyeonseong-ui-MacBookAir" duration="00:00:00.4566118" startTime="2026-10-06T00:44:32.0800770+09:00" endTime="2026-10-06T00:44:32.5373120+09:00" testType="13cdc9d9-ddb5-4fa4-a97d-d965ccfc6d4b" outcome="Passed" testListId="8c84fa94-04c1-424b-9868-57a2d4851a1d" relativeResultsDirectory="71330abd-8cfb-49bb-8e72-ce644e1c50eb" />
  </Results>
  <TestDefinitions>
    <UnitTest name="Unfold.Tests.PetHoverTests.PoseChangesCannotCancelHoverButLeavingTheStationaryPetAreaDoes" storage="/users/hwanghyeonseong/.codex/worktrees/beta-v1-1-0/unfold/tests/unfold.tests/bin/release/net10.0/unfold.tests.dll" id="36fb043c-c0a5-601a-b1c5-c3b1cb9aec59">
      <Execution id="8ddccbc9-eec2-4e47-bc23-b4db80601f36" />
      <TestMethod codeBase="/Users/hwanghyeonseong/.codex/worktrees/beta-v1-1-0/Unfold/Tests/Unfold.Tests/bin/Release/net10.0/Unfold.Tests.dll" adapterTypeName="executor://xunit/VsTestRunner3/netcore/" className="Unfold.Tests.PetHoverTests" name="PoseChangesCannotCancelHoverButLeavingTheStationaryPetAreaDoes" />
    </UnitTest>
    <UnitTest name="Unfold.Tests.PetClickThroughTests.MacInputRequiresARealNativeWindow(descriptor: &quot;NSWindow&quot;, value: 1, expected: True)" storage="/users/hwanghyeonseong/.codex/worktrees/beta-v1-1-0/unfold/tests/unfold.tests/bin/release/net10.0/unfold.tests.dll" id="d8a7ad2f-a209-e41e-4f64-103ab2dd7ab0">
      <Execution id="bc10595a-ca95-44ff-b60a-c60020a04c4b" />
      <TestMethod codeBase="/Users/hwanghyeonseong/.codex/worktrees/beta-v1-1-0/Unfold/Tests/Unfold.Tests/bin/Release/net10.0/Unfold.Tests.dll" adapterTypeName="executor://xunit/VsTestRunner3/netcore/" className="Unfold.Tests.PetClickThroughTests" name="MacInputRequiresARealNativeWindow" />
    </UnitTest>
    <UnitTest name="Unfold.Tests.PetHoverTests.ReminderTakesPriorityAndTheHoverCannotReplaceItsActions" storage="/users/hwanghyeonseong/.codex/worktrees/beta-v1-1-0/unfold/tests/unfold.tests/bin/release/net10.0/unfold.tests.dll" id="203d6de7-496a-9ff9-1826-7876eab96400">
      <Execution id="205d6d1d-1f61-4e4f-b346-8f467809ea79" />
      <TestMethod codeBase="/Users/hwanghyeonseong/.codex/worktrees/beta-v1-1-0/Unfold/Tests/Unfold.Tests/bin/Release/net10.0/Unfold.Tests.dll" adapterTypeName="executor://xunit/VsTestRunner3/netcore/" className="Unfold.Tests.PetHoverTests" name="ReminderTakesPriorityAndTheHoverCannotReplaceItsActions" />
    </UnitTest>
    <UnitTest name="Unfold.Tests.PetClickThroughTests.MacInputRequiresARealNativeWindow(descriptor: &quot;HWND&quot;, value: 1, expected: False)" storage="/users/hwanghyeonseong/.codex/worktrees/beta-v1-1-0/unfold/tests/unfold.tests/bin/release/net10.0/unfold.tests.dll" id="ff44931f-2356-80af-9739-1d5bd5698924">
      <Execution id="741c3f4c-3f3c-4474-84ec-93f939dbfab2" />
      <TestMethod codeBase="/Users/hwanghyeonseong/.codex/worktrees/beta-v1-1-0/Unfold/Tests/Unfold.Tests/bin/Release/net10.0/Unfold.Tests.dll" adapterTypeName="executor://xunit/VsTestRunner3/netcore/" className="Unfold.Tests.PetClickThroughTests" name="MacInputRequiresARealNativeWindow" />
    </UnitTest>
    <UnitTest name="Unfold.Tests.PetClickThroughTests.TransparentMarginsHolesAndEdgePixelsPassThrough" storage="/users/hwanghyeonseong/.codex/worktrees/beta-v1-1-0/unfold/tests/unfold.tests/bin/release/net10.0/unfold.tests.dll" id="ef0c72a6-3488-1f29-59c3-321de3d6b643">
      <Execution id="feecf61d-4968-4d93-893a-9705406c5c84" />
      <TestMethod codeBase="/Users/hwanghyeonseong/.codex/worktrees/beta-v1-1-0/Unfold/Tests/Unfold.Tests/bin/Release/net10.0/Unfold.Tests.dll" adapterTypeName="executor://xunit/VsTestRunner3/netcore/" className="Unfold.Tests.PetClickThroughTests" name="TransparentMarginsHolesAndEdgePixelsPassThrough" />
    </UnitTest>
    <UnitTest name="Unfold.Tests.PetClickThroughTests.NativePollingNeverUsesHeadlessHandles" storage="/users/hwanghyeonseong/.codex/worktrees/beta-v1-1-0/unfold/tests/unfold.tests/bin/release/net10.0/unfold.tests.dll" id="1ac4a4f9-1c07-ebfa-cc47-4fea8de725c2">
      <Execution id="9fea5085-0a43-43ce-9469-0bbb42487899" />
      <TestMethod codeBase="/Users/hwanghyeonseong/.codex/worktrees/beta-v1-1-0/Unfold/Tests/Unfold.Tests/bin/Release/net10.0/Unfold.Tests.dll" adapterTypeName="executor://xunit/VsTestRunner3/netcore/" className="Unfold.Tests.PetClickThroughTests" name="NativePollingNeverUsesHeadlessHandles" />
    </UnitTest>
    <UnitTest name="Unfold.Tests.PetClickThroughTests.MacInputRequiresARealNativeWindow(descriptor: &quot;Headless&quot;, value: 1, expected: False)" storage="/users/hwanghyeonseong/.codex/worktrees/beta-v1-1-0/unfold/tests/unfold.tests/bin/release/net10.0/unfold.tests.dll" id="1156c7f0-a957-f5d6-1dbc-d401208fe8f8">
      <Execution id="6b7f5a1d-ee4e-4f94-8661-b4ecff142c61" />
      <TestMethod codeBase="/Users/hwanghyeonseong/.codex/worktrees/beta-v1-1-0/Unfold/Tests/Unfold.Tests/bin/Release/net10.0/Unfold.Tests.dll" adapterTypeName="executor://xunit/VsTestRunner3/netcore/" className="Unfold.Tests.PetClickThroughTests" name="MacInputRequiresARealNativeWindow" />
    </UnitTest>
    <UnitTest name="Unfold.Tests.PetHoverTests.HoverDoesNotInterfereWithDraggingOrPersistAnAutomaticPosition" storage="/users/hwanghyeonseong/.codex/worktrees/beta-v1-1-0/unfold/tests/unfold.tests/bin/release/net10.0/unfold.tests.dll" id="7a9cbd22-d4c1-4969-ecee-8debe260ace7">
      <Execution id="71330abd-8cfb-49bb-8e72-ce644e1c50eb" />
      <TestMethod codeBase="/Users/hwanghyeonseong/.codex/worktrees/beta-v1-1-0/Unfold/Tests/Unfold.Tests/bin/Release/net10.0/Unfold.Tests.dll" adapterTypeName="executor://xunit/VsTestRunner3/netcore/" className="Unfold.Tests.PetHoverTests" name="HoverDoesNotInterfereWithDraggingOrPersistAnAutomaticPosition" />
    </UnitTest>
    <UnitTest name="Unfold.Tests.PetClickThroughTests.CaptureMovingToAnotherWindowDoesNotBlockTransparentPixels" storage="/users/hwanghyeonseong/.codex/worktrees/beta-v1-1-0/unfold/tests/unfold.tests/bin/release/net10.0/unfold.tests.dll" id="2550bbfd-1af2-c33e-a3a3-8aeb15a72a6e">
      <Execution id="39fdc08d-5038-4c86-8e80-da14a3601143" />
      <TestMethod codeBase="/Users/hwanghyeonseong/.codex/worktrees/beta-v1-1-0/Unfold/Tests/Unfold.Tests/bin/Release/net10.0/Unfold.Tests.dll" adapterTypeName="executor://xunit/VsTestRunner3/netcore/" className="Unfold.Tests.PetClickThroughTests" name="CaptureMovingToAnotherWindowDoesNotBlockTransparentPixels" />
    </UnitTest>
    <UnitTest name="Unfold.Tests.PetHoverTests.PointerHoverShowsBothLinesAndLeavingOrHidingClosesIt" storage="/users/hwanghyeonseong/.codex/worktrees/beta-v1-1-0/unfold/tests/unfold.tests/bin/release/net10.0/unfold.tests.dll" id="ce198e5a-79ed-d4c8-0b27-95afad401980">
      <Execution id="db3a1fab-ca1e-403e-b781-c9434d8ff147" />
      <TestMethod codeBase="/Users/hwanghyeonseong/.codex/worktrees/beta-v1-1-0/Unfold/Tests/Unfold.Tests/bin/Release/net10.0/Unfold.Tests.dll" adapterTypeName="executor://xunit/VsTestRunner3/netcore/" className="Unfold.Tests.PetHoverTests" name="PointerHoverShowsBothLinesAndLeavingOrHidingClosesIt" />
    </UnitTest>
    <UnitTest name="Unfold.Tests.PetHoverTests.HoverEntryAndExitNeverResizeOrMoveTheNativePetSurface(direction: Bottom)" storage="/users/hwanghyeonseong/.codex/worktrees/beta-v1-1-0/unfold/tests/unfold.tests/bin/release/net10.0/unfold.tests.dll" id="28bf5f89-69a6-2f0e-5117-f949418f9186">
      <Execution id="fa57ae51-fcd7-46e1-9a5b-beb308306d62" />
      <TestMethod codeBase="/Users/hwanghyeonseong/.codex/worktrees/beta-v1-1-0/Unfold/Tests/Unfold.Tests/bin/Release/net10.0/Unfold.Tests.dll" adapterTypeName="executor://xunit/VsTestRunner3/netcore/" className="Unfold.Tests.PetHoverTests" name="HoverEntryAndExitNeverResizeOrMoveTheNativePetSurface" />
    </UnitTest>
    <UnitTest name="Unfold.Tests.PetHoverTests.HoverWindowMovesOnlyAfterThePetVisualHasItsNewOffset(direction: Top)" storage="/users/hwanghyeonseong/.codex/worktrees/beta-v1-1-0/unfold/tests/unfold.tests/bin/release/net10.0/unfold.tests.dll" id="b7d84f69-7180-fd6c-5399-6354c0c8376e">
      <Execution id="b70a737a-8bee-47eb-a44a-48803ca76bc2" />
      <TestMethod codeBase="/Users/hwanghyeonseong/.codex/worktrees/beta-v1-1-0/Unfold/Tests/Unfold.Tests/bin/Release/net10.0/Unfold.Tests.dll" adapterTypeName="executor://xunit/VsTestRunner3/netcore/" className="Unfold.Tests.PetHoverTests" name="HoverWindowMovesOnlyAfterThePetVisualHasItsNewOffset" />
    </UnitTest>
    <UnitTest name="Unfold.Tests.PetHoverTests.RepeatedClicksDoNotResizeOrMoveTheHoverWindow(original: True)" storage="/users/hwanghyeonseong/.codex/worktrees/beta-v1-1-0/unfold/tests/unfold.tests/bin/release/net10.0/unfold.tests.dll" id="a1ea9808-7025-716f-c478-fbd24cb7337f">
      <Execution id="e14f123f-0608-410a-95b3-6c489acb4627" />
      <TestMethod codeBase="/Users/hwanghyeonseong/.codex/worktrees/beta-v1-1-0/Unfold/Tests/Unfold.Tests/bin/Release/net10.0/Unfold.Tests.dll" adapterTypeName="executor://xunit/VsTestRunner3/netcore/" className="Unfold.Tests.PetHoverTests" name="RepeatedClicksDoNotResizeOrMoveTheHoverWindow" />
    </UnitTest>
    <UnitTest name="Unfold.Tests.PetClickThroughTests.HoverBubblePassesThroughAndReminderRemainsInteractive" storage="/users/hwanghyeonseong/.codex/worktrees/beta-v1-1-0/unfold/tests/unfold.tests/bin/release/net10.0/unfold.tests.dll" id="c56b4e51-b2b3-0c03-8699-76f969a8eac1">
      <Execution id="52c939f8-c352-4914-8fb6-953de3ed9646" />
      <TestMethod codeBase="/Users/hwanghyeonseong/.codex/worktrees/beta-v1-1-0/Unfold/Tests/Unfold.Tests/bin/Release/net10.0/Unfold.Tests.dll" adapterTypeName="executor://xunit/VsTestRunner3/netcore/" className="Unfold.Tests.PetClickThroughTests" name="HoverBubblePassesThroughAndReminderRemainsInteractive" />
    </UnitTest>
    <UnitTest name="Unfold.Tests.PetClickThroughTests.PixelPickingFollowsSizeAndFacingDirection(scale: 100, mirrored: True)" storage="/users/hwanghyeonseong/.codex/worktrees/beta-v1-1-0/unfold/tests/unfold.tests/bin/release/net10.0/unfold.tests.dll" id="ca50678b-5159-c5ef-3da6-f069222a9987">
      <Execution id="e09c3199-80e6-4a89-8bf5-c0bfb75a351a" />
      <TestMethod codeBase="/Users/hwanghyeonseong/.codex/worktrees/beta-v1-1-0/Unfold/Tests/Unfold.Tests/bin/Release/net10.0/Unfold.Tests.dll" adapterTypeName="executor://xunit/VsTestRunner3/netcore/" className="Unfold.Tests.PetClickThroughTests" name="PixelPickingFollowsSizeAndFacingDirection" />
    </UnitTest>
    <UnitTest name="Unfold.Tests.PetHoverTests.HeadlessPetNeverQualifiesForNativeCursorPolling" storage="/users/hwanghyeonseong/.codex/worktrees/beta-v1-1-0/unfold/tests/unfold.tests/bin/release/net10.0/unfold.tests.dll" id="c7741de6-8e03-74de-162a-42c2cb7d0350">
      <Execution id="bdd7008d-4a86-4a0d-97c9-b70b7d7daeb5" />
      <TestMethod codeBase="/Users/hwanghyeonseong/.codex/worktrees/beta-v1-1-0/Unfold/Tests/Unfold.Tests/bin/Release/net10.0/Unfold.Tests.dll" adapterTypeName="executor://xunit/VsTestRunner3/netcore/" className="Unfold.Tests.PetHoverTests" name="HeadlessPetNeverQualifiesForNativeCursorPolling" />
    </UnitTest>
    <UnitTest name="Unfold.Tests.PetHoverTests.PressBeforeQueuedHoverLayoutDoesNotJumpWhenDraggingStarts" storage="/users/hwanghyeonseong/.codex/worktrees/beta-v1-1-0/unfold/tests/unfold.tests/bin/release/net10.0/unfold.tests.dll" id="2f062efd-1c0a-817d-dfc5-681c50b013e7">
      <Execution id="d85b3a60-2e0d-4d6e-98df-a958783eb99a" />
      <TestMethod codeBase="/Users/hwanghyeonseong/.codex/worktrees/beta-v1-1-0/Unfold/Tests/Unfold.Tests/bin/Release/net10.0/Unfold.Tests.dll" adapterTypeName="executor://xunit/VsTestRunner3/netcore/" className="Unfold.Tests.PetHoverTests" name="PressBeforeQueuedHoverLayoutDoesNotJumpWhenDraggingStarts" />
    </UnitTest>
    <UnitTest name="Unfold.Tests.PetClickThroughTests.PixelPickingFollowsSizeAndFacingDirection(scale: 50, mirrored: False)" storage="/users/hwanghyeonseong/.codex/worktrees/beta-v1-1-0/unfold/tests/unfold.tests/bin/release/net10.0/unfold.tests.dll" id="6cd0f131-358f-23ce-e115-4a3d14927e55">
      <Execution id="f61d1886-fca3-4398-a5db-7aacac8fd4c8" />
      <TestMethod codeBase="/Users/hwanghyeonseong/.codex/worktrees/beta-v1-1-0/Unfold/Tests/Unfold.Tests/bin/Release/net10.0/Unfold.Tests.dll" adapterTypeName="executor://xunit/VsTestRunner3/netcore/" className="Unfold.Tests.PetClickThroughTests" name="PixelPickingFollowsSizeAndFacingDirection" />
    </UnitTest>
    <UnitTest name="Unfold.Tests.PetHoverTests.TimeAndCountdownRefreshAndShowPausedStoppedAndIdleStates" storage="/users/hwanghyeonseong/.codex/worktrees/beta-v1-1-0/unfold/tests/unfold.tests/bin/release/net10.0/unfold.tests.dll" id="209db283-3536-3d1f-7574-6c46b02b19ad">
      <Execution id="19dcfe5c-cf5d-4694-a300-36de71b7d8fa" />
      <TestMethod codeBase="/Users/hwanghyeonseong/.codex/worktrees/beta-v1-1-0/Unfold/Tests/Unfold.Tests/bin/Release/net10.0/Unfold.Tests.dll" adapterTypeName="executor://xunit/VsTestRunner3/netcore/" className="Unfold.Tests.PetHoverTests" name="TimeAndCountdownRefreshAndShowPausedStoppedAndIdleStates" />
    </UnitTest>
    <UnitTest name="Unfold.Tests.PetHoverTests.HoverEntryAndExitNeverResizeOrMoveTheNativePetSurface(direction: Left)" storage="/users/hwanghyeonseong/.codex/worktrees/beta-v1-1-0/unfold/tests/unfold.tests/bin/release/net10.0/unfold.tests.dll" id="e800fad4-cfa2-707c-458d-8e31a315ed49">
      <Execution id="9fb7c248-8ab7-4f16-90ea-29652a843870" />
      <TestMethod codeBase="/Users/hwanghyeonseong/.codex/worktrees/beta-v1-1-0/Unfold/Tests/Unfold.Tests/bin/Release/net10.0/Unfold.Tests.dll" adapterTypeName="executor://xunit/VsTestRunner3/netcore/" className="Unfold.Tests.PetHoverTests" name="HoverEntryAndExitNeverResizeOrMoveTheNativePetSurface" />
    </UnitTest>
    <UnitTest name="Unfold.Tests.PetHoverTests.HoverEntryAndExitNeverResizeOrMoveTheNativePetSurface(direction: Top)" storage="/users/hwanghyeonseong/.codex/worktrees/beta-v1-1-0/unfold/tests/unfold.tests/bin/release/net10.0/unfold.tests.dll" id="c0242da2-1514-f8c6-56c5-11efa016a499">
      <Execution id="f64290b1-707f-41c6-86fe-d70705ab39a9" />
      <TestMethod codeBase="/Users/hwanghyeonseong/.codex/worktrees/beta-v1-1-0/Unfold/Tests/Unfold.Tests/bin/Release/net10.0/Unfold.Tests.dll" adapterTypeName="executor://xunit/VsTestRunner3/netcore/" className="Unfold.Tests.PetHoverTests" name="HoverEntryAndExitNeverResizeOrMoveTheNativePetSurface" />
    </UnitTest>
    <UnitTest name="Unfold.Tests.PetHoverTests.HoverFitsAtEveryMonitorCornerWithoutMovingThePet(scale: 2, size: 288)" storage="/users/hwanghyeonseong/.codex/worktrees/beta-v1-1-0/unfold/tests/unfold.tests/bin/release/net10.0/unfold.tests.dll" id="8ba4b042-8776-b2db-9f19-2c3030f02a77">
      <Execution id="bcdd7964-4d27-4327-a487-39929a097f5d" />
      <TestMethod codeBase="/Users/hwanghyeonseong/.codex/worktrees/beta-v1-1-0/Unfold/Tests/Unfold.Tests/bin/Release/net10.0/Unfold.Tests.dll" adapterTypeName="executor://xunit/VsTestRunner3/netcore/" className="Unfold.Tests.PetHoverTests" name="HoverFitsAtEveryMonitorCornerWithoutMovingThePet" />
    </UnitTest>
    <UnitTest name="Unfold.Tests.PetHoverTests.CursorPollingRequiresANonzeroWindowsNativeHandle(descriptor: &quot;NSWindow&quot;, value: 1, expected: False)" storage="/users/hwanghyeonseong/.codex/worktrees/beta-v1-1-0/unfold/tests/unfold.tests/bin/release/net10.0/unfold.tests.dll" id="f711a0ee-3f48-55ba-9bf7-1853a9757238">
      <Execution id="b9bd30a9-e9fc-49a2-9c31-92032255d430" />
      <TestMethod codeBase="/Users/hwanghyeonseong/.codex/worktrees/beta-v1-1-0/Unfold/Tests/Unfold.Tests/bin/Release/net10.0/Unfold.Tests.dll" adapterTypeName="executor://xunit/VsTestRunner3/netcore/" className="Unfold.Tests.PetHoverTests" name="CursorPollingRequiresANonzeroWindowsNativeHandle" />
    </UnitTest>
    <UnitTest name="Unfold.Tests.PetHoverTests.CursorPollingRequiresANonzeroWindowsNativeHandle(descriptor: &quot;Headless&quot;, value: 1, expected: False)" storage="/users/hwanghyeonseong/.codex/worktrees/beta-v1-1-0/unfold/tests/unfold.tests/bin/release/net10.0/unfold.tests.dll" id="0e5651d4-b151-b8f2-b851-502b954d5480">
      <Execution id="e5e9646c-74a4-4f44-98ad-e9414bc3c1b7" />
      <TestMethod codeBase="/Users/hwanghyeonseong/.codex/worktrees/beta-v1-1-0/Unfold/Tests/Unfold.Tests/bin/Release/net10.0/Unfold.Tests.dll" adapterTypeName="executor://xunit/VsTestRunner3/netcore/" className="Unfold.Tests.PetHoverTests" name="CursorPollingRequiresANonzeroWindowsNativeHandle" />
    </UnitTest>
    <UnitTest name="Unfold.Tests.PetClickThroughTests.PixelPickingFollowsSizeAndFacingDirection(scale: 150, mirrored: False)" storage="/users/hwanghyeonseong/.codex/worktrees/beta-v1-1-0/unfold/tests/unfold.tests/bin/release/net10.0/unfold.tests.dll" id="b1e7a139-d9d9-8e8f-8498-412ff1a08baf">
      <Execution id="f4243f01-590b-484e-8483-c4998ce041a6" />
      <TestMethod codeBase="/Users/hwanghyeonseong/.codex/worktrees/beta-v1-1-0/Unfold/Tests/Unfold.Tests/bin/Release/net10.0/Unfold.Tests.dll" adapterTypeName="executor://xunit/VsTestRunner3/netcore/" className="Unfold.Tests.PetClickThroughTests" name="PixelPickingFollowsSizeAndFacingDirection" />
    </UnitTest>
    <UnitTest name="Unfold.Tests.PetHoverTests.HoverFitsAtEveryMonitorCornerWithoutMovingThePet(scale: 1.5, size: 192)" storage="/users/hwanghyeonseong/.codex/worktrees/beta-v1-1-0/unfold/tests/unfold.tests/bin/release/net10.0/unfold.tests.dll" id="858ef1e5-45c6-5bff-8573-fa9167adbe78">
      <Execution id="9e6f0ef5-f65a-4942-94bd-3701c2b9e681" />
      <TestMethod codeBase="/Users/hwanghyeonseong/.codex/worktrees/beta-v1-1-0/Unfold/Tests/Unfold.Tests/bin/Release/net10.0/Unfold.Tests.dll" adapterTypeName="executor://xunit/VsTestRunner3/netcore/" className="Unfold.Tests.PetHoverTests" name="HoverFitsAtEveryMonitorCornerWithoutMovingThePet" />
    </UnitTest>
    <UnitTest name="Unfold.Tests.PetHoverTests.HoverEntryAndExitNeverResizeOrMoveTheNativePetSurface(direction: Right)" storage="/users/hwanghyeonseong/.codex/worktrees/beta-v1-1-0/unfold/tests/unfold.tests/bin/release/net10.0/unfold.tests.dll" id="7f5a63b1-3c0f-0be1-5976-b28c30f69f48">
      <Execution id="8f5bec5d-fe54-438e-8938-2cb03e2d1ab8" />
      <TestMethod codeBase="/Users/hwanghyeonseong/.codex/worktrees/beta-v1-1-0/Unfold/Tests/Unfold.Tests/bin/Release/net10.0/Unfold.Tests.dll" adapterTypeName="executor://xunit/VsTestRunner3/netcore/" className="Unfold.Tests.PetHoverTests" name="HoverEntryAndExitNeverResizeOrMoveTheNativePetSurface" />
    </UnitTest>
    <UnitTest name="Unfold.Tests.PetClickThroughTests.CapturedDragRetainsInputUntilReleaseAndHiddenPetCannotCapture" storage="/users/hwanghyeonseong/.codex/worktrees/beta-v1-1-0/unfold/tests/unfold.tests/bin/release/net10.0/unfold.tests.dll" id="a1e9bb70-15de-1bd7-e4cd-2ae78dcc72b5">
      <Execution id="b098e55d-ea2c-4af4-8933-4e2988e10ef1" />
      <TestMethod codeBase="/Users/hwanghyeonseong/.codex/worktrees/beta-v1-1-0/Unfold/Tests/Unfold.Tests/bin/Release/net10.0/Unfold.Tests.dll" adapterTypeName="executor://xunit/VsTestRunner3/netcore/" className="Unfold.Tests.PetClickThroughTests" name="CapturedDragRetainsInputUntilReleaseAndHiddenPetCannotCapture" />
    </UnitTest>
    <UnitTest name="Unfold.Tests.PetHoverTests.CursorPollingRequiresANonzeroWindowsNativeHandle(descriptor: &quot;HWND&quot;, value: 1, expected: True)" storage="/users/hwanghyeonseong/.codex/worktrees/beta-v1-1-0/unfold/tests/unfold.tests/bin/release/net10.0/unfold.tests.dll" id="6bc89ae7-e7e8-f36b-55e3-9e77106a6787">
      <Execution id="99bf4c18-6a14-44a2-95a0-deae99a23c8d" />
      <TestMethod codeBase="/Users/hwanghyeonseong/.codex/worktrees/beta-v1-1-0/Unfold/Tests/Unfold.Tests/bin/Release/net10.0/Unfold.Tests.dll" adapterTypeName="executor://xunit/VsTestRunner3/netcore/" className="Unfold.Tests.PetHoverTests" name="CursorPollingRequiresANonzeroWindowsNativeHandle" />
    </UnitTest>
    <UnitTest name="Unfold.Tests.PetHoverTests.HoverWindowMovesOnlyAfterThePetVisualHasItsNewOffset(direction: Bottom)" storage="/users/hwanghyeonseong/.codex/worktrees/beta-v1-1-0/unfold/tests/unfold.tests/bin/release/net10.0/unfold.tests.dll" id="a1eccb7b-65fa-6431-42d3-b34f13c4c64f">
      <Execution id="36948a83-62d9-4f82-a627-339a419a1b68" />
      <TestMethod codeBase="/Users/hwanghyeonseong/.codex/worktrees/beta-v1-1-0/Unfold/Tests/Unfold.Tests/bin/Release/net10.0/Unfold.Tests.dll" adapterTypeName="executor://xunit/VsTestRunner3/netcore/" className="Unfold.Tests.PetHoverTests" name="HoverWindowMovesOnlyAfterThePetVisualHasItsNewOffset" />
    </UnitTest>
    <UnitTest name="Unfold.Tests.PetClickThroughTests.MacInputRequiresARealNativeWindow(descriptor: &quot;NSWindow&quot;, value: 0, expected: False)" storage="/users/hwanghyeonseong/.codex/worktrees/beta-v1-1-0/unfold/tests/unfold.tests/bin/release/net10.0/unfold.tests.dll" id="bc0b1a50-d727-cacb-cb8a-51a91452dc2f">
      <Execution id="923aaacf-50bb-4e6e-a212-c9910d8f4740" />
      <TestMethod codeBase="/Users/hwanghyeonseong/.codex/worktrees/beta-v1-1-0/Unfold/Tests/Unfold.Tests/bin/Release/net10.0/Unfold.Tests.dll" adapterTypeName="executor://xunit/VsTestRunner3/netcore/" className="Unfold.Tests.PetClickThroughTests" name="MacInputRequiresARealNativeWindow" />
    </UnitTest>
    <UnitTest name="Unfold.Tests.PetHoverTests.CursorPollingRequiresANonzeroWindowsNativeHandle(descriptor: &quot;HWND&quot;, value: 0, expected: False)" storage="/users/hwanghyeonseong/.codex/worktrees/beta-v1-1-0/unfold/tests/unfold.tests/bin/release/net10.0/unfold.tests.dll" id="61a7fcc5-dcae-801b-25ad-ae01360b6541">
      <Execution id="9cfd673c-d3b9-452a-9011-2a9b1b760396" />
      <TestMethod codeBase="/Users/hwanghyeonseong/.codex/worktrees/beta-v1-1-0/Unfold/Tests/Unfold.Tests/bin/Release/net10.0/Unfold.Tests.dll" adapterTypeName="executor://xunit/VsTestRunner3/netcore/" className="Unfold.Tests.PetHoverTests" name="CursorPollingRequiresANonzeroWindowsNativeHandle" />
    </UnitTest>
    <UnitTest name="Unfold.Tests.PetHoverTests.HoverWindowMovesOnlyAfterThePetVisualHasItsNewOffset(direction: Right)" storage="/users/hwanghyeonseong/.codex/worktrees/beta-v1-1-0/unfold/tests/unfold.tests/bin/release/net10.0/unfold.tests.dll" id="7be37723-653b-2a00-1582-5f212c36e0ea">
      <Execution id="f6b158ce-fc3b-4536-b56e-80e18214484c" />
      <TestMethod codeBase="/Users/hwanghyeonseong/.codex/worktrees/beta-v1-1-0/Unfold/Tests/Unfold.Tests/bin/Release/net10.0/Unfold.Tests.dll" adapterTypeName="executor://xunit/VsTestRunner3/netcore/" className="Unfold.Tests.PetHoverTests" name="HoverWindowMovesOnlyAfterThePetVisualHasItsNewOffset" />
    </UnitTest>
    <UnitTest name="Unfold.Tests.PetHoverTests.RepeatedClicksDoNotResizeOrMoveTheHoverWindow(original: False)" storage="/users/hwanghyeonseong/.codex/worktrees/beta-v1-1-0/unfold/tests/unfold.tests/bin/release/net10.0/unfold.tests.dll" id="b7647d16-5b47-e669-3377-b6d421cf86bb">
      <Execution id="2f78150f-49c1-4ff9-a81f-d70552be0811" />
      <TestMethod codeBase="/Users/hwanghyeonseong/.codex/worktrees/beta-v1-1-0/Unfold/Tests/Unfold.Tests/bin/Release/net10.0/Unfold.Tests.dll" adapterTypeName="executor://xunit/VsTestRunner3/netcore/" className="Unfold.Tests.PetHoverTests" name="RepeatedClicksDoNotResizeOrMoveTheHoverWindow" />
    </UnitTest>
    <UnitTest name="Unfold.Tests.PetHoverTests.HoverFitsAtEveryMonitorCornerWithoutMovingThePet(scale: 1, size: 96)" storage="/users/hwanghyeonseong/.codex/worktrees/beta-v1-1-0/unfold/tests/unfold.tests/bin/release/net10.0/unfold.tests.dll" id="6af71f90-3617-1cd3-6157-909f4ad541b2">
      <Execution id="b2a3a6e8-95d7-493e-b9f1-7fdfb6606f80" />
      <TestMethod codeBase="/Users/hwanghyeonseong/.codex/worktrees/beta-v1-1-0/Unfold/Tests/Unfold.Tests/bin/Release/net10.0/Unfold.Tests.dll" adapterTypeName="executor://xunit/VsTestRunner3/netcore/" className="Unfold.Tests.PetHoverTests" name="HoverFitsAtEveryMonitorCornerWithoutMovingThePet" />
    </UnitTest>
    <UnitTest name="Unfold.Tests.PetHoverTests.HoverWindowMovesOnlyAfterThePetVisualHasItsNewOffset(direction: Left)" storage="/users/hwanghyeonseong/.codex/worktrees/beta-v1-1-0/unfold/tests/unfold.tests/bin/release/net10.0/unfold.tests.dll" id="507ff52c-1190-ff45-300f-e2e0deaca1a9">
      <Execution id="1b3d7893-475f-4491-9e6c-f924230cfa88" />
      <TestMethod codeBase="/Users/hwanghyeonseong/.codex/worktrees/beta-v1-1-0/Unfold/Tests/Unfold.Tests/bin/Release/net10.0/Unfold.Tests.dll" adapterTypeName="executor://xunit/VsTestRunner3/netcore/" className="Unfold.Tests.PetHoverTests" name="HoverWindowMovesOnlyAfterThePetVisualHasItsNewOffset" />
    </UnitTest>
  </TestDefinitions>
  <TestEntries>
    <TestEntry testId="209db283-3536-3d1f-7574-6c46b02b19ad" executionId="19dcfe5c-cf5d-4694-a300-36de71b7d8fa" testListId="8c84fa94-04c1-424b-9868-57a2d4851a1d" />
    <TestEntry testId="f711a0ee-3f48-55ba-9bf7-1853a9757238" executionId="b9bd30a9-e9fc-49a2-9c31-92032255d430" testListId="8c84fa94-04c1-424b-9868-57a2d4851a1d" />
    <TestEntry testId="a1eccb7b-65fa-6431-42d3-b34f13c4c64f" executionId="36948a83-62d9-4f82-a627-339a419a1b68" testListId="8c84fa94-04c1-424b-9868-57a2d4851a1d" />
    <TestEntry testId="858ef1e5-45c6-5bff-8573-fa9167adbe78" executionId="9e6f0ef5-f65a-4942-94bd-3701c2b9e681" testListId="8c84fa94-04c1-424b-9868-57a2d4851a1d" />
    <TestEntry testId="8ba4b042-8776-b2db-9f19-2c3030f02a77" executionId="bcdd7964-4d27-4327-a487-39929a097f5d" testListId="8c84fa94-04c1-424b-9868-57a2d4851a1d" />
    <TestEntry testId="e800fad4-cfa2-707c-458d-8e31a315ed49" executionId="9fb7c248-8ab7-4f16-90ea-29652a843870" testListId="8c84fa94-04c1-424b-9868-57a2d4851a1d" />
    <TestEntry testId="b1e7a139-d9d9-8e8f-8498-412ff1a08baf" executionId="f4243f01-590b-484e-8483-c4998ce041a6" testListId="8c84fa94-04c1-424b-9868-57a2d4851a1d" />
    <TestEntry testId="ca50678b-5159-c5ef-3da6-f069222a9987" executionId="e09c3199-80e6-4a89-8bf5-c0bfb75a351a" testListId="8c84fa94-04c1-424b-9868-57a2d4851a1d" />
    <TestEntry testId="ef0c72a6-3488-1f29-59c3-321de3d6b643" executionId="feecf61d-4968-4d93-893a-9705406c5c84" testListId="8c84fa94-04c1-424b-9868-57a2d4851a1d" />
    <TestEntry testId="a1e9bb70-15de-1bd7-e4cd-2ae78dcc72b5" executionId="b098e55d-ea2c-4af4-8933-4e2988e10ef1" testListId="8c84fa94-04c1-424b-9868-57a2d4851a1d" />
    <TestEntry testId="b7d84f69-7180-fd6c-5399-6354c0c8376e" executionId="b70a737a-8bee-47eb-a44a-48803ca76bc2" testListId="8c84fa94-04c1-424b-9868-57a2d4851a1d" />
    <TestEntry testId="d8a7ad2f-a209-e41e-4f64-103ab2dd7ab0" executionId="bc10595a-ca95-44ff-b60a-c60020a04c4b" testListId="8c84fa94-04c1-424b-9868-57a2d4851a1d" />
    <TestEntry testId="b7647d16-5b47-e669-3377-b6d421cf86bb" executionId="2f78150f-49c1-4ff9-a81f-d70552be0811" testListId="8c84fa94-04c1-424b-9868-57a2d4851a1d" />
    <TestEntry testId="36fb043c-c0a5-601a-b1c5-c3b1cb9aec59" executionId="8ddccbc9-eec2-4e47-bc23-b4db80601f36" testListId="8c84fa94-04c1-424b-9868-57a2d4851a1d" />
    <TestEntry testId="507ff52c-1190-ff45-300f-e2e0deaca1a9" executionId="1b3d7893-475f-4491-9e6c-f924230cfa88" testListId="8c84fa94-04c1-424b-9868-57a2d4851a1d" />
    <TestEntry testId="ff44931f-2356-80af-9739-1d5bd5698924" executionId="741c3f4c-3f3c-4474-84ec-93f939dbfab2" testListId="8c84fa94-04c1-424b-9868-57a2d4851a1d" />
    <TestEntry testId="28bf5f89-69a6-2f0e-5117-f949418f9186" executionId="fa57ae51-fcd7-46e1-9a5b-beb308306d62" testListId="8c84fa94-04c1-424b-9868-57a2d4851a1d" />
    <TestEntry testId="c56b4e51-b2b3-0c03-8699-76f969a8eac1" executionId="52c939f8-c352-4914-8fb6-953de3ed9646" testListId="8c84fa94-04c1-424b-9868-57a2d4851a1d" />
    <TestEntry testId="a1ea9808-7025-716f-c478-fbd24cb7337f" executionId="e14f123f-0608-410a-95b3-6c489acb4627" testListId="8c84fa94-04c1-424b-9868-57a2d4851a1d" />
    <TestEntry testId="7be37723-653b-2a00-1582-5f212c36e0ea" executionId="f6b158ce-fc3b-4536-b56e-80e18214484c" testListId="8c84fa94-04c1-424b-9868-57a2d4851a1d" />
    <TestEntry testId="2f062efd-1c0a-817d-dfc5-681c50b013e7" executionId="d85b3a60-2e0d-4d6e-98df-a958783eb99a" testListId="8c84fa94-04c1-424b-9868-57a2d4851a1d" />
    <TestEntry testId="c7741de6-8e03-74de-162a-42c2cb7d0350" executionId="bdd7008d-4a86-4a0d-97c9-b70b7d7daeb5" testListId="8c84fa94-04c1-424b-9868-57a2d4851a1d" />
    <TestEntry testId="ce198e5a-79ed-d4c8-0b27-95afad401980" executionId="db3a1fab-ca1e-403e-b781-c9434d8ff147" testListId="8c84fa94-04c1-424b-9868-57a2d4851a1d" />
    <TestEntry testId="1156c7f0-a957-f5d6-1dbc-d401208fe8f8" executionId="6b7f5a1d-ee4e-4f94-8661-b4ecff142c61" testListId="8c84fa94-04c1-424b-9868-57a2d4851a1d" />
    <TestEntry testId="6af71f90-3617-1cd3-6157-909f4ad541b2" executionId="b2a3a6e8-95d7-493e-b9f1-7fdfb6606f80" testListId="8c84fa94-04c1-424b-9868-57a2d4851a1d" />
    <TestEntry testId="6cd0f131-358f-23ce-e115-4a3d14927e55" executionId="f61d1886-fca3-4398-a5db-7aacac8fd4c8" testListId="8c84fa94-04c1-424b-9868-57a2d4851a1d" />
    <TestEntry testId="6bc89ae7-e7e8-f36b-55e3-9e77106a6787" executionId="99bf4c18-6a14-44a2-95a0-deae99a23c8d" testListId="8c84fa94-04c1-424b-9868-57a2d4851a1d" />
    <TestEntry testId="1ac4a4f9-1c07-ebfa-cc47-4fea8de725c2" executionId="9fea5085-0a43-43ce-9469-0bbb42487899" testListId="8c84fa94-04c1-424b-9868-57a2d4851a1d" />
    <TestEntry testId="2550bbfd-1af2-c33e-a3a3-8aeb15a72a6e" executionId="39fdc08d-5038-4c86-8e80-da14a3601143" testListId="8c84fa94-04c1-424b-9868-57a2d4851a1d" />
    <TestEntry testId="0e5651d4-b151-b8f2-b851-502b954d5480" executionId="e5e9646c-74a4-4f44-98ad-e9414bc3c1b7" testListId="8c84fa94-04c1-424b-9868-57a2d4851a1d" />
    <TestEntry testId="bc0b1a50-d727-cacb-cb8a-51a91452dc2f" executionId="923aaacf-50bb-4e6e-a212-c9910d8f4740" testListId="8c84fa94-04c1-424b-9868-57a2d4851a1d" />
    <TestEntry testId="7f5a63b1-3c0f-0be1-5976-b28c30f69f48" executionId="8f5bec5d-fe54-438e-8938-2cb03e2d1ab8" testListId="8c84fa94-04c1-424b-9868-57a2d4851a1d" />
    <TestEntry testId="c0242da2-1514-f8c6-56c5-11efa016a499" executionId="f64290b1-707f-41c6-86fe-d70705ab39a9" testListId="8c84fa94-04c1-424b-9868-57a2d4851a1d" />
    <TestEntry testId="61a7fcc5-dcae-801b-25ad-ae01360b6541" executionId="9cfd673c-d3b9-452a-9011-2a9b1b760396" testListId="8c84fa94-04c1-424b-9868-57a2d4851a1d" />
    <TestEntry testId="203d6de7-496a-9ff9-1826-7876eab96400" executionId="205d6d1d-1f61-4e4f-b346-8f467809ea79" testListId="8c84fa94-04c1-424b-9868-57a2d4851a1d" />
    <TestEntry testId="7a9cbd22-d4c1-4969-ecee-8debe260ace7" executionId="71330abd-8cfb-49bb-8e72-ce644e1c50eb" testListId="8c84fa94-04c1-424b-9868-57a2d4851a1d" />
  </TestEntries>
  <TestLists>
    <TestList name="목록에 없는 결과" id="8c84fa94-04c1-424b-9868-57a2d4851a1d" />
    <TestList name="로드된 모든 결과" id="19431567-8539-422a-85d7-44ee4e166bda" />
  </TestLists>
  <ResultSummary outcome="Completed">
    <Counters total="36" executed="36" passed="36" failed="0" error="0" timeout="0" aborted="0" inconclusive="0" passedButRunAborted="0" notRunnable="0" notExecuted="0" disconnected="0" warning="0" completed="0" inProgress="0" pending="0" />
    <Output>
      <StdOut>[xUnit.net 00:00:00.00] xUnit.net VSTest Adapter v3.1.4+50e68bbb8b (64-bit .NET 10.0.12)
[xUnit.net 00:00:00.19]   Discovering: Unfold.Tests
[xUnit.net 00:00:00.45]   Discovered:  Unfold.Tests
[xUnit.net 00:00:00.92]   Starting:    Unfold.Tests
[xUnit.net 00:00:02.83]   Finished:    Unfold.Tests
</StdOut>
    </Output>
  </ResultSummary>
</TestRun>